# A3 carrier reachability scan -- GRUNT cut, -18 dBFS, drives [0.0, 0.5, 1.0]
# TARGET = mean |OD| lift over [101, 127, 160, 202, 254, 403, 508] Hz; the defect asks for +5.91 dB there.
# SIDE   = max |change| over [1016, 1613, 2560, 4064, 6451, 10240] Hz; budget 1.0 dB (session 49).

element              loc        value    LIFT    SIDE      LF     MID   shape  drvspr 
(shipped)                           -    0.00    0.00    0.00    0.00    2.25       - <- A3 as it stands

clipC15              post       1e-09   -2.27    0.10  -11.61   -7.65    4.66    0.00   
clipC15              post     2.2e-09   -0.55    0.02   -5.31   -2.70    3.17    0.00   
clipC15              post     5.2e-09   +0.00    0.00   +0.00   +0.00    2.25    0.00  *
clipC15              post     1.2e-08   +0.11    0.00   +2.53   +0.75    2.18    0.00   
clipC15              post     3.3e-08   +0.13    0.00   +3.33   +0.91    2.24    0.00   
clipC15              post       1e-07   +0.14    0.00   +3.45   +0.94    2.25    0.00   

btC17                post       8e-09   +7.11    2.93   +0.62   +2.20    3.43    0.00   (lift, but SIDE 2.9 dB)
btC17                post       1e-08   +5.90    1.83   +0.56   +1.95    2.97    0.00   (lift, but SIDE 1.8 dB)
btC17                post     1.5e-08   +3.19    1.41   +0.37   +1.20    2.28    0.00   (lift, but SIDE 1.4 dB)
btC17                post     2.2e-08   +0.00    0.00   +0.00   +0.00    2.25    0.00  *
btC17                post     4.7e-08   -8.00    2.72   -1.78   -4.11    4.45    0.00   

btC16                post     3.3e-10   +0.87   12.18   +0.03   +0.09    1.97    0.00   
btC16                post     6.8e-10   +0.00    0.00   +0.00   +0.00    2.25    0.00  *
btC16                post     1.5e-09   -0.75    9.35   -0.06   -0.21    2.32    0.00   
btC16                post     3.3e-09   +0.75   15.68   -0.20   -0.63    2.49    0.00   

btR22                post     4.7e+04   +5.79    3.96   +0.56   +1.95    2.93    0.00   (lift, but SIDE 4.0 dB)
btR22                post       1e+05   +0.00    0.00   +0.00   +0.00    2.25    0.00  *
btR22                post     2.2e+05   -7.15    2.95   -1.95   -4.41    3.34    0.00   

btR23                post       1e+04   +1.11   12.85   +0.01   +0.05    1.91    0.00   (lift, but SIDE 12.9 dB)
btR23                post     3.3e+04   +0.00    0.00   +0.00   +0.00    2.25    0.00  *
btR23                post       1e+05   -1.60   12.30   -0.03   -0.15    3.01    0.00   

trebleC7             pre      2.2e-10   -4.60    0.75   -9.68   -8.90    2.81    6.75   
trebleC7             pre      6.8e-10   +0.00    0.00   +0.00   +0.00    2.25    0.00  *
trebleC7             pre      1.5e-09   +1.40    0.69   +6.37   +4.13    3.39    4.03   <== REACHES
trebleC7             pre      3.3e-09   +1.87    0.65  +11.20   +6.08    4.72    5.80   <== REACHES
trebleC7             pre        1e-08   +2.00    0.06  +13.84   +6.77    5.57    6.37   <== REACHES
trebleC7             pre        1e-07   +2.02    0.24  +14.32   +6.88    5.74    6.45   <== REACHES

trebleLadderDampR    pre            0   -1.48    2.61   +0.29   +0.43    3.05    6.13   
trebleLadderDampR    pre        1e+04   -1.34    0.62   +0.18   +0.24    2.81    4.95   
trebleLadderDampR    pre        3e+04   +0.00    0.00   +0.00   +0.00    2.25    0.00  *
trebleLadderDampR    pre        1e+05   +2.33    1.42   -0.33   +0.21    2.57    8.72   (lift, but SIDE 1.4 dB)
trebleLadderDampR    pre        1e+06   +4.79    6.51   +1.31   +3.04    3.16   12.31   (lift, but SIDE 6.5 dB)

clipC11              pre        1e-09   -8.33    9.68  -11.34  -10.90    2.22   10.80   
clipC11              pre      2.2e-09   -2.95    3.68   -4.49   -4.10    2.16    4.33   
clipC11              pre     3.69e-09   +0.00    0.00   +0.00   +0.00    2.25    0.00  *
clipC11              pre        1e-08   +4.50    1.34   +8.45   +6.38    3.19    8.50   (lift, but SIDE 1.3 dB)
clipC11              pre      4.7e-08   +6.90    4.09  +19.01  +13.12    6.16   19.02   (lift, but SIDE 4.1 dB)

clipR16              pre         1000   +0.02    6.87   +0.00   +0.00    2.24    0.11   
clipR16              pre         3300   +0.01    2.99   +0.00   +0.00    2.24    0.07   
clipR16              pre         6800   +0.00    0.00   +0.00   +0.00    2.25    0.00  *
clipR16              pre      1.5e+04   -0.04    2.11   -0.00   -0.00    2.26    0.19   
clipR16              pre      3.3e+04   -0.18   13.72   -0.00   -0.01    2.32    0.80   

clipA0               pre           15   -0.23    3.40   -0.22   -0.22    2.27    0.56   
clipA0               pre           20   -0.09    2.19   -0.08   -0.08    2.26    0.21   
clipA0               pre        24.87   +0.00    0.00   +0.00   +0.00    2.25    0.00  *
clipA0               pre           30   +0.06    2.27   +0.06   +0.06    2.24    0.21   
clipA0               pre           40   +0.10    8.32   +0.13   +0.13    2.25    1.01   

clipSatLo            pre         0.22   -1.08    7.81   -0.05   -0.65    2.42    2.61   
clipSatLo            pre       0.4377   +0.00    0.00   +0.00   +0.00    2.25    0.00  *
clipSatLo            pre          0.9   +1.08    4.42   +0.00   +0.31    2.18    3.17   (lift, but SIDE 4.4 dB)
clipSatLo            pre          1.8   +1.80    7.84   +0.00   +0.32    2.12    6.63   (lift, but SIDE 7.8 dB)

clipSatHi            pre          0.3   -1.25    6.71   -0.01   -0.60    2.51    4.76   
clipSatHi            pre       0.5979   +0.00    0.00   +0.00   +0.00    2.25    0.00  *
clipSatHi            pre          1.2   +1.08    8.94   +0.00   +0.13    2.15    3.64   (lift, but SIDE 8.9 dB)
clipSatHi            pre          2.4   +1.59    3.92   +0.00   +0.14    2.06    7.04   (lift, but SIDE 3.9 dB)

clipK                pre          1.5   -0.10    3.31   -0.01   -0.09    2.26    0.52   
clipK                pre        2.465   +0.00    0.00   +0.00   +0.00    2.25    0.00  *
clipK                pre            4   +0.03    3.86   +0.00   +0.03    2.24    0.27   

jfetGm               pre        5e-05   -3.64   10.91   -5.25   -4.72    2.27    5.70   
jfetGm               pre       0.0001   +0.00    0.00   +0.00   +0.00    2.25    0.00  *
jfetGm               pre       0.0002   +2.81    7.71   +4.63   +3.49    2.47    6.00   (lift, but SIDE 7.7 dB)
jfetGm               pre       0.0004   +4.68    2.26   +8.26   +5.85    2.82    9.71   (lift, but SIDE 2.3 dB)

jfetExpandBeta       pre            0   -0.02    0.35   -0.00   -0.01    2.25    0.05   
jfetExpandBeta       pre       0.4628   +0.00    0.00   +0.00   +0.00    2.25    0.00  *
jfetExpandBeta       pre          1.5   +0.04    0.73   +0.00   +0.01    2.24    0.12   
jfetExpandBeta       pre            4   +0.14    0.23   +0.01   +0.04    2.23    0.39   

jfetCeilPos          pre            1   -0.00    0.84   -0.00   -0.00    2.25    0.00   
jfetCeilPos          pre        2.011   +0.00    0.00   +0.00   +0.00    2.25    0.00  *
jfetCeilPos          pre            4   +0.00    0.91   -0.00   +0.00    2.25    0.00   

jfetCeilNeg          pre         0.33   -0.01    0.77   -0.00   -0.00    2.25    0.02   
jfetCeilNeg          pre       0.6574   +0.00    0.00   +0.00   +0.00    2.25    0.00  *
jfetCeilNeg          pre          1.3   +0.00    0.84   +0.00   +0.00    2.25    0.00   

railPos              pre            2   +0.00    0.00   +0.00   +0.00    2.25    0.00   
railPos              pre          2.7   +0.00    0.00   +0.00   +0.00    2.25    0.00  *
railPos              pre            4   +0.00    0.00   +0.00   +0.00    2.25    0.00   
railPos              pre         1000   +0.00    0.00   +0.00   +0.00    2.25    0.00   

railNeg              pre          2.2   +0.00    0.00   +0.00   +0.00    2.25    0.00   
railNeg              pre          2.9   +0.00    0.00   +0.00   +0.00    2.25    0.00  *
railNeg              pre          4.2   +0.00    0.00   +0.00   +0.00    2.25    0.00   
railNeg              pre         1000   +0.00    0.00   +0.00   +0.00    2.25    0.00   

=== settings that lift the target span at all (LIFT > +1 dB) ===
  btR23                post       1e+04  lift  +1.11  side 12.85  shape  1.91  (resid  5.15)
  clipSatHi            pre          2.4  lift  +1.59  side  3.92  shape  2.06  (resid  4.98)
  clipSatLo            pre          1.8  lift  +1.80  side  7.84  shape  2.12  (resid  4.88)
  clipSatHi            pre          1.2  lift  +1.08  side  8.94  shape  2.15  (resid  5.25)
  clipSatLo            pre          0.9  lift  +1.08  side  4.42  shape  2.18  (resid  5.23)
  btC17                post     1.5e-08  lift  +3.19  side  1.41  shape  2.28  (resid  4.09)
  jfetGm               pre       0.0002  lift  +2.81  side  7.71  shape  2.47  (resid  3.11)
  trebleLadderDampR    pre        1e+05  lift  +2.33  side  1.42  shape  2.57  (resid  4.96)
  jfetGm               pre       0.0004  lift  +4.68  side  2.26  shape  2.82  (resid  2.88)
  btR22                post     4.7e+04  lift  +5.79  side  3.96  shape  2.93  (resid  3.49)
  btC17                post       1e-08  lift  +5.90  side  1.83  shape  2.97  (resid  3.49)
  trebleLadderDampR    pre        1e+06  lift  +4.79  side  6.51  shape  3.16  (resid  3.70)
  clipC11              pre        1e-08  lift  +4.50  side  1.34  shape  3.19  (resid  3.26)
  trebleC7             pre      1.5e-09  lift  +1.40  side  0.69  shape  3.39  (resid  3.92)
  btC17                post       8e-09  lift  +7.11  side  2.93  shape  3.43  (resid  3.62)
  trebleC7             pre      3.3e-09  lift  +1.87  side  0.65  shape  4.72  (resid  4.72)
  trebleC7             pre        1e-08  lift  +2.00  side  0.06  shape  5.57  (resid  5.66)
  trebleC7             pre        1e-07  lift  +2.02  side  0.24  shape  5.74  (resid  5.86)
  clipC11              pre      4.7e-08  lift  +6.90  side  4.09  shape  6.16  (resid  8.84)
