=== 1. beta sweep (model bleed ships at -16.93 dB) ===
   beta   fit rms    score    floor   20log10 s at 20 / 50 / 254 / 508 Hz
 -20.00    0.5972    7.644   -10.59   -10.59  +2.50 +10.04 +10.83
 -19.75    0.5520    7.035    -7.25    -7.25  +2.52  +9.65 +10.33
 -19.50    0.5066    6.589    -5.66    -4.96  +2.53  +9.26  +9.83
 -19.25    0.4611    6.221    -4.79    -3.24  +2.54  +8.86  +9.31
 -19.00    0.4156    5.897    -4.04    -1.88  +2.54  +8.46  +8.78
 -18.75    0.3706    5.613    -3.39    -0.76  +2.55  +8.05  +8.23
 -18.50    0.3260    5.342    -0.15    +0.18  +2.55  +7.64  +7.66
 -18.25    0.2819    5.213    +0.99    +0.99  +2.56  +7.22  +7.20
 -18.00    0.2385    5.207    +1.69    +1.69  +2.57  +6.80  +7.61
 -17.75    0.1967    5.262    +2.58    +3.47  +2.58  +6.37  +7.99
 -17.50    0.1572    5.488    +2.59    +6.92  +2.59  +5.93  +8.32
 -17.25    0.1222    5.641    +2.61    +8.64  +2.61  +5.49  +8.61
 -17.00    0.0978    5.746    +2.63    +9.75  +2.63  +5.04  +8.86
 -16.75    0.0939    5.822    +2.65   +10.54  +2.65  +4.59  +9.09  <- fit_beta optimum
 -16.50    0.1122    5.896    +2.65   +11.14  +2.68  +4.39  +9.29
 -16.25    0.1443    5.978    +2.60   +11.62  +2.71  +4.41  +9.47
 -16.00    0.1845    6.046    +2.54   +12.00  +2.74  +4.45  +9.63
 -15.75    0.2295    6.102    +2.49   +12.32  +2.79  +4.47  +9.78
 -15.50    0.2773    6.149    +2.44   +12.58  +2.83  +4.49  +9.92
 -15.25    0.3268    6.188    +2.39   +12.81  +2.89  +4.52 +10.04
 -15.00    0.3777    6.223    +2.34   +13.01  +2.95  +4.54 +10.15
 -14.75    0.4295    6.252    +2.29   +13.17  +3.01  +4.55 +10.25
 -14.50    0.4823    6.280    +2.25   +13.32  +3.08  +4.57 +10.34
 -14.25    0.5362    6.300    +2.20   +13.45  +3.16  +4.58 +10.42
 -14.00    0.5911    6.312    +2.16   +13.56  +3.25  +4.59 +10.50

fit_beta optimum              = -16.75 dB   (rms 0.0939 dB)
identified (rms <= 0.144 dB)  = [-17.25, -16.50] dB   <- the capture floor
loose (rms <= opt + 0.25 dB)  = [-18.50, -15.25] dB
model's own bleed             = -16.93 dB

component robustness across the identified beta interval:
  C3  20 Hz    +8.64 .. +11.14 dB   (span 2.51)
  C1  50 Hz    +2.61 ..  +2.68 dB   (span 0.07)
  C2 254 Hz    +4.39 ..  +5.49 dB   (span 1.10)
  C2 508 Hz    +8.61 ..  +9.29 dB   (span 0.68)

=== 2. how much of the flat floor is beta? ===
At the fit optimum beta=-16.75 the curve's floor is +2.65 dB.
At the most generous beta the data permits (-15.25), it is +2.39 dB.
=> beta can account for at most 0.26 dB of the floor; +2.39 dB is a real
   broadband OD-level deficit that NO bleed level explains.

=== 3. component budget at the fitted beta (dB of |OD| lift needed) ===
  C1  broadband floor   (mean of [50, 64] Hz)      =  +2.68 dB
  C2  low-mid rise      (mean of 101-508 Hz) =  +3.20 dB on top of C1
  C3  LF rise           (20 Hz)              =  +7.86 dB on top of C1
      C3 slope 32->20 Hz                     =   9.18 dB/oct

  full curve:
       20  +10.54  ################################
       25   +6.87  #####################
       32   +4.31  #############
       40   +3.14  #########
       50   +2.65  ########
       64   +2.71  ########
       80   +3.55  ###########
      101   +4.40  #############
      127   +5.02  ###############
      160   +5.32  ################
      202   +5.12  ###############
      254   +4.59  ##############
      403   +7.62  #######################
      508   +9.09  ###########################

=== 4. score if each component alone were fixed perfectly ===
  as it stands                           5.822 dB
  C1 only (subtract the floor)           3.521 dB
  C2 only (flatten 101-508 to C1)        4.342 dB
  C3 only (flatten 20-32 to C1)          4.774 dB
  C1+C2                                  2.435 dB
  C1+C2+C3                               0.264 dB
