=== 1. SELF-CHECK: symbolic H(s) vs eq_reference.treble_attack_tf ===

  f(Hz)      dMag(dB)   dPhase(deg)
        40    0.000000     0.000000
       101   -0.000000     0.000000
       320    0.000000     0.000000
      1016   -0.000000    -0.000000
      5000   -0.000000    -0.000000
  => symbolic H MATCHES the oracle

=== 2. EXACT POLE/ZERO MAP OF THE SHIPPED TREBLE NETWORK (ATTACK flat) ===

  zeros (rad/s, and Hz where real):
           +0.0000        +0.0000j   |z|/2pi =       0.00 Hz
         -693.9496        +0.0000j   |z|/2pi =     110.45 Hz
         -956.1048     +1737.5416j   |z|/2pi =     315.64 Hz
         -956.1048     -1737.5416j   |z|/2pi =     315.64 Hz
  poles (rad/s):
         -237.6327        +0.0000j   |p|/2pi =      37.82 Hz
        -1125.4939        -0.0000j   |p|/2pi =     179.13 Hz
        -1199.7857        +0.0000j   |p|/2pi =     190.95 Hz
        -2028.6065        -0.0000j   |p|/2pi =     322.86 Hz

  RHP zero count: 0
  |A(jw)| deviation from 1 (must be ~0): 0.00e+00

  The SHIPPED network is MINIMUM PHASE — no all-pass lag at this setting.
  But one setting is not the question: CAN this topology be non-minimum-phase at
  all? A two-path cancellation is where RHP zeros come from, and the shipped state
  has trebleLadderDampR = 30k, which session 46 showed DESTROYS the notch. If some
  plausible ladder puts zeros in the RHP, the PEDAL could sit there while the model
  does not — so the refutation is only general if no setting does.

=== 3. CAN THE LADDER BE NON-MINIMUM-PHASE AT ANY PLAUSIBLE SETTING? ===

  sweeping 1215 ladder settings (RdampC5:5 x C5:3 x C9:3 x C6:3 x R12:3 x R14:3)
  settings with ANY right-half-plane zero: 92 of 1215
  best mean available lead over 40-1613 Hz: 18.9 deg
  at {'R7': 200000.0, 'R8': 470000.0, 'R11': 470000.0, 'R12': 1500.0, 'R13': 1000000.0, 'R14': 4700.0, 'C5': 2.2e-08, 'C9': 4.7e-09, 'C6': 2.2e-08, 'C7': 6.8e-10, 'RdampC5': 0.0}

=== 4. VERDICT ===
  => The topology CAN be non-minimum-phase. Report the settings and proceed to
     plumb the ladder; the pedal may sit in the RHP regime while the model does not.
