A3 correction network -- fitted to the MEASURED complex OD-path target.
sweep=sweep_drv_-18   fitted bands: 15 (identified, 40-1700 Hz, 320 Hz excluded)
⚠ EXCLUDED as UNRELIABLE, not as inconvenient: 20, 25, 32 Hz.
  `a3_blend_axis --validate` solves the MODEL's own totals, where the exact
  answer is known from the superposition taps. Read PER BAND instead of as
  its 40-1700 Hz mean, it says: 20 Hz +2.77 dB / theta 20.0 deg wrong;
  25 Hz -0.16 dB / 16.5 deg; 32 Hz -0.96 dB / 13.9 deg AND theta RAILED at
  180.0; then <=0.32 dB and <=2.0 deg at every band from 40 Hz to 1.6 kHz.
  ⚠ The published summary starts at 40 Hz, so it EXCLUDES the tool's own
  three worst bands -- and those three are exactly the ones carrying
  session 51's 'C3 is the dominant A3 term' claim. Re-run with --lo-hz 20
  to see them fight the fit.

=== 1. THE TARGET  H_req = G_ped / G_mdl ===
  |H| is unambiguous. The phase has TWO branches because the blend-axis solve
  returns |theta_ped| only (acos); theta_mdl is exact and signed.
  ⚠ That fold is PER BAND, so strictly there are 2^15 sign patterns. Treating it
  as ONE global sign is legitimate only while theta_ped stays clear of 0 and 180
  deg (a continuous phase can only change sign through one of those).
  CHECK: closest approach of theta_ped to either endpoint = 37.5 deg at 50 Hz
  => OK, the global-sign treatment holds.
     f  r_ped dB  r_mdl dB    |H| dB    th_mdl   +branch   -branch
    40    -19.41    -29.15     +9.75     170.3     -32.1     +51.5
    50    -18.61    -25.68     +7.06     146.1      -3.6     +71.4
    64    -17.35    -22.65     +5.30     119.2     +14.9    +106.8
    80    -15.79    -20.66     +4.87      95.3     +20.6    +148.8
   101    -14.31    -19.35     +5.04      71.5     +23.9    -166.8
   127    -13.22    -18.85     +5.63      49.7     +25.3    -124.7
   160    -12.65    -19.15     +6.50      30.5     +25.9     -87.0
   202    -12.62    -20.24     +7.62      15.9     +27.5     -59.2
   254    -13.68    -21.80     +8.12       8.7     +47.8     -65.3
   403    -17.12    -23.88     +6.76      10.2     +71.2     -91.7
   508    -17.66    -25.92     +8.26       5.7     +68.5     -79.9
   640    -18.96    -30.06    +11.11      12.3     +75.0     -99.5
   806    -18.37    -29.78    +11.42      46.3     +54.5    -147.1
  1016    -16.05    -24.96     +8.91      51.4     +45.2    -147.9
  1613    -11.51    -18.36     +6.85      14.8     +44.3     -74.0

=== 2a. WEAK INDICATOR -- magnitude-only fit, its own phase vs each branch ===
  ⚠ RANKS the branches only: a magnitude-only fit over 15 discrete bands can be
  phase-degenerate, so its absolute phase error is not a property of the target.
family                          mag rms +branch rms -branch rms
flat gain only (k)                1.997        43.9       107.6
k + 1 real shelf                  1.626        37.5       112.3
k + 2 real shelves                1.271        43.5       117.5
k + 1 biquad                      1.150        47.4       120.0
k + 1 shelf + 1 biquad            1.063        57.7       107.5
k + 2 biquads                     0.473        45.5       115.4
k + 1 shelf + 2 biquads           0.248        51.6       116.5
k + 2 shelves + 2 biquads         0.103        61.8       119.9
+TAIL: k + 1 shelf + 1 zero       1.626        37.5       112.3
+TAIL: k + 1 biquad + 1 zero      1.150        47.3       120.0
+TAIL: k + 1 shelf + 1 bq + 1 zero    1.030        56.8       112.7
+TAIL: k + 1 shelf + 2 bq + 2 zero    0.232        40.3       125.3

=== 2b. DECISIVE -- joint magnitude+phase fit on EACH branch ===
  A min-phase cascade has no freedom left once both magnitude and phase are in
  the cost. If one branch is fitted to the capture floor in magnitude AND to a
  few degrees in phase while the other cannot be, the branch is SELECTED by the
  data and the required correction IS approximately minimum-phase => realisable.
family                          npar   +branch (mag/phase)      -branch (mag/phase)   
flat gain only (k)                     1      1.997 dB /   43.9 deg      1.997 dB /  107.6 deg
k + 1 real shelf                       3      2.398 dB /   23.3 deg      3.705 dB /   89.4 deg
k + 2 real shelves                     5      2.205 dB /   23.5 deg      4.126 dB /   82.9 deg
k + 1 biquad                           5      2.436 dB /   23.5 deg      2.960 dB /   86.8 deg
k + 1 shelf + 1 biquad                 7      1.934 dB /   22.7 deg      4.853 dB /   72.7 deg
k + 2 biquads                          9      1.522 dB /   18.4 deg      4.373 dB /   67.9 deg
k + 1 shelf + 2 biquads               11      1.825 dB /   20.7 deg      4.397 dB /   65.9 deg
k + 2 shelves + 2 biquads             13      1.661 dB /   17.7 deg      3.877 dB /   52.9 deg
+TAIL: k + 1 shelf + 1 zero            4      2.173 dB /   22.6 deg      3.706 dB /   89.4 deg
+TAIL: k + 1 biquad + 1 zero           6      1.525 dB /   17.8 deg      2.961 dB /   86.8 deg
+TAIL: k + 1 shelf + 1 bq + 1 zero     8      1.476 dB /   16.7 deg      5.086 dB /   71.7 deg
+TAIL: k + 1 shelf + 2 bq + 2 zero    13      1.126 dB /   12.9 deg      4.772 dB /   60.7 deg

  best +branch: cost 1.211 (+TAIL: k + 1 shelf + 2 bq + 2 zero)   best -branch: cost 4.637 (k + 2 shelves + 2 biquads)
  => the data selects the + branch, by 3.8x in joint cost.
  ⚠ NEITHER branch is fitted jointly (best 1.126 dB / 12.9 deg). Either the
  phase measurement is untrustworthy at these bands, or the correction is
  NON-minimum-phase (a two-path cancellation), which no cascade of ordinary
  sections can supply. Do NOT ship a network from section 3 without
  resolving this -- the magnitude alone would then be a coincidence.

=== 2c. PARETO FRONTIER -- magnitude error vs phase error (selected branch) ===
  Richest family (+TAIL: k + 1 shelf + 2 bq + 2 zero), which INCLUDES unbounded
  rising tails, so a shortfall here cannot be blamed on a truncated tail.
    phase wt    mag rms     ph rms
        0.00      0.232       40.3
        0.02      0.351       30.6
        0.05      0.882       15.9
        0.10      1.126       12.9
        0.30      2.202        7.0
        1.00      4.799        3.3
        3.00      5.657        2.6
  best magnitude anywhere on the frontier: 0.232 dB
  best phase     anywhere on the frontier: 2.6 deg

  ⭐ READ THIS AS THE RESULT. Minimum phase is the MAXIMUM-LEAD realisation of
  a given magnitude (any other causal realisation is min-phase x an all-pass,
  and an all-pass only ADDS lag). So if the measured phase cannot be reached by
  a min-phase cascade that also matches the magnitude, NO causal linear element
  of ANY order can supply this target -- which is a stronger statement than
  session 50's reachability result (that ruled out the elements the model
  contains; this rules out the whole CLASS).

=== 2d. CAN THE PHASE MEASUREMENT'S KNOWN BIAS EXPLAIN THE SHORTFALL? ===
  The blend-axis quadratic gives Q = Re(g1) EXACTLY but r = sqrt(|g1|^2 + H)
  with H the band's harmonic power, so cos(theta) = Q/r is biased TOWARDS 90 deg
  and r is an UPPER BOUND on the fundamental. Correcting it moves theta away
  from 90 deg, which REDUCES the required lead over 127-640 Hz -- so it is a
  live explanation. Sizing it as the implied harmonic-to-fundamental power:
       f    th_ped th needed     d deg  implied H/P
      40     138.2     108.0     -30.1   impossible
      50     142.5      92.2     -50.3   impossible
      64     134.1      78.6     -55.4    sign flip
      80     115.9      69.9     -46.0    sign flip
     101      95.3      61.6     -33.7    sign flip
     127      75.0      50.7     -24.3          5.0
     160      56.5      36.6     -19.9          1.1
     202      43.3      22.4     -21.0          0.6
     254      56.6      14.1     -42.4          2.1
     403      81.4      24.8     -56.7         36.1
     508      74.2      33.5     -40.6          8.3
     640      87.3      38.6     -48.6        265.1
     806     100.8      53.4     -47.4    sign flip
    1016      96.6      56.0     -40.6    sign flip
    1613      59.2      44.0     -15.2          1.0

  'implied H/P' is the harmonic-to-fundamental POWER ratio the bias would need
  in order to reconcile the measurement with the min-phase fit. H/P = 0.1 is
  ~32%% THD; H/P = 1 is more harmonic power than fundamental. 'impossible' means
  the bias would have to act in the WRONG DIRECTION (deflate r), which harmonic
  power cannot do; 'sign flip' means no inflation of any size suffices.

  DELAY CHECK: best-fit pure delay -0.113 ms leaves 32.3 deg rms; a FLAT offset
  of -38.1 deg leaves 12.9 deg rms. Shortfall span -56.7 to -15.2 deg over a 40x
  frequency range => FLAT, not proportional to f: a delay-compensation mismatch on the OD path is
     EXCLUDED as the cause.
  => the bias CANNOT explain the shortfall at the bands that carry it.

=== 2e. FREE THE BLEED LEVEL -- does causality identify b0? ===
  scan: one family (k + 1 shelf + 1 biquad, 7 par) at each trial beta.
   beta dB       b0    mag rms     ph rms feasible
     -45.0   0.0056      1.459       11.7        Y
     -42.0   0.0079      1.455       11.8        Y
     -39.0   0.0112      1.450       11.9        Y
     -36.0   0.0158      1.446       12.1        Y
     -33.0   0.0224      1.443       12.3        Y
     -30.0   0.0316      1.445       12.7        Y
     -27.0   0.0447      1.461       13.2        Y
     -24.0   0.0631      1.507       14.0        Y
     -21.0   0.0891      1.541       15.3        Y
     -18.0   0.1259      1.444       17.6        Y
     -15.0   0.1778      2.678       25.3        Y
     -12.0   0.2512      3.686       36.6        Y
     -18.5   0.1189      1.418       17.4        Y
     -17.2   0.1372      1.854       21.9        Y
     -16.8   0.1454      1.982       23.2        Y
     -16.5   0.1496      2.054       24.0        Y

  best joint cost at beta = -45.00 dB (mag 1.459 dB, phase 11.7 deg)
  optimum is ⚠ ON THE SCAN EDGE (-45.0 dB) -- a bound-resting optimum is not an identification (the session-50 rule)
  cost spread over the three LOWEST beta points: 0.0047
  => SATURATED. As b0 -> 0 the target converges (c -> 1), so this direction
     is a DEGENERACY, not an identification: the fit improves toward a limit
     and never reaches realisability.

  WITHIN the independently ADMISSIBLE window beta in [-18.5, -16.5]
  (session 34 item 2 refutes beta <= -18.5 from magnitudes alone; session
  50 measures -16.75 [-17.25, -16.50]; LevelBlend's resistor arithmetic
  gives -16.93): best is beta -18.50 dB at mag 1.418 dB / phase 17.4 deg.
  ⇒ the bleed level CANNOT rescue realisability: inside the admissible
  window the fit is still 17.4 deg out, and the direction that would help
  is both degenerate AND excluded from outside.

=== 3. JOINT COMPLEX FIT on the selected branch (phase weighted 0.10 dB/deg) ===
family                              npar     cost   mag rms    ph rms      k dB  10kHz dB
flat gain only (k)                     1    3.413     1.997      43.9     +7.55     +7.55
k + 1 real shelf                       3    2.367     2.398      23.3    +26.02    +24.35
k + 2 real shelves                     5    2.279     2.205      23.5    +26.02    +22.92
k + 1 biquad                           5    2.394     2.436      23.5    +17.51    +17.37
k + 1 shelf + 1 biquad                 7    2.110     1.934      22.7    +26.02    +23.11
k + 2 biquads                          9    1.691     1.522      18.4    +26.02    +26.18
k + 1 shelf + 2 biquads               11    1.953     1.825      20.7    +12.99    +12.97
k + 2 shelves + 2 biquads             13    1.719     1.661      17.7    +26.02    +22.08
+TAIL: k + 1 shelf + 1 zero            4    2.215     2.173      22.6    +10.79    +25.45
+TAIL: k + 1 biquad + 1 zero           6    1.655     1.525      17.8    +26.02    +51.77
+TAIL: k + 1 shelf + 1 bq + 1 zero     8    1.578     1.476      16.7    +26.02    +51.66
+TAIL: k + 1 shelf + 2 bq + 2 zero    13    1.211     1.126      12.9     +0.41    +50.09

  Order selection: take the SIMPLEST family whose magnitude residual is at
  the capture floor (0.144 dB); extra sections beyond that are fitting noise.
    flat gain only (k)             mag 1.997 dB 
    k + 1 real shelf               mag 2.398 dB 
    k + 2 real shelves             mag 2.205 dB 
    k + 1 biquad                   mag 2.436 dB 
    k + 1 shelf + 1 biquad         mag 1.934 dB 
    k + 2 biquads                  mag 1.522 dB 
    k + 1 shelf + 2 biquads        mag 1.825 dB 
    k + 2 shelves + 2 biquads      mag 1.661 dB 
    +TAIL: k + 1 shelf + 1 zero    mag 2.173 dB 
    +TAIL: k + 1 biquad + 1 zero   mag 1.525 dB 
    +TAIL: k + 1 shelf + 1 bq + 1 zero mag 1.476 dB 
    +TAIL: k + 1 shelf + 2 bq + 2 zero mag 1.126 dB 

  ⛔ NO FAMILY REACHES THE CAPTURE FLOOR IN MAGNITUDE while matching the
  phase (best 1.126 dB at +TAIL: k + 1 shelf + 2 bq + 2 zero). The row below is the
  lowest-JOINT-COST fit and is printed for diagnosis ONLY -- it is NOT a
  candidate and must not be shipped. Read section 2c's frontier instead.
    k=1.0477 (+0.41 dB)  |  shelf: z 1.0 Hz / p 49.5 Hz  |  biquad: z 38.9 Hz Q1.17 / p 33.3 Hz Q12.00  |  biquad: z 1881.1 Hz Q12.00 / p 1383.4 Hz Q0.51  |  TAIL zero: 558.6 Hz (rises 6 dB/oct above it, unbounded)  |  TAIL zero: 558.6 Hz (rises 6 dB/oct above it, unbounded)

     f   |H| tgt   |H| fit      d dB    ph tgt    ph fit     d deg
    40     +9.75    +10.13     +0.38     -32.1     -27.1      +5.0
    50     +7.06     +5.57     -1.49      -3.6     -14.0     -10.4
    64     +5.30     +4.65     -0.65     +14.9      -4.3     -19.2
    80     +4.87     +4.72     -0.14     +20.6      -1.4     -22.0
   101     +5.04     +4.95     -0.09     +23.9      -1.7     -25.6
   127     +5.63     +5.13     -0.50     +25.3      -3.9     -29.2
   160     +6.50     +5.24     -1.26     +25.9      -7.1     -33.0
   202     +7.62     +5.26     -2.37     +27.5     -11.1     -38.6
   254     +8.12     +5.18     -2.94     +47.8     -15.9     -63.7
   403     +6.76     +4.63     -2.13     +71.2     -28.3     -99.5
   508     +8.26     +4.04     -4.22     +68.5     -36.2    -104.7
   640    +11.11     +3.10     -8.01     +75.0     -45.5    -120.5
   806    +11.42     +1.60     -9.82     +54.5     -56.1    -110.6
  1016     +8.91     -0.80     -9.71     +45.2     -67.5    -112.7
  1613     +6.85    -12.75    -19.59     +44.3     -83.2    -127.6

=== 4. REACH OUTSIDE THE FITTED BAND (the session-49 check) ===
  Every section -> 1 at HF, so above the highest corner the network is exactly
  the flat gain k. Predicted SIDE-monitor change and DC behaviour:
    1016:-0.80  1613:-12.75  2560:-8.34  4064:-2.55  6451:-0.72  10240:-0.03  16000:+0.23
    5:-11.23  10:-5.11  20:+2.47
  ⚠ The LF numbers below 20 Hz are EXTRAPOLATION -- no capture measures them.
  A section whose gain keeps climbing below the measurement floor is a
  subsonic-headroom risk in the plugin even if it is invisible in the matrix.

=== 5. IMPLEMENTATION (post-clipper, OS rate, after OdCoupling) ===
  --fit odCorrEnabled=1 --fit odCorrK=1.04774 --fit odCorrShelfZ=1 --fit odCorrShelfP=49.5276 --fit odCorrZ1f=38.8866 --fit odCorrZ1q=1.16732 --fit odCorrP1f=33.2598 --fit odCorrP1q=12 --fit odCorrZ2f=1881.09 --fit odCorrZ2q=12 --fit odCorrP2f=1383.4 --fit odCorrP2q=0.512525

  wrote build/a3_correction_target_sweep_drv_-18.csv
