========================================================================================================
CAN THE TWO-POLE ATTACK TOPOLOGY MATCH THE NULL'S WIDTH? -- a SHARED-element screen
========================================================================================================
  solver: attack_tap_screen.tf_tap (8-node, gated there to ~1e-14 dB)
  stats : attack_notch_probe.locate_notch -- ONE definition, shared with the render gate
  grid  : 0.25 Hz over 180-500 Hz for the null; the record's own bins for h

========================================================================================================
GATES
========================================================================================================
  A SOLVER      delegated to attack_tap_screen's own gate (not re-implemented here)
  B WIDTH       recover a SYNTHESISED notch of known half-depth width
         f0 Hz    depth     true w  recovered     err %
         320.0     16.0      88.34      88.35     +0.00
         320.0     33.0      11.77      11.77     +0.03
         330.0     16.0     131.65     131.66     +0.00
         300.0     20.0      43.21      43.21     +0.01
      => OK -- width is recovered to <5 %% at every synthesised null

  C CALIBRATION out-of-sample, BOTH directions between two very different C8=0
      ladders. A calibration tested where it was fitted proves nothing (session 43).
/Users/leighpierce/Git/Obsidian-B7000/analysis/analyze.py:24: WavFileWarning: Chunk (non-data) not understood, skipping it.
  sr, x = wavfile.read(path)
      from CAL : cut df0 +6.75 dep +0.81 kw 1.044 | boost df0 +2.03 dep +1.94 kw 0.971 | flat df0 +1.42 dep +0.24 kw 1.081
      from PROP: cut df0 -0.16 dep +0.32 kw 1.028 | boost df0 -0.38 dep -0.64 kw 1.124 | flat df0 -0.23 dep +0.06 kw 1.022
      CAL -> PROP throw  | f0 Hz pred/rend          | depth dB pred/rend       | width Hz pred/rend
                  cut    |  309.50 / 316.41 (-6.91) |   13.93 /  14.42 (-0.49) |  116.1 / 118.0 ( -1.6%)
                  boost  |  325.72 / 328.12 (-2.41) |   30.69 /  33.26 (-2.57) |   53.9 /  46.6 (+15.7%)
                  flat   |  332.33 / 333.98 (-1.66) |   15.61 /  15.79 (-0.18) |  129.1 / 136.6 ( -5.5%)
      PROP -> CAL throw  | f0 Hz pred/rend          | depth dB pred/rend       | width Hz pred/rend
                  cut    |  288.16 / 281.25 (+6.91) |   11.06 /  10.57 (+0.49) |   91.9 /  90.5 ( +1.6%)
                  boost  |  295.38 / 292.97 (+2.41) |   33.96 /  31.39 (+2.57) |   29.2 /  33.8 (-13.6%)
                  flat   |  300.48 / 298.83 (+1.66) |   18.18 /  18.00 (+0.18) |   77.5 /  73.3 ( +5.8%)
      => CHECK -- the calibration does NOT transfer well enough to fit ABSOLUTE width
                on. Treat the screen as a LEVER FINDER and land every value on
                attack_render_gate.py (which is the arbiter regardless).

  the requirement, in the screen's own units (f0 Hz / depth dB / width Hz):
      cut      316.25    15.25     80.1
      boost    327.75    32.07     30.4
      flat     333.75    16.07     73.5

========================================================================================================
GATE D SEARCH -- recover a target this family DEFINITIONALLY makes
========================================================================================================
  recovering a self-generated (f0, depth, width) triple x3: cost 0.10917  OK

========================================================================================================
THE BEST AVAILABLE POINT -- box SWEPT (see the docstring: fixing it at 3.0 was
justified by session 64's now-void calibration), f0 weighted hard, then the tap
re-fitted on the broadband ALONE.
========================================================================================================
  box  1.0 w_f0    1.0 | f0 rms  0.52 bins (spread  13.5 Hz) | width rms  0.55 | widths   74.5   30.8   78.2 | worst shared x8.63 | 0 on bound
  box  1.0 w_f0    3.0 | f0 rms  0.52 bins (spread  19.8 Hz) | width rms  0.97 | widths   67.4   29.4   70.0 | worst shared x7.33 | 0 on bound
  box  1.0 w_f0   10.0 | f0 rms  0.30 bins (spread  13.2 Hz) | width rms  0.56 | widths   76.9   33.1   73.8 | worst shared x8.33 | 0 on bound
  box  1.0 w_f0   30.0 | f0 rms  0.07 bins (spread  18.0 Hz) | width rms  0.82 | widths   74.0   32.4   81.0 | worst shared x7.59 | 0 on bound
  box  1.0 w_f0  100.0 | f0 rms  0.06 bins (spread  17.8 Hz) | width rms  1.27 | widths   90.3   32.2   86.0 | worst shared x4.62 | 0 on bound
  box  3.0 w_f0    1.0 | f0 rms  1.30 bins (spread   1.0 Hz) | width rms  0.60 | widths   75.4   32.8   71.1 | worst shared x516 | 0 on bound
  box  3.0 w_f0    3.0 | f0 rms  0.70 bins (spread   8.2 Hz) | width rms  0.41 | widths   78.5   31.1   78.2 | worst shared x790 | 0 on bound
  box  3.0 w_f0   10.0 | f0 rms  0.47 bins (spread  21.0 Hz) | width rms  1.23 | widths   74.8   30.3   88.4 | worst shared x305 | 0 on bound
  box  3.0 w_f0   30.0 | f0 rms  0.31 bins (spread  14.8 Hz) | width rms  1.17 | widths   73.6   34.2   83.6 | worst shared x120 | 0 on bound
  box  3.0 w_f0  100.0 | f0 rms  0.58 bins (spread  25.2 Hz) | width rms  3.53 | widths   34.3   35.0   84.8 | worst shared x472 | 0 on bound

  chosen (box = 1.0, w_f0 = 30), tap re-fitted on h alone (rms 3.571 x floor):
    throw  | f0 Hz got/want         | depth dB got/want      | width Hz got/want
    cut    |  316.00 / 316.25 (-0.25) |   15.19 /  15.25 (-0.06) |   72.7 /  80.1 ( -9.1%)
    boost  |  327.25 / 327.75 (-0.50) |   32.02 /  32.07 (-0.05) |   31.7 /  30.4 ( +4.1%)
    flat   |  334.25 / 333.75 (+0.50) |   15.90 /  16.07 (-0.18) |   79.3 /  73.5 ( +7.9%)
    h boost median  +8.54 (pedal  +8.65)  slope  +0.36 dB/dec
    h cut   median  -2.29 (pedal  -2.39)  slope  +0.74 dB/dec
    shared: R7 1.518e+06 (x7.59)  R12 2652 (x0.39)  R14 5.185e+04 (x2.36)  C5 9.93e-09 (x0.504)  C9 5.167e-09 (x0.235)  C6 1.064e-07 (x4.83)  C7 1.549e-10 (x0.228)
    Rd: cut 3859  boost 298.1  flat 3895
    C5: cut 1.279e-08  boost 1.201e-08  flat 1.143e-08
    tap: Ra 4.7e+04  Rb 6.641e+04  Rc 9893  R11 3.087e+04
    ⚠ ON A BOUND (unidentified, not a value): Ra

  as --fit (⚠ SCREEN units -- the RENDER is the arbiter, gate C says this screen is
  only a lever finder; land it with attack_render_gate.py --fits-json):
    --fit attackTapRa=47000 --fit attackTapRb=66413.8 --fit attackTapRc=9892.67 --fit attackTapR11=30874.6 --fit trebleR7=1.51801e+06 --fit trebleLadderR12=2651.84 --fit trebleLadderR14=51848.3 --fit trebleC9=5.16705e-09 --fit trebleC6=1.06359e-07 --fit trebleC7=1.54942e-10 --fit trebleC5=1.14299e-08 --fit attackC5TrimBoost=5.79203e-10 --fit attackC5TrimCut=1.35537e-09 --fit trebleLadderDampR=3894.66 --fit attackDampBoost=298.127 --fit attackDampCut=3859.4 --fit trebleC8=0

  wrote analysis/reports/s66_best.json
