========================================================================================================
CAN THE TWO-POLE ATTACK TOPOLOGY MATCH THE NULL'S WIDTH? -- a SHARED-element screen
========================================================================================================
  solver: attack_tap_screen.tf_tap (8-node, gated there to ~1e-14 dB)
  stats : attack_notch_probe.locate_notch -- ONE definition, shared with the render gate
  grid  : 0.25 Hz over 180-500 Hz for the null; the record's own bins for h

========================================================================================================
GATES
========================================================================================================
  A SOLVER      delegated to attack_tap_screen's own gate (not re-implemented here)
  B WIDTH       recover a SYNTHESISED notch of known half-depth width
         f0 Hz    depth     true w  recovered     err %
         320.0     16.0      88.34      88.35     +0.00
         320.0     33.0      11.77      11.77     +0.03
         330.0     16.0     131.65     131.66     +0.00
         300.0     20.0      43.21      43.21     +0.01
      => OK -- width is recovered to <5 %% at every synthesised null

  C CALIBRATION out-of-sample, BOTH directions between two very different C8=0
      ladders. A calibration tested where it was fitted proves nothing (session 43).
/Users/leighpierce/Git/Obsidian-B7000/analysis/analyze.py:24: WavFileWarning: Chunk (non-data) not understood, skipping it.
  sr, x = wavfile.read(path)
      from CAL : cut df0 +6.75 dep +0.81 kw 1.044 | boost df0 +2.03 dep +1.94 kw 0.971 | flat df0 +1.42 dep +0.24 kw 1.081
      from PROP: cut df0 -0.16 dep +0.32 kw 1.028 | boost df0 -0.38 dep -0.64 kw 1.124 | flat df0 -0.23 dep +0.06 kw 1.022
      CAL -> PROP throw  | f0 Hz pred/rend          | depth dB pred/rend       | width Hz pred/rend
                  cut    |  309.50 / 316.41 (-6.91) |   13.93 /  14.42 (-0.49) |  116.1 / 118.0 ( -1.6%)
                  boost  |  325.72 / 328.12 (-2.41) |   30.69 /  33.26 (-2.57) |   53.9 /  46.6 (+15.7%)
                  flat   |  332.33 / 333.98 (-1.66) |   15.61 /  15.79 (-0.18) |  129.1 / 136.6 ( -5.5%)
      PROP -> CAL throw  | f0 Hz pred/rend          | depth dB pred/rend       | width Hz pred/rend
                  cut    |  288.16 / 281.25 (+6.91) |   11.06 /  10.57 (+0.49) |   91.9 /  90.5 ( +1.6%)
                  boost  |  295.38 / 292.97 (+2.41) |   33.96 /  31.39 (+2.57) |   29.2 /  33.8 (-13.6%)
                  flat   |  300.48 / 298.83 (+1.66) |   18.18 /  18.00 (+0.18) |   77.5 /  73.3 ( +5.8%)
      => CHECK -- the calibration does NOT transfer well enough to fit ABSOLUTE width
                on. Treat the screen as a LEVER FINDER and land every value on
                attack_render_gate.py (which is the arbiter regardless).

  the requirement, in the screen's own units (f0 Hz / depth dB / width Hz):
      cut      316.25    15.25     80.1
      boost    327.75    32.07     30.4
      flat     333.75    16.07     73.5

========================================================================================================
GATE D SEARCH -- recover a target this family DEFINITIONALLY makes
========================================================================================================
  recovering a self-generated (f0, depth, width) triple x3: cost 0.10917  OK

========================================================================================================
THE BEST AVAILABLE POINT -- box 3.0 (the sweep showed 1.0 was still constraining),
f0 weighted hard, then the tap re-fitted on the broadband ALONE.
========================================================================================================
  w_f0   10.0 | f0 rms  0.47 bins (spread  21.0 Hz) | width rms  1.23 | widths   74.8   30.3   88.4
  w_f0   30.0 | f0 rms  0.31 bins (spread  14.8 Hz) | width rms  1.17 | widths   73.6   34.2   83.6
  w_f0  100.0 | f0 rms  0.58 bins (spread  25.2 Hz) | width rms  3.53 | widths   34.3   35.0   84.8

  chosen (w_f0 = 30), tap re-fitted on h alone (rms 3.516 x floor):
    throw  | f0 Hz got/want         | depth dB got/want      | width Hz got/want
    cut    |  318.25 / 316.25 (+2.00) |   15.06 /  15.25 (-0.19) |   73.6 /  80.1 ( -8.1%)
    boost  |  325.50 / 327.75 (-2.25) |   30.53 /  32.07 (-1.54) |   34.2 /  30.4 (+12.5%)
    flat   |  333.00 / 333.75 (-0.75) |   14.54 /  16.07 (-1.54) |   83.6 /  73.5 (+13.8%)
    h boost median  +8.55 (pedal  +8.65)  slope  +0.70 dB/dec
    h cut   median  -2.28 (pedal  -2.39)  slope  +0.77 dB/dec
    shared: R7 5.217e+06 (x26.1)  R12 1.278e+05 (x18.8)  R14 184 (x0.00836)  C5 2.162e-08 (x1.1)  C9 4.409e-10 (x0.02)  C6 6.038e-07 (x27.4)  C7 1.736e-11 (x0.0255)
    Rd: cut 51.4  boost 35.58  flat 1.242e+04
    C5: cut 3.324e-08  boost 1.792e-08  flat 2.716e-08
    tap: Ra 4.7e+04  Rb 1.379e+06  Rc 2.414e+05  R11 6.567e+05
    ⚠ ON A BOUND (unidentified, not a value): Ra
  ⚠ NOTE: flat is not the smallest C5, so trebleC5 is rebased on the smallest throw
    and the FLAT throw would need its own trim -- which FitParams does NOT have.
    That is a REALISABILITY gap in this candidate, recorded not hidden.

  as --fit (⚠ SCREEN units -- the RENDER is the arbiter, gate C says this screen is
  only a lever finder; land it with attack_render_gate.py --fits-json):
    --fit attackTapRa=47000 --fit attackTapRb=1.37897e+06 --fit attackTapRc=241359 --fit attackTapR11=656667 --fit trebleR7=5.21704e+06 --fit trebleLadderR12=127758 --fit trebleLadderR14=183.954 --fit trebleC9=4.40889e-10 --fit trebleC6=6.03807e-07 --fit trebleC7=1.73569e-11 --fit trebleC5=1.79217e-08 --fit attackC5TrimBoost=0 --fit attackC5TrimCut=1.53165e-08 --fit trebleLadderDampR=12419.3 --fit attackDampBoost=35.5824 --fit attackDampCut=51.3997 --fit trebleC8=0

========================================================================================================
GATE D SEARCH -- recover a target this family DEFINITIONALLY makes
========================================================================================================
  recovering a self-generated (f0, depth, width) triple x3: cost 0.10917  OK

========================================================================================================
⭐ THE FRONTIER -- can WIDTH be reached while the NOTCH TRIPLE is held? (tap PINNED:
   the census says it carries no notch information, so scoring it here only arbitrates)
========================================================================================================
    w_f0 |   f0 rms    width    depth | f0 cut/boost/flat Hz   | width cut/boost/flat Hz
         |   (bins)    (rms)    (rms) | want 316.2 327.8 333.8    | want  80.1  30.4  73.5
     0.0 |     3.64     0.00     0.00 |  311.0  304.5  305.5  |   80.1   30.4   73.5  (spread 6.5 Hz)
     0.3 |     0.89     0.56     0.31 |  313.2  324.2  326.0  |   72.4   30.6   73.1  (spread 12.8 Hz)
     1.0 |     0.52     0.55     0.85 |  316.5  330.0  329.0  |   74.5   30.8   78.2  (spread 13.5 Hz)
     3.0 |     0.52     0.97     0.43 |  313.0  323.8  332.8  |   67.4   29.4   70.0  (spread 19.8 Hz)
    10.0 |     0.30     0.56     0.85 |  318.8  327.5  332.0  |   76.9   33.1   73.8  (spread 13.2 Hz)
   100.0 |     0.06     1.27     2.30 |  316.2  327.2  334.0  |   90.3   32.2   86.0  (spread 17.8 Hz)

  required f0 spread = 17.50 Hz (the pedal's, session 61). The DRAWN topology gives
  0.00 Hz and session 61 found 0 of 782 random draws reproducing the pedal's pattern,
  so a fit that reaches the width by COLLAPSING the spread has given up the requirement
  that made the two-pole topology necessary in the first place -- read the spread column.

  BOX SWEEP at w_f0 = 1 (all 9 numbers scored equally, 13 free values):
       box |     cost   f0 rms    width    depth | on a bound
       0.5 |   1.1726     1.27     1.51     0.48 | C7
       1.0 |   0.6577     0.52     0.55     0.85 | -
       2.0 |   0.3807     0.25     0.54     0.29 | R7
       3.0 |   1.0273     1.30     0.60     1.06 | -
  ⇒ cost moves 0.7919 across 6x of box widening in EVERY one of 13 free values.
    NOT saturated -- the search is still finding room; do not call this unreachable yet.

========================================================================================================
⭐⭐ WHERE THE CONSTRAINT LIVES -- the ladder is scale-invariant, so a shape reachable at
   ANY frequency is reachable at the RIGHT one, UNLESS an unscalable cap is in the path.
   The only one is the J201 drain's Cp (Rp*Cp = R6*C3, corner ~220-720 Hz = in the notch
   region). ⚠ Freeing it is a DIAGNOSTIC, not a proposal: it is the JfetStage boundary.
========================================================================================================
  Cp FIXED (as shipped)      cost 0.6577 | f0 rms 0.52 bins  width rms 0.55  depth rms 0.85
                             f0  316.5  330.0  329.0 (spread 13.5)  width   74.5   30.8   78.2
  Cp scalable (DIAGNOSTIC)   cost 0.6577 | f0 rms 0.52 bins  width rms 0.58  depth rms 1.00
                             f0  316.8  330.0  329.0 (spread 13.2)  width   75.3   31.1   79.1   C3 x0.50
  want                       f0  316.2  327.8  333.8 (spread 17.5)  width   80.1   30.4   73.5

  ⇒ freeing Cp does NOT relieve the conflict (0.6577 -> 0.6577), so the constraint is
    NOT the J201 drain pole -- look elsewhere.

========================================================================================================
THE FIT -- SMALLEST STRUCTURE FIRST. 6 per-throw dof already exist (Rd, C5 x3),
so a family with FEWER free values than the 9 notch numbers is real evidence;
one with more hits them by construction and is reported as such.
========================================================================================================

  shared = {}                           (10 dof)
    cost 2.1717   (notch 2.2356, broadband 2.1059)   dof 10 vs 9 notch numbers
    throw  | f0 Hz  got / want      | depth dB  got / want   | width Hz  got / want
    cut    |  314.25 /  316.25 (-2.00) |   16.67 /   15.25 (+1.42) |   98.5 /   80.1 (+23.1%)
    boost  |  317.00 /  327.75 (-10.75) |   34.09 /   32.07 (+2.02) |   39.0 /   30.4 (+28.3%)
    flat   |  312.25 /  333.75 (-21.50) |   17.53 /   16.07 (+1.46) |   92.2 /   73.5 (+25.5%)
    h boost median  +8.45 (pedal  +8.65)   slope  -0.01 dB/dec
    h cut  median  -2.48 (pedal  -2.39)   slope  -0.13 dB/dec
    shared: 
    per throw Rd: cut 4711  boost 807  flat 4331
    per throw C5: cut 2.28e-08  boost 2.25e-08  flat 2.31e-08
    tap: Ra 4.71e+04  Rb 5.13e+04  Rc 7.89e+03  R11 2.37e+04
    ⚠ ON A BOUND (unidentified, not a value): Ra, Rb, Rc

  shared = {R12}                        (11 dof)
    cost 2.1713   (notch 2.2354, broadband 2.1051)   dof 11 vs 9 notch numbers
    throw  | f0 Hz  got / want      | depth dB  got / want   | width Hz  got / want
    cut    |  314.00 /  316.25 (-2.25) |   16.60 /   15.25 (+1.35) |   98.7 /   80.1 (+23.3%)
    boost  |  316.75 /  327.75 (-11.00) |   34.19 /   32.07 (+2.12) |   38.7 /   30.4 (+27.2%)
    flat   |  312.25 /  333.75 (-21.50) |   17.39 /   16.07 (+1.32) |   92.9 /   73.5 (+26.4%)
    h boost median  +8.46 (pedal  +8.65)   slope  +0.01 dB/dec
    h cut  median  -2.47 (pedal  -2.39)   slope  -0.12 dB/dec
    shared: R12 7.12e+03 (x1.05)
    per throw Rd: cut 4768  boost 681  flat 4401
    per throw C5: cut 2.18e-08  boost 2.16e-08  flat 2.22e-08
    tap: Ra 4.74e+04  Rb 5.16e+04  Rc 7.9e+03  R11 2.39e+04
    ⚠ ON A BOUND (unidentified, not a value): Ra, Rb, Rc

  shared = {C9}                         (11 dof)
    cost 2.1504   (notch 2.1900, broadband 2.1100)   dof 11 vs 9 notch numbers
    throw  | f0 Hz  got / want      | depth dB  got / want   | width Hz  got / want
    cut    |  316.75 /  316.25 (+0.50) |   16.67 /   15.25 (+1.42) |   99.5 /   80.1 (+24.3%)
    boost  |  318.50 /  327.75 (-9.25) |   34.04 /   32.07 (+1.97) |   39.3 /   30.4 (+29.1%)
    flat   |  314.25 /  333.75 (-19.50) |   17.33 /   16.07 (+1.26) |   93.9 /   73.5 (+27.7%)
    h boost median  +8.44 (pedal  +8.65)   slope  -0.01 dB/dec
    h cut  median  -2.50 (pedal  -2.39)   slope  -0.14 dB/dec
    shared: C9 1.86e-08 (x0.84)
    per throw Rd: cut 4682  boost 1926  flat 4381
    per throw C5: cut 2.51e-08  boost 2.48e-08  flat 2.56e-08
    tap: Ra 5.11e+04  Rb 5.45e+04  Rc 8.36e+03  R11 2.49e+04
    ⚠ ON A BOUND (unidentified, not a value): C5t flat, Rc

  shared = {R7}                         (11 dof)
    cost 2.1743   (notch 2.2340, broadband 2.1129)   dof 11 vs 9 notch numbers
    throw  | f0 Hz  got / want      | depth dB  got / want   | width Hz  got / want
    cut    |  313.75 /  316.25 (-2.50) |   16.55 /   15.25 (+1.30) |   98.6 /   80.1 (+23.2%)
    boost  |  317.50 /  327.75 (-10.25) |   34.08 /   32.07 (+2.02) |   39.2 /   30.4 (+28.9%)
    flat   |  312.25 /  333.75 (-21.50) |   17.38 /   16.07 (+1.31) |   92.9 /   73.5 (+26.4%)
    h boost median  +8.45 (pedal  +8.65)   slope  -0.03 dB/dec
    h cut  median  -2.50 (pedal  -2.39)   slope  -0.11 dB/dec
    shared: R7 1.97e+05 (x0.99)
    per throw Rd: cut 4592  boost 702  flat 4236
    per throw C5: cut 2.32e-08  boost 2.28e-08  flat 2.35e-08
    tap: Ra 4.74e+04  Rb 5.1e+04  Rc 7.89e+03  R11 2.34e+04
    ⚠ ON A BOUND (unidentified, not a value): Ra, Rb, Rc

  shared = {R12, C9}                    (12 dof)
    cost 2.0311   (notch 1.9357, broadband 2.1221)   dof 12 vs 9 notch numbers
    throw  | f0 Hz  got / want      | depth dB  got / want   | width Hz  got / want
    cut    |  316.50 /  316.25 (+0.25) |   16.34 /   15.25 (+1.09) |   95.8 /   80.1 (+19.7%)
    boost  |  318.25 /  327.75 (-9.50) |   34.07 /   32.07 (+2.01) |   37.2 /   30.4 (+22.4%)
    flat   |  314.75 /  333.75 (-19.00) |   17.06 /   16.07 (+0.99) |   90.7 /   73.5 (+23.5%)
    h boost median  +8.46 (pedal  +8.65)   slope  +0.03 dB/dec
    h cut  median  -2.50 (pedal  -2.39)   slope  -0.11 dB/dec
    shared: R12 1.14e+04 (x1.67)  C9 1.04e-08 (x0.47)
    per throw Rd: cut 3395  boost 328  flat 3039
    per throw C5: cut 2.44e-08  boost 2.41e-08  flat 2.48e-08
    tap: Ra 4.94e+04  Rb 5.25e+04  Rc 8.04e+03  R11 2.39e+04
    ⚠ ON A BOUND (unidentified, not a value): Ra, Rb, Rc

  shared = {R7, R12}                    (12 dof)
    cost 2.1755   (notch 2.2224, broadband 2.1276)   dof 12 vs 9 notch numbers
    throw  | f0 Hz  got / want      | depth dB  got / want   | width Hz  got / want
    cut    |  314.50 /  316.25 (-1.75) |   16.29 /   15.25 (+1.04) |  100.6 /   80.1 (+25.7%)
    boost  |  317.75 /  327.75 (-10.00) |   34.00 /   32.07 (+1.93) |   39.4 /   30.4 (+29.6%)
    flat   |  313.50 /  333.75 (-20.25) |   17.97 /   16.07 (+1.90) |   91.1 /   73.5 (+24.0%)
    h boost median  +8.40 (pedal  +8.65)   slope  +0.00 dB/dec
    h cut  median  -2.49 (pedal  -2.39)   slope  -0.12 dB/dec
    shared: R7 1.78e+05 (x0.89)  R12 8.55e+03 (x1.26)
    per throw Rd: cut 3489  boost 69  flat 2767
    per throw C5: cut 2.08e-08  boost 2.05e-08  flat 2.1e-08
    tap: Ra 5e+04  Rb 5.56e+04  Rc 8.55e+03  R11 2.57e+04
    ⚠ ON A BOUND (unidentified, not a value): Ra

  shared = {R12, C9, C6}                (13 dof)
    cost 2.0442   (notch 1.9934, broadband 2.0937)   dof 13 vs 9 notch numbers
    throw  | f0 Hz  got / want      | depth dB  got / want   | width Hz  got / want
    cut    |  315.75 /  316.25 (-0.50) |   16.39 /   15.25 (+1.14) |   95.3 /   80.1 (+19.1%)
    boost  |  318.75 /  327.75 (-9.00) |   33.55 /   32.07 (+1.48) |   38.7 /   30.4 (+27.2%)
    flat   |  313.00 /  333.75 (-20.75) |   16.77 /   16.07 (+0.70) |   91.3 /   73.5 (+24.2%)
    h boost median  +8.45 (pedal  +8.65)   slope  +0.02 dB/dec
    h cut  median  -2.41 (pedal  -2.39)   slope  -0.13 dB/dec
    shared: R12 9.23e+03 (x1.36)  C9 1.03e-08 (x0.47)  C6 3.06e-08 (x1.39)
    per throw Rd: cut 2921  boost 48  flat 2708
    per throw C5: cut 2.39e-08  boost 2.34e-08  flat 2.44e-08
    tap: Ra 4.83e+04  Rb 1.12e+05  Rc 1.71e+04  R11 5.22e+04
    ⚠ ON A BOUND (unidentified, not a value): Rd boost, Ra

  shared = {R7, R12, R14, C5, C9, C6, C7} (17 dof)  ⚠ OVER-PARAMETERISED
    cost 2.1169   (notch 1.4777, broadband 2.6037)   dof 17 vs 9 notch numbers
    throw  | f0 Hz  got / want      | depth dB  got / want   | width Hz  got / want
    cut    |  322.75 /  316.25 (+6.50) |   16.04 /   15.25 (+0.79) |   82.0 /   80.1 ( +2.4%)
    boost  |  323.50 /  327.75 (-4.25) |   30.29 /   32.07 (-1.78) |   38.5 /   30.4 (+26.6%)
    flat   |  326.50 /  333.75 (-7.25) |   18.40 /   16.07 (+2.33) |   75.0 /   73.5 ( +2.0%)
    h boost median  +8.62 (pedal  +8.65)   slope  +0.10 dB/dec
    h cut  median  -2.30 (pedal  -2.39)   slope  +0.16 dB/dec
    shared: R7 2.28e+05 (x1.14)  R12 1.97e+04 (x2.89)  R14 1.49e+04 (x0.68)  C5 2.6e-08 (x1.32)  C9 1.37e-08 (x0.62)  C6 1.09e-08 (x0.50)  C7 7.02e-11 (x0.10)
    per throw Rd: cut 2612  boost 71  flat 2044
    per throw C5: cut 2.97e-08  boost 2.89e-08  flat 2.84e-08
    tap: Ra 1.53e+05  Rb 1.19e+05  Rc 1.65e+04  R11 5.39e+04
    ⚠ ON A BOUND (unidentified, not a value): C7

  wrote analysis/reports/s66_shape_screen.json
