============================================================================================
PER-ORDER HARMONIC STRUCTURE vs the capture matrix
============================================================================================
                    ship : 129 captures, overrides []
                    a1.3 : 129 captures, overrides ['jfetSatNeg=1.3']
                    a1.9 : 129 captures, overrides ['jfetSatNeg=1.9']
                    a2.0 : 129 captures, overrides ['jfetSatNeg=2.0']
                    a2.5 : 129 captures, overrides ['jfetSatNeg=2.5']
                    a3.0 : 129 captures, overrides ['jfetSatNeg=3.0']
                    a3.5 : 129 captures, overrides ['jfetSatNeg=3.5']
                    a4.0 : 129 captures, overrides ['jfetSatNeg=4.0']
                    a5.6 : 129 captures, overrides ['jfetSatNeg=5.6']
  reference (row 0)      : ship
  cells                  : 270 (file,sweep,order) -> 661 band values | reference floor -60 dB
  ⭐ BLEED-FREE ONLY      : 270 cells at LEVEL=max/BLEND=max, where the clean bleed is exactly ZERO
  model Hn below -100 dB   : 0 of 661 band values in `ship` (extractor floor, not a value -> read the MEDIAN)
  ⚠ `pedal_db` is the NEURAL DSP capture. Per reference-sources.md §1 the ODD
    orders are authoritative (ND == hardware) and the EVENS are NOT (ND runs
    ~27 dB below hardware), so the two groups are reported separately.

SIGNED MEDIAN over pooled band values, dB   -- HEADLINE; negative = model LOW
 order       ship      a1.3      a1.9      a2.0      a2.5      a3.0      a3.5      a4.0      a5.6   parity
----------------------------------------------------------------------------------------------------------
    H2      +2.59     +3.85     +5.19     +5.38     +6.01     +6.89     +7.66     +8.50    +10.28   EVEN
    H3      -0.46     -0.59     -0.66     -0.67     -0.81     -0.98     -1.29     -1.55     -2.30   odd
    H4      +3.17     +3.47     +4.05     +4.12     +4.87     +6.15     +6.57     +7.52     +8.02   EVEN
    H5      -0.74     -1.02     -1.15     -1.21     -1.00     -1.07     -1.36     -1.38     -1.85   odd
    H6      +3.44     +5.59     +5.49     +5.25     +5.55     +6.21     +6.06     +5.92     +7.84   EVEN
    H7      +0.25     -0.60     -2.20     -2.46     -2.69     -2.03     -1.43     -0.78     +0.82   odd

SIGNED mean (plugin - pedal), dB   -- tail-sensitive, read beside the median
 order       ship      a1.3      a1.9      a2.0      a2.5      a3.0      a3.5      a4.0      a5.6   parity
----------------------------------------------------------------------------------------------------------
    H2      +2.89     +4.52     +5.83     +6.02     +6.87     +7.60     +8.25     +8.83    +10.36   EVEN
    H3      -2.25     -2.40     -2.92     -2.76     -3.02     -3.21     -3.30     -3.50     -4.36   odd
    H4      +0.95     +2.09     +3.28     +3.48     +4.38     +5.14     +5.76     +6.28     +7.64   EVEN
    H5      -0.90     -2.10     -1.18     -1.08     -0.92     -0.79     -0.63     -0.99     +0.45   odd
    H6      +2.65     +3.52     +3.71     +4.13     +4.59     +4.89     +5.69     +6.25     +7.39   EVEN
    H7      -0.38     -0.75     -1.80     -2.06     -1.77     -1.12     -0.26     +1.04     +2.71   odd

mean |error|, dB
 order       ship      a1.3      a1.9      a2.0      a2.5      a3.0      a3.5      a4.0      a5.6   parity
----------------------------------------------------------------------------------------------------------
    H2       7.79      7.05      7.11      7.19      7.73      8.29      8.82      9.34     10.73   EVEN
    H3       7.16      7.17      7.49      7.29      7.32      7.26      7.43      7.60      8.19   odd
    H4       9.64      9.10      8.90      8.89      8.86      9.02      9.21      9.43      9.97   EVEN
    H5       8.85      9.83      8.76      8.66      8.60      8.86      9.64     10.77     10.88   odd
    H6      10.51     10.56     11.13     10.81     10.69     10.69     10.26     10.37     10.87   EVEN
    H7       8.74      8.78      9.38      9.65      9.41      9.13      8.90      8.70      9.63   odd

  EVEN (not authoritative) mean|e|:       9.32      8.90      9.05      8.96      9.09      9.33      9.43      9.71     10.52   Δ -0.41 -0.27 -0.35 -0.22 +0.02 +0.11 +0.40 +1.21
      odd  (AUTHORITATIVE) mean|e|:       8.25      8.59      8.54      8.53      8.44      8.42      8.66      9.02      9.57   Δ +0.34 +0.29 +0.28 +0.19 +0.17 +0.41 +0.77 +1.32
     ALL  (mixed -- see ⚠) mean|e|:       8.78      8.75      8.79      8.75      8.77      8.88      9.04      9.37     10.05   Δ -0.03 +0.01 -0.03 -0.02 +0.09 +0.26 +0.59 +1.26

PAIRED bootstrap of Δmean|e| vs the reference (10k resamples over cells)
 group       cand   mean|e|        Δ   95% CI of Δ
  EVEN       ship      9.25    +0.00   [  +0.00,   +0.00]
  EVEN       a1.3      8.81    -0.44   [  -0.78,   -0.11]  SIGNIFICANT
  EVEN       a1.9      8.93    -0.32   [  -0.95,   +0.39]
  EVEN       a2.0      8.86    -0.39   [  -0.98,   +0.20]
  EVEN       a2.5      9.01    -0.24   [  -0.90,   +0.38]
  EVEN       a3.0      9.26    +0.01   [  -0.72,   +0.72]
  EVEN       a3.5      9.38    +0.13   [  -0.70,   +0.93]
  EVEN       a4.0      9.68    +0.43   [  -0.47,   +1.27]
  EVEN       a5.6     10.50    +1.25   [  +0.26,   +2.22]  SIGNIFICANT

   odd       ship      8.21    +0.00   [  +0.00,   +0.00]
   odd       a1.3      8.56    +0.35   [  +0.03,   +0.72]  SIGNIFICANT
   odd       a1.9      8.48    +0.27   [  -0.20,   +0.75]
   odd       a2.0      8.46    +0.25   [  -0.25,   +0.76]
   odd       a2.5      8.38    +0.17   [  -0.43,   +0.76]
   odd       a3.0      8.37    +0.16   [  -0.51,   +0.80]
   odd       a3.5      8.63    +0.42   [  -0.29,   +1.11]
   odd       a4.0      9.01    +0.81   [  +0.04,   +1.58]  SIGNIFICANT
   odd       a5.6      9.54    +1.34   [  +0.29,   +2.34]  SIGNIFICANT

   ALL       ship      8.73    +0.00   [  +0.00,   +0.00]
   ALL       a1.3      8.69    -0.05   [  -0.29,   +0.21]
   ALL       a1.9      8.71    -0.02   [  -0.44,   +0.41]
   ALL       a2.0      8.66    -0.07   [  -0.48,   +0.32]
   ALL       a2.5      8.69    -0.04   [  -0.50,   +0.39]
   ALL       a3.0      8.82    +0.08   [  -0.43,   +0.56]
   ALL       a3.5      9.01    +0.27   [  -0.29,   +0.79]
   ALL       a4.0      9.35    +0.61   [  +0.00,   +1.19]  SIGNIFICANT
   ALL       a5.6     10.03    +1.29   [  +0.55,   +1.99]  SIGNIFICANT

DRIVE-REGIME SPLIT -- binned on the REFERENCE's own H3/H1 (the anchors' own axis)
  BLEED-FREE subset only: 270 of 270 cells (LEVEL=max AND BLEND=max) -- see the comment in-file for why this is forced
  --- H3/H1 <= -42 dB, 22 H2 band values  <- LOW-drive anchor ---
     order     n       ship      a1.3      a1.9      a2.0      a2.5      a3.0      a3.5      a4.0      a5.6
        H2    22      -6.54     -2.00     +0.53     +0.92     +2.84     +4.42     +5.75     +6.90     +9.81
        H3    17      -3.94     -4.06     -4.19     -4.21     -4.31     -4.41     -4.52     -4.62     -4.95
        H4     5      -6.85     -2.28     +1.10     +1.56     +1.47     +1.31     +1.16     +2.04     +5.05   ⚠ THIN
        H5     1      +0.05     +0.97     +1.69     +1.79     +2.21     +2.54     +2.81     +3.02     +3.50   ⚠ THIN
        H6     1     +12.80     +9.66     +4.88     +3.84     -3.86    -15.34     -0.96     +3.77    +10.18   ⚠ THIN
        H7     1      +3.11     +3.00     +2.75     +2.70     +2.43     +2.12     +1.80     +1.47     +0.38   ⚠ THIN
    ⚠ H4, H5, H6, H7 rest on <10 band values in this bin -- the header's 22 is the H2 count and does NOT apply to them.
     H2-H3      -2.61     +2.05     +4.72     +5.13     +7.16     +8.83    +10.26    +11.52    +14.76   <- the session-79 statistic
  --- -42 .. -34 dB, 12 H2 band values ---
     order     n       ship      a1.3      a1.9      a2.0      a2.5      a3.0      a3.5      a4.0      a5.6
        H2    12      -6.63     -2.05     +1.21     +1.65     +3.58     +5.15     +6.48     +7.63    +10.55
        H3    12      -2.83     -3.05     -3.26     -3.29     -3.43     -3.55     -3.65     -3.73     -3.84
        H4     9      -3.39     -1.94     -1.78     -1.54     +0.09     +1.67     +3.06     +4.26     +7.26   ⚠ THIN
        H5     7      -2.32     -4.55     -3.70     -4.13     -6.59     -7.74     -5.46     -2.96     +4.42   ⚠ THIN
        H6     3     -11.98     -6.29     -2.73     -2.27     -0.28     +1.33     +2.71     +3.95     +7.33   ⚠ THIN
        H7     2      -7.68    -10.05    -16.76    -20.81    -11.42     -7.39     -4.70     -2.60     +2.00   ⚠ THIN
    ⚠ H4, H5, H6, H7 rest on <10 band values in this bin -- the header's 12 is the H2 count and does NOT apply to them.
     H2-H3      -3.80     +1.00     +4.47     +4.94     +7.01     +8.70    +10.13    +11.37    +14.39   <- the session-79 statistic
  --- -34 .. -26 dB, 36 H2 band values ---
     order     n       ship      a1.3      a1.9      a2.0      a2.5      a3.0      a3.5      a4.0      a5.6
        H2    36      +5.12     +5.75     +6.85     +7.10     +7.95     +8.40     +8.71     +9.09    +10.16
        H3    36      +1.43     +1.25     +1.03     +0.96     +0.82     +0.77     +0.61     +0.50     +0.34
        H4    36      +2.67     +3.18     +3.92     +4.01     +4.56     +5.60     +6.15     +7.23     +7.72
        H5    34      -0.59     -1.08     -1.31     -1.30     -1.34     -1.52     -1.61     -1.72     -2.11
        H6    26      +2.56     +3.10     +3.46     +3.49     +3.64     +3.78     +3.93     +4.07     +4.50
        H7    24      -1.15     -2.46     -3.91     -4.31     -3.80     -2.76     -2.76     -2.67     +0.71
     H2-H3      +3.69     +4.50     +5.82     +6.14     +7.12     +7.63     +8.10     +8.59     +9.82   <- the session-79 statistic
  --- -26 .. -18 dB, 33 H2 band values ---
     order     n       ship      a1.3      a1.9      a2.0      a2.5      a3.0      a3.5      a4.0      a5.6
        H2    33      +6.25     +6.82     +7.39     +7.49     +7.93     +8.34     +8.73     +9.10    +10.60
        H3    34      +0.38     +0.33     +0.27     +0.26     +0.20     -0.07     -0.13     -0.20     -0.57
        H4    33      +6.95     +7.33     +7.70     +7.74     +8.24     +8.73     +9.15     +9.65    +12.03
        H5    34      +0.36     +0.18     -0.09     -0.14     -0.33     -0.17     -0.20     -0.41     -0.69
        H6    29      +8.62     +9.53     +9.78     +9.56     +9.49     +9.49     +9.49     +9.68    +11.02
        H7    30      -0.36     -0.16     -1.59     -1.63     -1.16     -1.09     -0.54     -0.71     -1.17
     H2-H3      +5.87     +6.49     +7.12     +7.23     +7.73     +8.41     +8.86     +9.30    +11.16   <- the session-79 statistic
  --- -18 .. -12 dB, 11 H2 band values ---
     order     n       ship      a1.3      a1.9      a2.0      a2.5      a3.0      a3.5      a4.0      a5.6
        H2    11      +4.12     +5.37     +6.64     +6.84     +7.25     +7.48     +8.40     +9.52    +11.07
        H3    11      -0.78     -1.18     -1.40     -1.45     -1.26     -0.87     -0.89     -0.92     -1.04
        H4    10      +5.04     +5.70     +6.24     +6.31     +6.62     +6.83     +6.97     +6.97     +5.19
        H5    11      -0.37     -0.37     -0.58     -0.92     -0.64     -0.84     -1.36     -1.44     -2.95
        H6    10      +7.81     +9.59    +10.03    +10.10    +10.44    +10.74    +11.03    +11.30    +11.19
        H7    11      +2.42     +4.75     -0.99     -2.39     -4.18     -0.55     +0.67     +2.92     +8.22
     H2-H3      +4.90     +6.55     +8.04     +8.29     +8.51     +8.34     +9.29    +10.44    +12.11   <- the session-79 statistic
  --- H3/H1 >  -12 dB, 20 H2 band values  <- MID-drive anchor ---
     order     n       ship      a1.3      a1.9      a2.0      a2.5      a3.0      a3.5      a4.0      a5.6
        H2    20      +2.03     +3.22     +4.26     +4.50     +5.65     +6.61     +7.40     +8.07     +9.63
        H3    20      -2.62     -3.70     -4.12     -4.19     -4.59     -5.05     -4.65     -5.09     -6.59
        H4    20      +1.36     +2.35     +3.13     +3.05     +3.43     +3.92     +4.34     +4.71     +5.65
        H5    20      -2.98     -2.32     -1.93     -2.06     -1.62     -1.90     -2.96     -3.54     -3.11
        H6    20      +2.27     +2.75     +3.83     +3.93     +4.34     +4.75     +4.90     +5.24     +4.90
        H7    20      +1.73     +0.81     -1.11     -1.68     -1.06     -1.29     -0.34     +0.21     +4.10
     H2-H3      +4.66     +6.92     +8.38     +8.69    +10.25    +11.66    +12.05    +13.17    +16.22   <- the session-79 statistic
  ⚠ MOST OF THE MATRIX LIES BETWEEN THE TWO ANCHORS, so this is a continuum,
    not a binary split -- and d(H2-H3) changes SIGN somewhere inside it.  Read
    the trend across bins; do not collapse it to one number.

THE REFERENCE'S OWN STRUCTURE (median Hn/H1, dB) -- ND measured, not the chart
           sweep       H2      H3      H4      H5      H6      H7    H2-H3   H4-H5
   sweep_drv_-12    -28.7   -26.2   -38.2   -31.2   -33.4   -29.8     -2.4    -7.1
   sweep_drv_-18    -34.4   -26.9   -41.7   -30.6   -34.6   -30.7     -7.5   -11.1
    sweep_drv_-6    -25.9   -25.4   -34.6   -28.4   -29.1   -30.0     -0.5    -6.2
  the chart's ND column has H3 = -12 dB at 'mid drive'.  Measured on
  these anchors: MAX H3/H1 = -7.1 dB (drive-0700_level-1700_attack-boost_base-od.wav / sweep_drv_-6), hottest per-sweep MEDIAN -25.4 dB,
  and 20 band value(s) sit at or above -12 dB.
  ⇒ that operating point IS present in the matrix -- do NOT repeat the retired
    claim that it is not.  What the SWEPT anchors cannot do is match the chart's
    CONVENTION: they sample 100/200/400 Hz, so a 100 Hz anchor's H3 lands at
    300 Hz beside ND's own ~320 Hz notch, and the bridge to the chart's 800 Hz
    tone is -9..-24 dB and capture-dependent.  Use `nd_tone_ladder.py` (the 1 kHz
    `lvl_` ladder, pair correction -0.02 dB) for any chart comparison.

WHERE d(H2-H3) COMES FROM  (the statistic harmonic_ladder/jfet_even_screen score)
      cand    d(H2)    d(H3)   d(H2-H3)   from H3 sag  stat
      ship    +0.00    +0.00      +0.00            0%  median
      a1.3    +1.27    -0.14      +1.40           10%  median
      a1.9    +2.60    -0.20      +2.81            7%  median
      a2.0    +2.80    -0.22      +3.01            7%  median
      a2.5    +3.43    -0.35      +3.78            9%  median
      a3.0    +4.30    -0.52      +4.82           11%  median
      a3.5    +5.07    -0.84      +5.91           14%  median
      a4.0    +5.91    -1.09      +7.00           16%  median
      a5.6    +7.69    -1.84      +9.53           19%  median
      ship    +0.00    +0.00      +0.00            0%  mean
      a1.3    +1.63    -0.15      +1.78            9%  mean
      a1.9    +2.95    -0.67      +3.62           19%  mean
      a2.0    +3.13    -0.51      +3.65           14%  mean
      a2.5    +3.98    -0.77      +4.75           16%  mean
      a3.0    +4.72    -0.96      +5.68           17%  mean
      a3.5    +5.36    -1.05      +6.41           16%  mean
      a4.0    +5.94    -1.25      +7.19           17%  mean
      a5.6    +7.47    -2.11      +9.58           22%  mean
  ⭐ a difference statistic cannot separate 'H2 rose' from 'H3 fell'. A positive
     share here is improvement bought by degrading the AUTHORITATIVE column.

Deficit by stimulus level (over H2..H7)   median | mean
           sweep      ship     a1.3     a1.9     a2.0     a2.5     a3.0     a3.5     a4.0     a5.6  |     ship     a1.3     a1.9     a2.0     a2.5     a3.0     a3.5     a4.0     a5.6
   sweep_drv_-12     +2.03    +1.85    +2.44    +2.53    +3.10    +3.75    +4.34    +4.55    +5.40  |    +1.09    +1.36    +1.51    +1.78    +2.06    +2.60    +3.00    +3.28    +4.12
   sweep_drv_-18     +1.72    +2.41    +3.22    +3.29    +4.16    +4.59    +5.19    +5.63    +7.00  |    +1.29    +1.95    +2.46    +2.54    +2.83    +3.06    +3.22    +3.62    +4.11
    sweep_drv_-6     +0.07    +0.41    +0.50    +0.51    +0.65    +0.85    +1.03    +1.52    +2.64  |    -0.11    -0.07    +0.33    +0.35    +0.80    +0.97    +1.38    +1.49    +2.43

  wrote analysis/reports/s83_matrix_harmonics.json
