
=== SELFCHECK -- no overrides ===
fitted pedal bleed beta = -16.80 dB
     f       s  20log10 s     [s_lo, s_hi] +0.25dB   theta    rms  ident
    20   3.311     +10.40   [ 2.488,  3.887]     145.8  0.104   Y
    25   2.189      +6.81   [ 1.939,  2.383]     153.4  0.107   Y
    32   1.642      +4.31   [ 1.593,  1.695]     170.4  0.128   Y
    40   1.437      +3.15   [ 1.379,  1.503]     170.4  0.100   Y
    50   1.356      +2.64   [ 1.277,  1.433]     150.9  0.139   Y
    64   1.367      +2.72   [ 1.277,  1.454]     130.1  0.122   Y
    80   1.509      +3.57   [ 1.399,  1.616]     111.5  0.104   Y
   101   1.665      +4.43   [ 1.489,  1.839]      95.0  0.230   Y
   127   1.788      +5.05   [ 1.555,  2.005]      77.0  0.234   Y
   160   1.849      +5.34   [ 1.518,  2.154]      53.8  0.267   Y
   202   1.820      +5.20   [ 1.647,  2.239]       0.0  0.362   Y
   254   1.713      +4.68   [ 1.540,  2.207]       0.0  0.347   Y
   320   0.262     -11.63   [ 0.100,  0.802]     128.5  0.125   Y   (INFO, not scored)
   403   2.400      +7.60   [ 1.821,  2.859]      87.4  0.108   Y
   508   2.832      +9.04   [ 1.813,  3.531]      81.8  0.031   Y
   640   3.153      +9.97   [ 0.917,  5.957]      81.1  0.417   n   (INFO, not scored)
   806   3.821     +11.64   [ 0.573,  5.309]     103.8  0.064   n   (INFO, not scored)
  1016   3.678     +11.31   [ 1.804,  4.777]     115.1  0.149   Y   (SIDE-EFFECT monitor, not scored)
  1613   1.756      +4.89   [ 1.482,  2.778]       0.0  1.203   Y   (SIDE-EFFECT monitor, not scored)
  2560   3.390     +10.60   [ 1.577,  3.548]     170.3  0.417   Y   (SIDE-EFFECT monitor, not scored)
  4064   0.800      -1.94   [ 0.593,  1.314]       0.0  1.785   n   (SIDE-EFFECT monitor, not scored)
  6451   2.556      +8.15   [ 1.967,  3.481]     163.3  5.523   Y   (SIDE-EFFECT monitor, not scored)
 10240   3.592     +11.11   [ 0.757,  7.427]     128.4  0.637   n   (SIDE-EFFECT monitor, not scored)

SCORE (RMS of 20log10 s over the 14 CORE bands) = 5.808 dB   [shipped baseline 5.800]
worst CORE band 20 Hz at +10.40 dB
SIDE-EFFECT bands 1-10 kHz: worst CHANGE vs shipped = +0.00 dB at 1016 Hz   [flag above 1.5]
  1016:+0.00  1613:-0.00  2560:+0.00  4064:+0.00  6451:+0.00  10240:-0.00   (CHANGE from shipped, not |s|; see SIDE_BASELINE_DB)

worst deviation from the recorded baseline = 0.027 dB
PASS
