=== GATE 0 -- BASELINE: BOTH INSTRUMENTS *AND* THE PRIOR BUDGET ===
  harmonic axis   worst per-band |dk| 0.005 dB, pooled |dk| 0.004 dB  (n=110, rms 1.95)
  shape gate      worst |d(20log10 s)| vs record 0.027 dB, beta -16.80 dB
  session-50 budget at its own beta -16.75:  C1 +2.68 / C2 +3.20 / C3 +7.86 / slope 9.18  ->  worst |d| 0.003 dB
  PASS -- all three records reproduce

GATE 1 -- COVERAGE: which components does the harmonic axis reach?
  C1  floor    bands [50, 64]                                 anchors 0/2  -- NONE
  C2  low-mid  bands [101, 127, 160, 202, 254, 403, 508]      anchors 3/7  ['100 Hz', '200 Hz', '400 Hz']
  C3  LF       bands [20, 25, 32]                             anchors 0/3  -- NONE
  harmonic-axis anchors = ['100', '200', '400'] Hz (= comprehensive_report.THD_ANCHORS, a property of the STIMULUS)
  => the corroboration reaches C2 only. C1 and C3 stay single-instrument
     numbers, and no amount of agreement at 100-400 Hz changes that.

GATE 2 -- BETA SENSITIVITY, MEASURED (not assumed)
     beta   fit rms     s(20)   s(50)  s(101)  s(202)  s(403)   identified
   -18.00    0.2385     +1.69   +2.57   +5.11   +7.15   +6.99            -
   -17.95    0.2300     +1.82   +2.57   +5.08   +7.07   +7.02            -
   -17.90    0.2216     +1.95   +2.57   +5.05   +6.99   +7.05            -
   -17.85    0.2132     +2.08   +2.57   +5.02   +6.91   +7.08            -
   -17.80    0.2049     +2.20   +2.58   +4.99   +6.83   +7.11            -
   -17.75    0.1967     +3.47   +2.58   +4.96   +6.75   +7.14            -
   -17.70    0.1886     +4.45   +2.58   +4.93   +6.67   +7.17            -
   -17.65    0.1806     +5.24   +2.58   +4.91   +6.59   +7.20            -
   -17.60    0.1727     +5.89   +2.59   +4.88   +6.51   +7.22            -
   -17.55    0.1649     +6.44   +2.59   +4.85   +6.43   +7.25            -
   -17.50    0.1572     +6.92   +2.59   +4.82   +6.35   +7.28            -
   -17.45    0.1497     +7.34   +2.60   +4.79   +6.27   +7.31            -
   -17.40    0.1424     +7.71   +2.60   +4.76   +6.19   +7.33          yes
   -17.35    0.1353     +8.05   +2.60   +4.73   +6.11   +7.36          yes
   -17.30    0.1286     +8.36   +2.60   +4.71   +6.02   +7.38          yes
   -17.25    0.1222     +8.64   +2.61   +4.68   +5.94   +7.41          yes
   -17.20    0.1162     +8.89   +2.61   +4.65   +5.86   +7.43          yes
   -17.15    0.1106     +9.13   +2.62   +4.62   +5.78   +7.45          yes
   -17.10    0.1057     +9.35   +2.62   +4.59   +5.70   +7.48          yes
   -17.05    0.1014     +9.56   +2.62   +4.57   +5.61   +7.49          yes
   -17.00    0.0978     +9.75   +2.63   +4.54   +5.53   +7.52          yes
   -16.95    0.0951     +9.92   +2.63   +4.51   +5.45   +7.54          yes
   -16.90    0.0933    +10.09   +2.64   +4.48   +5.37   +7.56          yes
   -16.85    0.0925    +10.25   +2.64   +4.46   +5.28   +7.58          yes
   -16.80    0.0927    +10.40   +2.64   +4.43   +5.20   +7.60          yes  <- fitted
   -16.75    0.0939    +10.54   +2.65   +4.40   +5.12   +7.62          yes
   -16.70    0.0959    +10.67   +2.65   +4.38   +5.04   +7.64          yes
   -16.65    0.0989    +10.80   +2.66   +4.35   +4.95   +7.66          yes
   -16.60    0.1026    +10.92   +2.67   +4.32   +4.87   +7.68          yes
   -16.55    0.1071    +11.03   +2.67   +4.30   +4.86   +7.70          yes
   -16.50    0.1122    +11.14   +2.68   +4.27   +4.81   +7.72          yes
   -16.45    0.1178    +11.25   +2.68   +4.24   +4.81   +7.74          yes
   -16.40    0.1239    +11.34   +2.69   +4.22   +4.80   +7.75          yes
   -16.35    0.1303    +11.44   +2.69   +4.19   +4.79   +7.77          yes
   -16.30    0.1372    +11.53   +2.70   +4.17   +4.79   +7.79          yes
   -16.25    0.1443    +11.62   +2.71   +4.14   +4.74   +7.80            -
   -16.20    0.1518    +11.70   +2.71   +4.11   +4.74   +7.82            -
   -16.15    0.1596    +11.78   +2.72   +4.09   +4.73   +7.84            -
   -16.10    0.1677    +11.86   +2.73   +4.06   +4.72   +7.85            -
   -16.05    0.1760    +11.93   +2.74   +4.04   +4.72   +7.87            -
   -16.00    0.1845    +12.00   +2.74   +4.01   +4.68   +7.88            -

  identified interval (rms <= 0.144 dB) = [-17.40, -16.30] dB
    on session 50's own 0.25 dB sub-grid = [-17.25, -16.50] dB   (recorded [-17.25, -16.50])  REPRODUCES
    => the wider interval is this tool's finer grid seeing points the 0.25 dB
       sweep stepped over, NOT a moved measurement. Every beta-span figure
       below is correspondingly wider than session 50's for the same reason.

  ds/dbeta, least squares over the 23 beta points inside the identified interval:
      20 Hz   +3.32 dB of s per dB of beta
      50 Hz   +0.09 dB of s per dB of beta
      64 Hz   -0.22 dB of s per dB of beta
     101 Hz   -0.54 dB of s per dB of beta
     127 Hz   -0.58 dB of s per dB of beta
     160 Hz   -0.53 dB of s per dB of beta
     202 Hz   -1.40 dB of s per dB of beta
     254 Hz   -1.38 dB of s per dB of beta
     403 Hz   +0.41 dB of s per dB of beta
     508 Hz   +0.90 dB of s per dB of beta
    => ds/dbeta is POSITIVE at [20, 50, 403, 508] and NEGATIVE at [64, 101, 127, 160, 202, 254]: beta does not
       move the curve up or down, it TILTS it. |ds/dbeta| is smallest at 50 Hz
       (0.09), which is why C1 is the beta-robust component.

  component span across the identified beta interval (session 50's own check):
      20 Hz   +7.71 .. +11.53 dB   span 3.82  (recorded 2.51)
      50 Hz   +2.60 ..  +2.70 dB   span 0.10  (recorded 0.07)
     254 Hz   +4.34 ..  +5.76 dB   span 1.42  (recorded 1.10)
     508 Hz   +8.44 ..  +9.44 dB   span 0.99  (recorded 0.68)

⚠ BETA CONVENTION: a3_component_budget's own sweep minimum is -16.75 dB (0.25 dB grid);
  a3_shape_gate.fit_beta gives -16.80 dB (0.1 dB grid). Both are the same objective at
  different resolutions. Consequence for the budget: C1 +2.68 -> +2.68, C2 +3.20 -> +3.23, C3 +7.86 -> +7.72 dB.
  Everything below is at -16.80 dB, the axis comparison's own value.

=== A. THE CURVE AS INTERVALS, BY COMPONENT (at the fitted beta) ===
  the +0.25 dB joint (s, theta) region -- a cost-slack region, NOT a CI
      Hz  comp  20log10 s           region   width  anchor
      20    C3     +10.40 [+7.92,+11.79]    3.88       -
      25    C3      +6.81 [+5.75, +7.54]    1.79       -
      32    C3      +4.31 [+4.04, +4.58]    0.54       -
      40    --      +3.15 [+2.79, +3.54]    0.75       -
      50    C1      +2.64 [+2.12, +3.12]    1.00       -
      64    C1      +2.72 [+2.12, +3.25]    1.13       -
      80    --      +3.57 [+2.92, +4.17]    1.25       -
     101    C2      +4.43 [+3.46, +5.29]    1.83     yes
     127    C2      +5.05 [+3.83, +6.04]    2.21       -
     160    C2      +5.34 [+3.62, +6.67]    3.04       -
     202    C2      +5.20 [+4.33, +7.00]    2.67     yes
     254    C2      +4.68 [+3.75, +6.88]    3.12       -
     403    C2      +7.60 [+5.21, +9.12]    3.92     yes
     508    C2      +9.04 [+5.17,+10.96]    5.79       -
  ⚠ 40 and 80 Hz belong to no component -- session 50's band sets leave them
    out, and section B shows why that is right for 40 Hz.

=== B. RESOLVEDNESS -- is each component distinguishable from the floor? ===
  floor band [50, 64] Hz combined region = [+2.12, +3.25] dB
  C1 itself: the floor's LOWER bound is +2.12 dB, i.e. C1 excludes zero by 2.12 dB
    => C1 is real, and no bleed level removes it (session 50 measured beta worth <= 0.26 dB
       of it; GATE 2's s(50) span of 0.10 dB reproduces that).

      Hz  comp           region     vs floor     gap
      20    C3 [+7.92,+11.79]     DISJOINT    4.67
      25    C3 [+5.75, +7.54]     DISJOINT    2.50
      32    C3 [+4.04, +4.58]     DISJOINT    0.79
      40    -- [+2.79, +3.54]     overlaps    0.00
      80    -- [+2.92, +4.17]     overlaps    0.00
     101    C2 [+3.46, +5.29]     DISJOINT    0.21
     127    C2 [+3.83, +6.04]     DISJOINT    0.58
     160    C2 [+3.62, +6.67]     DISJOINT    0.37
     202    C2 [+4.33, +7.00]     DISJOINT    1.08
     254    C2 [+3.75, +6.88]     DISJOINT    0.50
     403    C2 [+5.21, +9.12]     DISJOINT    1.96
     508    C2 [+5.17,+10.96]     DISJOINT    1.92

  C3: 3/3 bands resolved above the floor [20, 25, 32]
  C2: 7/7 bands resolved above the floor [101, 127, 160, 202, 254, 403, 508]
  ⭐ 40 Hz OVERLAPS the floor (gap 0.00) => C3's onset sits between 40 and 32 Hz, so session 50's
     C3 band set [20, 25, 32] is the right one and 40 Hz belongs to the floor, not to C3.

  ⭐ C2's SIZE is carried by its WORST-CONDITIONED bands. Restricted to the bands whose
     s-region is <= 2.5 dB wide ([101, 127]), C2 = +2.06 dB against +3.23 dB over all 7:
      101 Hz  s  +4.43  width  1.83  kept
      127 Hz  s  +5.05  width  2.21  kept
      160 Hz  s  +5.34  width  3.04  DROPPED
      202 Hz  s  +5.20  width  2.67  DROPPED
      254 Hz  s  +4.68  width  3.12  DROPPED
      403 Hz  s  +7.60  width  3.92  DROPPED
      508 Hz  s  +9.04  width  5.79  DROPPED
     => the 'deficit RISES with frequency' half of C2 rests on 403 and 508 Hz, whose
        regions are the two widest in C2 (and 508 has no harmonic anchor at all).
     ⚠ This set is FROZEN at the shipped baseline and must never be re-derived per
        candidate (`self-selecting-scores`); it is printed beside the full set, never instead of it.

=== C. WHAT THE SECOND INSTRUMENT ADDS ===
  robust order subset (H2, H3) -- designated by a3_harmonic_axis itself, for
  a stated physical reason, before this comparison existed

      Hz   drive s           region  |k| H2,H3        bootstrap   verdict
     100     +4.43 [+3.46, +5.29]       7.96 [+4.50,+14.10]   OVERLAP
     200     +5.20 [+4.33, +7.00]       5.61 [+5.04, +7.97]   OVERLAP
     400     +7.60 [+5.21, +9.12]       5.59 [+4.71, +7.68]   OVERLAP

  ⭐⭐ C2 IS CORROBORATED ACROSS INSTRUMENTS. The harmonic axis's LOWER bound at
     200 Hz is +5.04 dB; the drive axis's floor region tops out at +3.25 dB.
     Margin +1.79 dB => a tool with NO beta in it says A3 at 200 Hz exceeds the floor,
     so the low-mid rise is not an artefact of the drive axis's own bleed fit.
  ⚠ HALF-INDEPENDENT ONLY: C2 = s(low-mid) - s(floor) and the harmonic axis has no
     floor band (GATE 1), so this pairs one instrument's numerator with the other's
     denominator. It is not two independent measurements of C2.

  Can the harmonic axis narrow beta? Read off the SWEPT curve (no
  linearisation): which beta values put s(band) inside that band's own
  robust bootstrap interval?
       100 Hz  s spans  +4.01.. +5.11  target [+4.50,+14.10]  admits beta [-18.00, -16.95]  (22/41 swept points)
       200 Hz  s spans  +4.68.. +7.15  target [+5.04, +7.97]  admits beta [-18.00, -16.70]  (27/41 swept points)
       400 Hz  s spans  +6.99.. +7.88  target [+4.71, +7.68]  admits beta [-18.00, -16.65]  (28/41 swept points)

  joint (all three bands)        beta in [ -18.00,  -16.95] dB   (width 1.05)
  ⚠ the lower end rests ON the sweep edge, so the harmonic axis does not
     bound beta from that side at all -- read the width as a lower bound, not a value.
  drive axis alone (GATE 2)      beta in [ -17.40,  -16.30] dB   (width 1.10)
  ⭐ BOTH                          beta in [ -17.40,  -16.95] dB   (width 0.45)  <- TIGHTER than the drive axis alone
     => the second instrument DOES narrow beta, to the lower end of the drive axis's own
        interval. And the two bound OPPOSITE sides: the drive axis sets the lower end
        (-17.40), the harmonic axis the upper (-16.95) -- so they are complementary on
        beta, not redundant. It is a LEVEL constraint, and the components move with
        it, which is the next table.

  ⭐⭐ WHAT THE NARROWED beta DOES TO THE BUDGET (read off the sweep):
        beta  fit rms      C1      C2      C3
      -16.80   0.0927   +2.68   +3.23   +7.72  <- fitted
      -16.95   0.0951   +2.69   +3.30   +7.23
      -17.40   0.1424   +2.72   +3.50   +4.99

     ⭐⭐ the drive axis's OWN optimum beta (-16.80) is OUTSIDE the jointly-admitted
        range [-17.40, -16.95] -- it sits 0.15 dB above the range. So the
        curve every A3 candidate has been RANKED on since session 47 is solved at a beta
        the second instrument excludes. That does not invalidate the ranking (a common
        beta shift is mostly a level offset on the score), but any ABSOLUTE component
        size taken off that curve -- C3 above all -- inherits it.
     => across the jointly-admitted beta range C1 moves 0.03 dB and C2 0.20 dB,
        but C3 moves 2.24 dB. The corroborated curve constrains beta, beta
        tilts the LF end (GATE 2), and so the second instrument's real effect on the
        budget lands on C3 -- the component it cannot measure. ⇒ NEVER quote a C3
        size without the beta it was read at.

=== D. THE RE-DERIVED BUDGET ===
  comp     level   resolved above     gap  beta span   corroborated
  C1       +2.68             zero    2.12       0.10 no -- 0 anchors
  C2       +3.23 floor, 7/7 bands    0.21       1.42     yes (half)
  C3       +7.72 floor, 3/3 bands    0.79       3.82 no -- 0 anchors

  ⭐⭐ RE-DERIVED against the beta range BOTH axes admit ([-17.40, -16.95] dB):
     C1   session 50 quoted +2.68 dB   ->   +2.69 .. +2.72 dB
     C2   session 50 quoted +3.20 dB   ->   +3.30 .. +3.50 dB
     C3   session 50 quoted +7.86 dB   ->   +4.99 .. +7.23 dB   <- MOVES
     ordering C3 > C2 > C1 holds at every admitted beta: YES   (narrowest C3-C2 margin +1.49 dB, against +4.49 at the fitted beta)

  ⇒ WHAT SURVIVES: all three components are REAL (each resolved above what
    it sits on) and the ORDERING holds across every admitted beta. What does
    NOT survive is quoting them as three numbers:
      C1 is the only beta-robust one (span 0.10 dB over the identified
         interval, |ds/dbeta| 0.09) and it is what a broadband
         OD-level lever must supply -- unchanged from session 50.
      C2 is corroborated in EXISTENCE (half-independently) but its SIZE moves
         +2.06 .. +3.23 dB on whether its two worst-conditioned bands vote.
      C3 is the LEAST determined -- beta span 3.82 dB, the widest s-region in
         CORE at 20 Hz (3.88 dB), and no second instrument at all. ⚠ And the
         corroborated curve pushes it DOWN, where session 51 item 7's `r_ped`
         reading pushed it UP ("C3 is the DOMINANT A3 term"). Both readings come
         from below 40 Hz, where session 52 item 1 measured the blend axis to be
         unreliable. ⇒ C3's SIZE is still open; do not treat either as settled.

  ⛔ NOT CLAIMED: nothing is proposed, no candidate is screened, and no
    constant moved. Session 50 item 1 (A3 will not close on one element) and
    session 52 (no causal post-clipper LINEAR element can supply it) both
    stand -- this re-states the requirement they are measured against, with
    the corroboration's reach made explicit.

wrote analysis/reports/s87_budget_rederive.json
