==============================================================================
LF ANCHOR GATE -- can the harmonic axis reach below 100 Hz on existing captures?
==============================================================================

GATE 0  THE PREMISE, COMPUTED
/Users/leighpierce/Git/Obsidian-B7000/analysis/analyze.py:24: WavFileWarning: Chunk (non-data) not understood, skipping it.
  sr, x = wavfile.read(path)
  (a) harmonic_thd_curve returns a CONTINUOUS curve: 524289 bins, lowest 0.046 Hz, 2184 bins BELOW the lowest shipped anchor
      stimulus on disk: analysis/test_signal_48k.wav (mtime unchanged since 2026-07-20)
  (b) comprehensive_report.THD_ANCHORS = (100, 200, 400) -> sampled via argmin on this same `fr` axis (harmonics_at_anchors)
  (c) cache key with anchors (100,200,400) vs (50,100,200,400): IDENTICAL  (self-consistency True)
      ⚠⚠ -> changing the anchors does NOT re-key the cache.  A re-run without
            --no-cache silently returns the OLD three-anchor records.  This is
            a LANDMINE, not the 'deliberate re-baseline' cost that was recorded.
  (d) a3_component_budget band sets: C3 = (20.0, 25.0, 32.0) Hz, C1 = (50.0, 64.0) Hz
      session 87 item (6a) put C3's ONSET between 32 and 40 Hz and assigned 40 Hz
      to the FLOOR ⇒ an anchor at 40-50 Hz lands on C1/floor, NOT on C3.

GATE 1  KNOWN-ANSWER, memoryless (flat truth)
  truth is FLAT in frequency by construction, so every deviation below is the
  extractor's own error -- there is no threshold to choose.
    f (Hz)       H2       H3       H4       H5       H6       H7   worst
     20.00    -5.93    -4.33    -2.58    -3.05    -0.51    +3.78    5.93  <-- UNREADABLE
     25.00    +0.05    +0.10    +0.10    +0.10    +0.09    +0.06    0.10
     32.00    +0.02    +0.02    +0.02    +0.02    +0.02    +0.02    0.02
     40.00    -0.00    -0.00    -0.00    -0.00    -0.00    -0.00    0.00
     50.00    +0.00    +0.00    +0.00    +0.00    +0.00    +0.00    0.00
     64.00    -0.00    -0.00    -0.00    -0.00    -0.00    -0.00    0.00
     82.41    +0.00    +0.00    +0.00    +0.00    +0.00    +0.00    0.00
    100.00    +0.00    +0.00    +0.00    +0.00    +0.00    +0.00    0.00
    110.00    -0.00    -0.00    -0.00    -0.00    -0.00    -0.00    0.00
    200.00    +0.00    +0.00    +0.00    +0.00    +0.00    +0.00    0.00
    400.00    +0.00    +0.00    -0.00    -0.00    -0.00    -0.00    0.00

GATE 1b  KNOWN-ANSWER, 30 Hz post-filter, tau 5.3 ms (0.1 gate half-widths)
  truth = c_n/c_1 . |G(nf)|/|G(f)| for the applied 1st-order HP, measured
  -3 dB corner 29.97 Hz (exact, from the DIGITAL filter itself)
    f (Hz)       H2       H3       H4       H5       H6       H7   worst
     20.00    -5.33    -3.74    -2.00    -2.48    +0.08    +4.35    5.33  <-- UNREADABLE
     25.00    +0.53    +0.58    +0.58    +0.57    +0.57    +0.54    0.58
     32.00    +0.35    +0.35    +0.35    +0.35    +0.35    +0.35    0.35
     40.00    +0.20    +0.20    +0.20    +0.20    +0.20    +0.20    0.20
     50.00    +0.11    +0.11    +0.11    +0.11    +0.11    +0.11    0.11
     64.00    +0.05    +0.05    +0.05    +0.05    +0.05    +0.05    0.05
     82.41    +0.02    +0.02    +0.02    +0.02    +0.02    +0.02    0.02
    100.00    +0.01    +0.01    +0.01    +0.01    +0.01    +0.01    0.01
    110.00    +0.01    +0.01    +0.01    +0.01    +0.01    +0.01    0.01
    200.00    +0.00    +0.00    +0.00    +0.00    +0.00    +0.00    0.00
    400.00    +0.00    +0.00    +0.00    +0.00    +0.00    +0.00    0.00

GATE 1b  KNOWN-ANSWER, 7.2 Hz post-filter, tau 22.1 ms (0.6 gate half-widths)
  truth = c_n/c_1 . |G(nf)|/|G(f)| for the applied 1st-order HP, measured
  -3 dB corner 7.20 Hz (exact, from the DIGITAL filter itself)
    f (Hz)       H2       H3       H4       H5       H6       H7   worst
     20.00    -5.29    -3.68    -1.93    -2.40    +0.15    +4.43    5.29  <-- UNREADABLE
     25.00    +0.31    +0.36    +0.36    +0.35    +0.34    +0.32    0.36
     32.00    +0.07    +0.07    +0.07    +0.07    +0.07    +0.07    0.07
     40.00    +0.03    +0.03    +0.03    +0.03    +0.03    +0.03    0.03
     50.00    +0.01    +0.01    +0.01    +0.01    +0.01    +0.01    0.01
     64.00    +0.00    +0.00    +0.00    +0.00    +0.00    +0.00    0.00
     82.41    +0.00    +0.00    +0.00    +0.00    +0.00    +0.00    0.00
    100.00    +0.00    +0.00    +0.00    +0.00    +0.00    +0.00    0.00
    110.00    +0.00    +0.00    +0.00    +0.00    +0.00    +0.00    0.00
    200.00    +0.00    +0.00    +0.00    +0.00    +0.00    +0.00    0.00
    400.00    +0.00    +0.00    +0.00    +0.00    +0.00    +0.00    0.00

GATE 2  THE TONE EXTRACTOR RECOVERS ITS OWN INPUT
     f (Hz)      conv      H2      H3      H4      H5      H6      H7   worst
      82.41  peak-bin   -0.09   -0.23   -0.44   -0.70   -1.03   -1.37   1.371 dB   FAIL
      82.41  mainlobe   -0.00   -0.00   -0.00   -0.00   -0.00   -0.00   0.000 dB   PASS   (65.93 cycles in the window)
     110.00  peak-bin   -0.00   -0.00   -0.00   -0.00   -0.00   -0.00   0.000 dB   PASS
     110.00  mainlobe   -0.00   +0.00   +0.00   +0.00   +0.00   +0.00   0.000 dB   PASS   (88.00 cycles in the window)
  ⚠ the tone segment is faded (5 ms) and 0.8 s long, so this is the SAME window
    treatment GATE 3 applies to the captures -- not an idealised steady tone.
  ⭐ the peak-bin row is `analyze.thd`'s convention and it FAILS at 82.41 Hz only;
    110 Hz is integer-cycle so it passes at 0.000 dB either way -- which is what
    makes the diagnosis scalloping rather than 'the LF tone is just harder'.

GATE 3  TWO INSTRUMENTS ON THE PEDAL AT LF (bracket, threshold-free)
  capture: ref-od.wav
/Users/leighpierce/Git/Obsidian-B7000/analysis/captures.py:303: WavFileWarning: Chunk (non-data) not understood, skipping it.
  sr, x = wavfile.read(path)
  82.41 Hz   (tone -14 dBFS must sit BETWEEN the -18 and -12 sweeps)
     order  sweep -18   tone -14  sweep -12   verdict
        H2     -38.97     -35.11     -33.22   in bracket
        H3     -62.45     -54.16     -49.84   in bracket
        H4     -91.46     -78.98     -72.24   in bracket
        H5    -112.22     -94.98     -87.39   in bracket
        H6    -126.91    -110.46    -101.73   in bracket
        H7    -130.09    -126.19    -112.83   in bracket
  110 Hz   (tone -14 dBFS must sit BETWEEN the -18 and -12 sweeps)
     order  sweep -18   tone -14  sweep -12   verdict
        H2     -38.10     -34.54     -32.88   in bracket
        H3     -61.26     -52.33     -47.48   in bracket
        H4     -82.49     -69.86     -63.48   in bracket
        H5    -101.29     -85.65     -79.57   in bracket
        H6    -124.70    -105.13     -98.14   in bracket
        H7    -119.47    -109.98     -98.94   in bracket
  -> 12 in bracket / 0 out / 0 abstained (span too small to test)
  ⚠ NOT an equality test: the tone is a STEADY 0.8 s excitation and the sweep is
    swept, so a nonlinearity WITH MEMORY (the clipper's RC-coupled solve) may
    legitimately differ.  Falling inside the level bracket is the claim.

GATE 4  WHAT THE REFERENCE ACTUALLY HAS THERE (pedal side only, no render)
  population: 81 OD captures x 3 driven sweeps
  guards as `a3_harmonic_axis` applies them: floor -60 dB, MIN_ORDERS 3
/Users/leighpierce/Git/Obsidian-B7000/analysis/analyze.py:24: WavFileWarning: Chunk (non-data) not understood, skipping it.
  sr, x = wavfile.read(path)
/Users/leighpierce/Git/Obsidian-B7000/analysis/captures.py:303: WavFileWarning: Chunk (non-data) not understood, skipping it.
  sr, x = wavfile.read(path)
/Users/leighpierce/Git/Obsidian-B7000/analysis/analyze.py:24: WavFileWarning: Chunk (non-data) not understood, skipping it.
  sr, x = wavfile.read(path)
/Users/leighpierce/Git/Obsidian-B7000/analysis/captures.py:303: WavFileWarning: Chunk (non-data) not understood, skipping it.
  sr, x = wavfile.read(path)
/Users/leighpierce/Git/Obsidian-B7000/analysis/analyze.py:24: WavFileWarning: Chunk (non-data) not understood, skipping it.
  sr, x = wavfile.read(path)
/Users/leighpierce/Git/Obsidian-B7000/analysis/captures.py:303: WavFileWarning: Chunk (non-data) not understood, skipping it.
  sr, x = wavfile.read(path)
/Users/leighpierce/Git/Obsidian-B7000/analysis/analyze.py:24: WavFileWarning: Chunk (non-data) not understood, skipping it.
  sr, x = wavfile.read(path)
/Users/leighpierce/Git/Obsidian-B7000/analysis/captures.py:303: WavFileWarning: Chunk (non-data) not understood, skipping it.
  sr, x = wavfile.read(path)
/Users/leighpierce/Git/Obsidian-B7000/analysis/analyze.py:24: WavFileWarning: Chunk (non-data) not understood, skipping it.
  sr, x = wavfile.read(path)
/Users/leighpierce/Git/Obsidian-B7000/analysis/captures.py:303: WavFileWarning: Chunk (non-data) not understood, skipping it.
  sr, x = wavfile.read(path)
/Users/leighpierce/Git/Obsidian-B7000/analysis/analyze.py:24: WavFileWarning: Chunk (non-data) not understood, skipping it.
  sr, x = wavfile.read(path)
/Users/leighpierce/Git/Obsidian-B7000/analysis/captures.py:303: WavFileWarning: Chunk (non-data) not understood, skipping it.
  sr, x = wavfile.read(path)
/Users/leighpierce/Git/Obsidian-B7000/analysis/analyze.py:24: WavFileWarning: Chunk (non-data) not understood, skipping it.
  sr, x = wavfile.read(path)
/Users/leighpierce/Git/Obsidian-B7000/analysis/captures.py:303: WavFileWarning: Chunk (non-data) not understood, skipping it.
  sr, x = wavfile.read(path)
/Users/leighpierce/Git/Obsidian-B7000/analysis/analyze.py:24: WavFileWarning: Chunk (non-data) not understood, skipping it.
  sr, x = wavfile.read(path)
/Users/leighpierce/Git/Obsidian-B7000/analysis/captures.py:303: WavFileWarning: Chunk (non-data) not understood, skipping it.
  sr, x = wavfile.read(path)
      band                 -18                 -12                  -6
      (Hz)    med orders / >=3    med orders / >=3    med orders / >=3
     20.00        1.0 /  40.7%        2.0 /  48.1%        4.0 /  59.3%
     25.00        1.0 /  14.8%        2.0 /  30.9%        3.0 /  56.8%
     32.00        1.0 /  19.8%        2.0 /  30.9%        3.0 /  54.3%
     40.00        2.0 /  23.5%        2.0 /  34.6%        3.0 /  58.0%
     50.00        2.0 /  30.9%        2.0 /  40.7%        3.0 /  55.6%
     64.00        2.0 /  29.6%        2.0 /  46.9%        3.0 /  63.0%
     82.41        2.0 /  33.3%        2.0 /  46.9%        3.0 /  65.4%
    100.00        2.0 /  34.6%        2.0 /  48.1%        3.0 /  69.1%
    110.00        2.0 /  38.3%        2.0 /  48.1%        3.0 /  66.7%
    200.00        2.0 /  48.1%        5.0 /  69.1%        6.0 /  85.2%
    400.00        4.0 /  74.1%        6.0 /  79.0%        6.0 /  92.6%

COVERAGE -- how far down the EXISTING captures can be read
      band   flat err  slope err   extractor   ref yield   component   VERDICT
     20.00       5.93       5.33    UNUSABLE       59.3%          C3   UNREADABLE
     25.00       0.10       0.58          OK       56.8%          C3   READABLE
     32.00       0.02       0.35          OK       54.3%          C3   READABLE
     40.00       0.00       0.20          OK       58.0%           -   READABLE
     50.00       0.00       0.11          OK       55.6%          C1   READABLE
     64.00       0.00       0.05          OK       63.0%          C1   READABLE
     82.41       0.00       0.02          OK       65.4%        tone   READABLE
    100.00       0.00       0.01          OK       69.1%      anchor   READABLE
    110.00       0.00       0.01          OK       66.7%        tone   READABLE
    200.00       0.00       0.00          OK       85.2%      anchor   READABLE
    400.00       0.00       0.00          OK       92.6%      anchor   READABLE

  'extractor' = worst known-answer error (GATE 1/1b).  'ref yield' = the best
  fraction of OD captures where the REFERENCE clears the floor on enough orders
  to form a cell at all (GATE 4).  A band is only READABLE if BOTH hold.

  ⚠ C3's own bands are 20/25/32 Hz.  20 Hz IS the sweep's f0 (SWEEP_F0), so the
    deconvolution has no reference energy below it at all -- that is a genuine
    STIMULUS limit and no re-reading of these captures can lift it.

wrote analysis/reports/s88_lf_anchor_gate.json
