==============================================================================
SESSION-15 branch-B §3j GATE — expansive-then-bounded JFET core (jfetExpandBeta)
==============================================================================
Point: jfetSatPos=0.3, jfetSatNeg=4, jfetCeilPos=1, jfetCeilNeg=0.5, clipA0=25, clipSatLo=3.15, clipSatHi=3.85
Capture targets (tone_220, H3-H2 dB):  min=-23.2  9:30=-21.0  noon=-10.6  2:30=+1.3  max=+1.0

------------------------------------------------------------------------------
(A) MAGNITUDE — full-chain H3-H2 (dB) vs beta, per drive setting
------------------------------------------------------------------------------
    beta |    min |   9:30 |   noon |   2:30 |    max
     0.0 |  -57.3 |  -59.8 |  -57.5 |  -32.1 |  -17.9
     0.5 |  -36.8 |  -36.6 |  -35.4 |  -27.8 |  -16.8
     1.0 |  -30.4 |  -30.3 |  -29.7 |  -24.9 |  -15.7
     2.0 |  -24.2 |  -24.1 |  -23.8 |  -21.0 |  -13.9
     4.0 |  -18.1 |  -18.1 |  -17.9 |  -16.3 |  -11.1
     8.0 |  -12.1 |  -12.1 |  -12.0 |  -11.0 |   -7.2
    16.0 |   -6.1 |   -6.1 |   -6.1 |   -5.4 |   -2.2

------------------------------------------------------------------------------
(B) PHASE — JFET-core H3 vs clipper H3 relative phase (deg) vs beta
    core = full - core-linear (coherent); want 180 -> 0 as beta rises (IN-PHASE)
------------------------------------------------------------------------------
    beta | 110Hz rel  |Hc|dB | 1000Hz rel  |Hc|dB
     0.0 |   177.4   -90.8 |   171.4   -29.8
     0.5 |     2.9   -87.1 |   160.5   -43.2
     1.0 |     2.8   -78.7 |     1.3   -34.9
     2.0 |     2.8   -71.8 |     6.0   -23.8
     4.0 |     2.7   -65.5 |     9.8   -16.8
     8.0 |     2.7   -59.6 |    20.1   -11.7
    16.0 |     2.5   -54.1 |    42.1    -8.7

==============================================================================
VERDICT
==============================================================================
  (A1) drive-min H3-H2 rises with beta : +51.1 dB (from -57.3 to -6.1; capture -23.2)
  (A2) drive-min monotone (no interior null) : YES
  (A3) no drive setting develops a swept null : YES
  (B1) 1kHz core<->clip phase: 171 -> 42 deg (moved +129 toward in-phase; want large +, ending < 90)
       110Hz corroboration : 177 -> 2 deg

  PART A (magnitude, no null): PASS
  PART B (phase flip to in-phase): PASS

  GATE CONFIRMED — proceed to the phase-aware complex fit (§3t.6 step 3)
