/Users/leighpierce/Git/Obsidian-B7000/analysis/captures.py:288: WavFileWarning: Chunk (non-data) not understood, skipping it.
  sr, x = wavfile.read(path)
Capture targets (tone_220): harmonic-to-harmonic ratios (dB) are the objective;
H2 re-fund shown for reference only (NOT fit — it is bleed-contaminated).
  drive    H3-H2   H4-H2   H5-H2    (H2reF)
  min      -23.2   -33.9   -50.4      -36.0
  9:30     -21.0   -37.2   -49.1      -34.4
  noon     -10.6   -19.7   -25.4      -31.4
  2:30       1.3    -6.5    -0.8      -31.9
  max        1.0    -5.8     1.2      -30.0
Phase target: drive-min ψ3 @ 1000 Hz = -132.9 deg (weight 0.05/deg^2; 220/440 down-weighted to 0 — bridged-T notch)

Nominal cost = 2292.1
  start [0.2, 0.9, 6.1, 0.5, 1.5, 24, 2.0, 2.4] -> cost 272.1
  start [0.2, 1.8, 0.5, 0.3, 2.2, 28, 1.6, 1.9] -> cost 274.1
  start [0.3, 4.0, 1.0, 0.5, 1.8, 25, 3.1, 3.9] -> cost 317.6

Best cost = 272.1  (nominal 2292.1)
Fitted params:
  jfetSatPos        0.33045   (nominal 0.3)
  jfetSatNeg         1.6862   (nominal 4)
  jfetCeilPos        1.4315   (nominal 1)
  jfetCeilNeg       0.49194   (nominal 0.5)
  jfetExpandBeta       1.4233   (nominal 1.8)
  clipA0             20.115   (nominal 25)
  clipSatLo          1.4607   (nominal 3.15)
  clipSatHi          1.7869   (nominal 3.85)
  held: jfetGm=0.0001, jfetRo=200000, jfetRq2=1e+06, levelTaperExp=2.25, driveTaperExp=2.5

Acceptance checks (phase7-calibration-handover.md, step 4):
  |a|*s          = 0.5572   (monotonicity coupling; a fitted a should be single-digit)
  min slope      = +1.947e-06   (>= 0; a fold-back is infeasible)
  clipA0         = 20.115   (circuit.md says 20-30)
  clipSatLo+Hi   = 3.248 V   (R19-dropped rail ~7 V)
  2*a*ceilNeg    = 1.659   (square law says ~1.0 — NOT constrained in the fit, so this is a real check)
  ceilNeg / s    = 1.49   (monotonicity needs >~ 1; resting AT 1 means the ceiling is on a constraint)
  jfetExpandBeta = 1.423   (EXPANSIVE cubic; must be > 0 — a <= 0 is the compressive regime the gate rejects)
  ψ3 @ 1000Hz    = model -118.7 vs capture -132.9 deg (|err| 14.2; small = JFET H3 in-phase, the branch-B claim)
  held jfetGm    = 0.100 mS   (step-2 re-anchor; --gm-scan checks ratio sensitivity, band 0.09-0.15)

FITTED plug vs capture (tone_220): harmonic-to-harmonic ratios c/p (the objective),
plus H2 re-fund c/p for reference (NOT fit — bleed-contaminated).
drive  |     H3-H2 c/p |     H4-H2 c/p |     H5-H2 c/p |   (H2reF) c/p
min    | -23.2/-19.8 | -33.9/-31.0 | -50.4/-44.1 | -36.0/-45.5
9:30   | -21.0/-19.4 | -37.2/-30.8 | -49.1/-43.8 | -34.4/-41.3
noon   | -10.6/-17.3 | -19.7/-29.1 | -25.4/-40.6 | -31.4/-36.8
2:30   |   1.3/  4.8 |  -6.5/ -6.9 |  -0.8/ -4.8 | -31.9/-43.2
max    |   1.0/  3.1 |  -5.8/-12.3 |   1.2/ -0.4 | -30.0/-30.5

Step-4 gm-sensitivity of the fitted point (should be ~flat):

gm sensitivity of the fitted point (ratios should be ~flat vs gm):
   gm(mS) |    cost | min H3-H2/H4-H2 | 9:30 H3-H2/H4-H2 | noon H3-H2/H4-H2 | 2:30 H3-H2/H4-H2 | max H3-H2/H4-H2
    0.090 |   355.5 | -19.7/-30.8 | -19.4/-30.6 | -17.6/-29.3 |  -1.1/-12.7 |  +3.1/-14.2
    0.120 |   426.7 | -20.0/-31.4 | -19.5/-31.1 | -16.4/-28.7 | +14.6/ +1.4 |  +3.9/ -9.6
    0.150 |   186.7 | -20.2/-32.0 | -19.4/-31.4 | -14.9/-27.6 |  +3.8/-13.4 |  +5.3/ -7.7
