/Users/leighpierce/Git/Obsidian-B7000/analysis/captures.py:288: WavFileWarning: Chunk (non-data) not understood, skipping it.
  sr, x = wavfile.read(path)
Capture targets (tone_220, dB):
  drive    H3-H2
  min      -23.2
  9:30     -21.0
  noon     -10.6
  2:30       1.3
  max        1.0

Full-chain H3-H2 (dB) vs clipK — all other params NOMINAL, HELD as in the fit
(a0 = 25 fixed; held: jfetGm=0.0001, jfetRo=200000, jfetRq2=1e+06, levelTaperExp=2.25, driveTaperExp=2.5)
      k |    min |   9:30 |   noon |   2:30 |    max
   4.00 |  -31.5 |  -31.5 |  -31.5 |  -32.4 |  -41.7
   3.00 |  -31.5 |  -31.5 |  -31.6 |  -34.3 |  -30.3
   2.50 |  -31.5 |  -31.5 |  -31.8 |  -37.0 |  -25.3
   2.00 |  -31.6 |  -31.7 |  -32.4 |  -42.3 |  -20.4
   1.75 |  -31.6 |  -31.9 |  -33.0 |  -37.9 |  -17.7
   1.50 |  -31.8 |  -32.3 |  -34.4 |  -31.2 |  -14.7
   1.25 |  -32.3 |  -33.2 |  -37.5 |  -25.3 |  -11.3
   1.00 |  -33.7 |  -35.8 |  -40.8 |  -19.3 |   -7.0

Pivot verdict:
  noon rise (k=4 -> 1) : -9.2 dB (monotone-with-tol: NO)
  min  span over sweep        : 2.2 dB
  max  span over sweep        : 34.6 dB
  PIVOT ** NOT CONFIRMED — STOP, diagnosis wrong **: noon moves the wrong way or max moves with it
