============================================================================================
MASTER taper + kOutputMakeup  --  REWRITTEN session 115 (Phase 10 C)
============================================================================================

(0) PADS  [ the clean path is linear => every pad is a PURE GAIN, so span must be ~0 ]
  n12 -> n18 : 6.0000 dB  span 0.0001 dB   (derived WITHOUT the contaminated ref-clean.wav -- GATE S2)
  full -> n12: 12.0000 dB  (captures.py, session 114)

(1) LADDER  [ s146: THREE take-sets -- gain-n12, gain-n18 (s120, complete), archived full-send ]
  named exclusions (a defective capture cannot be excluded by a settings predicate):
    HIT  master-1545 [n12]: GATE T (s115): duplicate of the mis-dialled 1700 n12 pair
    HIT  master-1700 [n12]: GATE T (s115): 4.447 dB low -- knob-corrupted, was the kOutputMakeup anchor
    HIT  master-1700 [a18]: s146: differs from the current n18 top AT THE SAME HARD STOP by a FREQUENCY-DEPENDENT 11.27 dB span; MASTER is a pure gain, so this is physically impossible for a genuine master-only difference (GATE O6). The contaminated archived session of s112.

  ⭐ FRAME CHECK at the mechanical references (no knob freedom => must agree exactly):
    master-0700: n12=  -64.828  n18=  -64.828  full=  -64.828   spread 0.0000 dB
    master-1200: n12=  -44.328  n18=  -44.328   spread 0.0000 dB
    master-1700: only ['n18'] -- single take, cannot check
    => worst 0.0000 dB.  The take-sets share ONE absolute frame, so the
       ladder may be averaged across them without a per-session offset.

  detent     knob  dB re full CW            takes   spread  mech  user
  0700      0.000        -39.000     n12+n18+full    0.000  STOP   YES
  0815      0.125        -32.855     n12+n18+full    1.770         est
  0930      0.250        -27.876     n12+n18+full    0.612         est
  1045      0.375        -22.392     n12+n18+full    0.330         est
  1200      0.500        -18.500          n12+n18    0.000  STOP   YES
  1315      0.625        -14.835          n12+n18    1.187         est
  1430      0.750         -8.344          n12+n18    0.870         est
  1545      0.875         -2.020              n18                  est
  1700      1.000         +0.000              n18           STOP   YES
  (mech = the pot has a physical reference here;  trust = the user's s146 statement.
   The two columns coincide exactly, from two independent sources -- see TRUSTED.)
  monotone: min step +2.02 dB, max +6.49 dB

(2) KNOB-REPOSITIONING NOISE FLOOR  [ measured, and SPLIT ON A PHYSICAL PROPERTY ]
  Independent takes of one detent differ only by where the knob was put -- so the
  spread IS the floor.  GATE S3 (s113) established that a re-dialled pot reproduces
  EXACTLY at a hard stop or the centre detent and not elsewhere, so the two
  populations are split on that, known in advance of any spread value here.
    master-0700: n12=  -64.828  n18=  -64.828  full=  -64.828   spread   0.000 dB   [mechanical reference]
    master-0815: n12=  -58.243  n18=  -58.018  full=  -59.788   spread   1.770 dB
    master-0930: n12=  -54.040  n18=  -53.644  full=  -53.428   spread   0.612 dB
    master-1045: n12=  -48.418  n18=  -48.154  full=  -48.088   spread   0.330 dB
    master-1200: n12=  -44.328  n18=  -44.328   spread   0.000 dB   [mechanical reference]
    master-1315: n12=  -40.070  n18=  -41.256   spread   1.187 dB
    master-1430: n12=  -34.607  n18=  -33.737   spread   0.870 dB
    master-1545: single take -- no floor reading
    master-1700: single take -- no floor reading

  FREE positions      : rms 1.075 dB, worst 1.770 dB, n=5   <-- the floor the SHAPE is resolved against
  MECHANICAL refs     : rms 0.000 dB, worst 0.000 dB, n=2   <-- no freedom, so ~0 by construction

  ⚠ s115 QUOTED 0.847 dB, n=4, POOLING THE TWO POPULATIONS.  Its set contained the
    0700 hard stop reading exactly 0.000, which deflates an rms over free positions.
    The comparable s115-membership figure is printed as a control in (3).
  ⇒ NO taper form is resolvable below 1.075 dB.  Forms within ~1.5x are indistinguishable.

(2b) CONTROL -- the s115 ladder, under s115's OWN membership rule
  s115 floor, its membership, POOLED across both populations: rms 0.847 dB, n=4   (s115 logged 0.847)
    knob      s115      s146     move
   0.000   -39.000   -39.000   +0.000
   0.125   -33.187   -32.855   +0.332
   0.250   -27.906   -27.876   +0.030
   0.375   -22.425   -22.392   +0.033
   0.500   -18.500   -18.500   +0.000
   0.625   -14.241   -14.835   -0.593
   0.750    -8.779    -8.344   +0.435
   0.875    -2.020    -2.020   +0.000
   1.000    +0.000    +0.000   +0.000
  => worst ladder move 0.593 dB against a free-position floor of 1.075 dB (0.55x)

(3) TAPER FORM  [ interior points only; m=0 is a divider null, see the header note ]
  shipped constants, read from src/: masterTaperBreak=0.331781 masterTaperFrac=0.056905
                                     masterTaperBreak2=0.659183 masterTaperFrac2=0.177468  kOutputMakeupNominal=4.3297
  form                                             params   rms dB    worst  vs floor
  3-seg PWL (SHIPPED, s146)           xb=0.3318 fb=0.0569    0.616    1.099      0.6x
  2-seg PWL (retired s146) [control]  xb=0.5927 fb=0.1137    1.134    1.862      1.1x
  2-seg PWL (re-fitted, s146)         xb=0.5982 fb=0.1160    1.119    1.766      1.0x
  power law m^p (re-fitted)                      p=2.1760    4.351    6.448      4.0x
  power law p=1.998 (retired s115)               p=1.9980    4.655    6.678      4.3x

  per-point residual (dB):
     m         0.125  0.250  0.375  0.500  0.625  0.750  0.875
     SHIPPED   -0.52  +0.52  -0.36  -0.00  -0.82  +0.31  -1.10
     s115      +0.45  +1.49  -0.47  -1.86  +0.13  +1.52  -0.74
     re-fit    +0.55  +1.59  -0.37  -1.77  -0.30  +1.41  -0.77
     p=1.998   -3.23  +3.82  +5.37  +6.47  +6.68  +3.35  -0.30

(3b) CONSTRAINED FIT  [ the s146 trust statement, applied as a CONSTRAINT ]
  trustworthy positions: 0700, 1200, 1700  ->  inside the fit: [0.5]
    (m=0 is the divider null, deliberately not reproduced; m=1 is the anchor, 0 dB
     by construction -- neither constrains a taper PARAMETER.)
  PIN: m=0.500 must deliver -18.500 dB re full CW  (ratio 0.118850)

  taper                                xb       fb   err@PIN  rms(est)  bias(est)
  SHIPPED (s146, 3-seg)            0.3318   0.0569    -0.000     0.665     -0.329
  unconstrained re-fit (s146)      0.5982   0.1160    -1.766     0.970     +0.350
  PINNED to the trusted point      0.6115   0.1454    +0.000     1.881     +1.232
  (err@PIN is the error at the ONE position we trust; rms/bias(est) are over the
   six ESTIMATED positions, where a nonzero BIAS -- not a large rms -- is what says
   the 2-segment family is inadequate, since hand jitter has no preferred sign.)
  PINNED, 3-seg [DIAGNOSTIC ONLY]   0.3318   0.0569    +0.000     0.665     -0.329
     (second break xb2=0.6592 fb2=0.1775)

  per-point residual over the ESTIMATED positions (dB; + = model louder than capture):
     m         0.125  0.250  0.375  0.625  0.750  0.875
     SHIPPED   -0.52  +0.52  -0.36  -0.82  +0.31  -1.10
     PINNED-2  +2.31  +3.36  +1.39  -0.30  +1.41  -0.77
     PINNED-3  -0.52  +0.52  -0.36  -0.82  +0.31  -1.10

  BIAS: shipped -0.329   pinned-2 +1.232   pinned-3 -0.329 dB
  => a richer family ABSORBS most of the bias ⇒ reading (a): the 2-segment
     family is too crude to satisfy the pin and the ladder together.

  ⭐⭐ THE RESULT, FIT-FREE -- the trusted point IS the taper's half-rotation spec:
     reference (pedal) at half rotation : 11.89 %   (-18.500 dB)
     SHIPPED model at half rotation     : 11.89 %   (-18.500 dB)
     => the model is -0.00 dB at MASTER noon, measured at the one
        position with no knob freedom, from two independent capture sessions.
     A textbook audio ('A') taper is specified at 10-15% at half rotation.
     circuit.md calls VR8 a 100k A taper.
       reference      11.89 %  -> INSIDE the A-taper band
       shipped model  11.89 %  -> INSIDE the A-taper band
     Nothing in any objective knew this -- it is the trusted point restated.

  DECISION:
    unconstrained re-fit vs shipped : rms 1.119 vs 0.616 dB, worst output difference 1.766 dB
      => inside the 1.075 dB knob floor.  A pure re-fit changes nothing real.
    2-seg PINNED vs shipped         : the 2-segment family's best attempt at the
      pin; worst output difference from the shipped curve 2.835 dB, and it
      carries a +1.232 dB one-signed bias the shipped curve does not.
    pin uncertainty  : 0.010 dB (s112 recording repeatability, reference-sources.md §0; measured spread here 0.000 dB at n=2)
    => ✅ THE SHIPPED TAPER SATISFIES THE PIN -- it reproduces the one trusted interior position to within its own measurement uncertainty
       (err@PIN 0.000 dB = 0.0x the pin's own uncertainty; the bar is 10x)

  SHIP CANDIDATE, 3-segment PWL, pinned:
    masterTaperBreak  = 0.331781    masterTaperFrac  = 0.056905
    masterTaperBreak2 = 0.659183    masterTaperFrac2 = 0.177468
    segment slopes (ratio per rotation): 0.1715 -> 0.3682 -> 2.4134
    half-rotation fraction: 11.89 % (A-taper spec 10-15%)

  [control] the UNCONSTRAINED 2-seg re-fit passes 9.7% at half rotation
     (the shipped 3-seg figure is in the block above; this row is the retired
      family's, kept so s115's own corroboration stays reproducible).

  m=0 reference floor: -39.00 dB (divRatio 0.0112).
     DELIBERATELY NOT reproduced -- divRatio(0) stays exactly 0 so MASTER can mute.
     See the module header for the three grounds.

(4) kOutputMakeup  [ MASTER is a pure post-EQ gain => ONE render fixes the scale ]
  ⭐ The anchor is master=1.0, where the taper is 1 for EVERY parameter set -- so the makeup
     is taper-INDEPENDENT by construction and (3)'s verdict cannot reach it.
     The render nevertheless uses the SHIPPED pair, because that is what ships.
  [frame check] render @ shipped makeup 2.599 :  -18.261 dBFS
  [frame check] the CORRUPTED anchor capture  :  -18.275 dBFS   => +0.014 dB
     (must be ~0: the shipped makeup was fitted to that file. Reproduces s106's +0.007.)
  capture, TRUE master-1700 :  -13.828 dBFS
  render,  makeup=1         :  -26.558 dBFS
  => kOutputMakeup = 4.3297   (SHIPPED 4.3297 -> -0.000 dB)
  (calibration §2: the makeup MAY exceed 1.0 -- do NOT pad for headroom.)

  ⭐ KNOWN ANSWER (MASTER is a pure gain, and MasterOut must implement the SHIPPED taper):
           m   measured  predicted     error
      0.2500   -27.3552   -27.3552    0.0000
      0.3318   -24.8970   -24.8970    0.0000   <-- AT a break
      0.5000   -18.5000   -18.5000    0.0000
      0.6592   -15.0176   -15.0176    0.0000   <-- AT a break
      0.8500    -3.9037    -3.9037    0.0000
     => worst 0.0000 dB

(5) ACCEPTANCE  [ predicted vs capture at EVERY detent ]
  ⚠ The comparison that matters is SHIPPED vs RE-FIT.  The retired power law is
    kept as a labelled control so s115's own quotes stay reproducible; it is NOT
    the incumbent and beating it proves nothing (s115 already retired it).
    knob   capture   SHIPPED     err    re-fit     err  [p=1.998]     err
   0.125   -32.855   -33.376   -0.52   -32.307   +0.55    -36.087   -3.23
   0.250   -27.876   -27.355   +0.52   -26.286   +1.59    -24.058   +3.82
   0.375   -22.392   -22.755   -0.36   -22.764   -0.37    -17.022   +5.37
   0.500   -18.500   -18.500   -0.00   -20.266   -1.77    -12.029   +6.47
   0.625   -14.835   -15.657   -0.82   -15.138   -0.30     -8.157   +6.68
   0.750    -8.344    -8.032   +0.31    -6.935   +1.41     -4.993   +3.35
   0.875    -2.020    -3.119   -1.10    -2.793   -0.77     -2.317   -0.30
   1.000    +0.000    +0.000   +0.00    +0.000   +0.00     +0.000   +0.00
  worst |err|:  SHIPPED 1.10 dB   re-fit 1.77 dB   [control p=1.998 6.68]
  re-fitting buys -0.67 dB of worst-case error against a 1.08 dB free-position floor and a 1.77 dB worst spread.

  => RECOMMENDATION (computed, not narrated):
     CHANGE NOTHING -- the shipped 3-segment taper is correct at the trusted
     point (-0.000 dB), convex, and sits at 0.57x the knob floor
     over the estimated positions (0.616 dB rms vs a 1.075 dB floor).
     ⛔ Do NOT chase the remaining residual: below the floor it is the hand that
     turned the knob, not the model.
     kOutputMakeup re-derives 4.3297 vs shipped 4.3297 (-0.000 dB).

============================================================================================
OK -- all checks pass
============================================================================================
