Session 13 step 6 — drive-0930 ladder (dense H2 vs level x frequency).
tones (110.0, 220.0, 440.0) Hz, levels -6..-60 dBFS (3 dB). capture: analysis/captures/jfet_ladder_drive-0930.wav
sweep-anchor alignment lag: 0 samples
NOTE: drive != min — the differential below is NOT a JFET-static verdict (the clipper
is engaged here); it characterises the clipper + interference vs level for the reshape.

tone 110 Hz (Gpre -7.27, below corner):
   A_in  A_eff |  cap H2 capSNR |  mdl H2 | clip H2 | clean?
     -6  -13.3 |   -30.6     57 |   -32.6 |   -56.8 | yes
     -9  -16.3 |   -33.2     54 |   -35.0 |   -65.5 | yes
    -12  -19.3 |   -36.0     51 |   -37.8 |   -72.7 | yes
    -15  -22.3 |   -39.0     50 |   -40.7 |   -79.3 | yes
    -18  -25.3 |   -41.9     48 |   -43.7 |   -85.6 | yes
    -21  -28.3 |   -44.9     44 |   -46.8 |   -91.7 | yes
    -24  -31.3 |   -47.9     41 |   -49.8 |   -97.8 | yes
    -27  -34.3 |   -50.9     38 |   -52.9 |  -103.8 | yes
    -30  -37.3 |   -53.9     36 |   -55.9 |  -109.8 | yes
    -33  -40.3 |   -56.9     31 |   -59.0 |  -115.8 | yes
    -36  -43.3 |   -59.9     30 |   -62.0 |  -121.8 | yes
    -39  -46.3 |   -62.9     25 |   -65.0 |  -127.7 | yes
    -42  -49.3 |   -65.9     23 |   -68.0 |  -133.6 | yes
    -45  -52.3 |   -68.9     20 |   -71.0 |  -139.3 | yes
    -48  -55.3 |   -71.9     18 |   -74.0 |  -144.8 | yes
    -51  -58.3 |   -74.9     14 |   -77.0 |  -149.7 | yes
    -54  -61.3 |   -77.8     12 |   -80.0 |  -154.0 | yes
    -57  -64.3 |   -81.0      8 |   -83.0 |  -157.2 | no
    -60  -67.3 |   -83.7      6 |   -86.0 |  -159.1 | no
tone 220 Hz (Gpre -3.80, above corner):
   A_in  A_eff |  cap H2 capSNR |  mdl H2 | clip H2 | clean?
     -6   -9.8 |   -29.4      9 |   -31.7 |   -69.0 | no
     -9  -12.8 |   -29.1     33 |   -33.0 |   -76.1 | yes
    -12  -15.8 |   -32.4     45 |   -35.1 |   -82.6 | yes
    -15  -18.8 |   -35.5     51 |   -37.6 |   -88.8 | yes
    -18  -21.8 |   -38.6     50 |   -40.5 |   -94.9 | yes
    -21  -24.8 |   -41.6     49 |   -43.5 |  -101.0 | yes
    -24  -27.8 |   -44.6     44 |   -46.5 |  -107.0 | yes
    -27  -30.8 |   -47.6     43 |   -49.5 |  -113.0 | yes
    -30  -33.8 |   -50.6     40 |   -52.6 |  -119.0 | yes
    -33  -36.8 |   -53.6     37 |   -55.6 |  -125.0 | yes
    -36  -39.8 |   -56.6     32 |   -58.6 |  -131.0 | yes
    -39  -42.8 |   -59.6     31 |   -61.7 |  -136.9 | yes
    -42  -45.8 |   -62.6     28 |   -64.7 |  -142.8 | yes
    -45  -48.8 |   -65.6     25 |   -67.7 |  -148.6 | yes
    -48  -51.8 |   -68.6     21 |   -70.7 |  -154.0 | yes
    -51  -54.8 |   -71.6     19 |   -73.7 |  -159.2 | yes
    -54  -57.8 |   -74.6     15 |   -76.7 |  -163.9 | yes
    -57  -60.8 |   -77.6     12 |   -79.7 |  -167.3 | yes
    -60  -63.8 |   -80.6     10 |   -82.7 |  -169.1 | no
tone 440 Hz (Gpre -1.89, above corner):
   A_in  A_eff |  cap H2 capSNR |  mdl H2 | clip H2 | clean?
     -6   -7.9 |   -31.2      5 |   -25.8 |   -62.7 | no
     -9  -10.9 |   -32.5     28 |   -26.2 |   -70.3 | yes
    -12  -13.9 |   -34.3     36 |   -27.8 |   -77.1 | yes
    -15  -16.9 |   -36.6     45 |   -30.0 |   -83.5 | yes
    -18  -19.9 |   -39.1     50 |   -32.7 |   -89.7 | yes
    -21  -22.9 |   -41.8     48 |   -35.6 |   -95.8 | yes
    -24  -25.9 |   -44.7     47 |   -38.6 |  -101.8 | yes
    -27  -28.9 |   -47.6     43 |   -41.6 |  -107.8 | yes
    -30  -31.9 |   -50.6     40 |   -44.7 |  -113.8 | yes
    -33  -34.9 |   -53.5     36 |   -47.7 |  -119.8 | yes
    -36  -37.9 |   -56.5     34 |   -50.7 |  -125.9 | yes
    -39  -40.9 |   -59.5     32 |   -53.8 |  -131.8 | yes
    -42  -43.9 |   -62.5     29 |   -56.8 |  -137.9 | yes
    -45  -46.9 |   -65.5     26 |   -59.8 |  -143.8 | yes
    -48  -49.9 |   -68.5     24 |   -62.8 |  -149.7 | yes
    -51  -52.9 |   -71.5     18 |   -65.8 |  -155.9 | yes
    -54  -55.9 |   -74.5     15 |   -68.8 |  -161.8 | yes
    -57  -58.9 |   -77.5     13 |   -71.8 |  -167.0 | yes
    -60  -61.9 |   -80.5     11 |   -74.8 |  -173.7 | no

==============================================================================
DECISIVE — capture slope MINUS model slope, per frequency (clean pts only)
==============================================================================
    tone corner | A_eff -> (cap_slope - mdl_slope)
     110  below | -59.8->-0.02  -56.8->+0.00  -53.8->-0.03  -50.8->+0.01  -47.8->+0.00  -44.8->-0.01  -41.8->-0.01  -38.8->-0.01  -35.8->-0.01  -32.8->-0.02  -29.8->-0.02  -26.8->-0.02  -23.8->-0.02  -20.8->-0.00  -17.8->+0.03  -14.8->+0.08
     220  above | -59.3->-0.01  -56.3->+0.00  -53.3->-0.00  -50.3->-0.00  -47.3->-0.01  -44.3->-0.01  -41.3->-0.01  -38.3->-0.01  -35.3->-0.01  -32.3->-0.01  -29.3->-0.01  -26.3->-0.01  -23.3->+0.01  -20.3->+0.06  -17.3->+0.18  -14.3->+0.44
     440  above | -57.4->+0.01  -54.4->-0.00  -51.4->-0.00  -48.4->-0.00  -45.4->-0.01  -42.4->-0.01  -39.4->-0.01  -36.4->-0.01  -33.4->-0.02  -30.4->-0.03  -27.4->-0.04  -24.4->-0.05  -21.4->-0.06  -18.4->-0.05  -15.4->-0.00  -12.4->+0.09

  mean |cap-mdl slope|: below-corner +0.02 (n=16), above-corner +0.04 (n=32)

  (drive-noon: this is clipper/interference characterisation, not a static verdict —
   a large cap-mdl here just says the current clipper/ceiling fit is off at this drive,
   which is expected and is what the phase-aware reshape will address.)
