/Users/leighpierce/Git/Obsidian-B7000/analysis/captures.py:288: WavFileWarning: Chunk (non-data) not understood, skipping it.
  sr, x = wavfile.read(path)
====================================================================================================
clipC11 x kInputRef grid — GRUNT=Cut, fixed physical clipper. H3-H2 (dB) at 220 Hz.
  fixed: clipA0=25  clipSat=3.15/3.85 (7.0 V)  clipK=1.5  beta=1.8  (all physical)
====================================================================================================
  CAPTURE  |   -23.2   -21.0   -10.6    +1.3    +1.0  |  min->noon leg +12.6   ramp-rms 0.00
----------------------------------------------------------------------------------------------------
  C11nF     K |    min    9:30    noon    2:30     max  |    leg  noon/cut    rms
----------------------------------------------------------------------------------------------------
    4.7  0.87 |  -17.7   -17.5   -16.6   -11.7    -2.0  |   +1.1     -16.6   7.16
    4.7  1.60 |  -13.0   -12.8   -11.9    -2.1    +6.9  |   +1.2     -11.9   6.58
    4.7  2.40 |  -11.0   -10.7    -9.3   +10.7    +8.4  |   +1.7      -9.3   8.94
    4.7  3.40 |  -10.6   -10.2    -7.4    +9.6   +15.0  |   +3.2      -7.4  10.49

   12.0  0.87 |  -17.7   -16.3   -10.6    +7.0    +2.1  |   +7.2     -10.6   4.15
   12.0  1.60 |  -13.0   -11.4    -2.2    +2.6    +4.3  |  +10.8      -2.2   7.46
   12.0  2.40 |  -10.7    -8.2    +7.3    +4.1    +6.4  |  +18.0      +7.3  11.64
   12.0  3.40 |   -9.7    -5.2    +4.1    +5.8    -2.4  |  +13.8      +4.1  11.66

   22.0  0.87 |  -17.5   -13.5    +0.5    +1.2    +1.8  |  +18.0      +0.5   6.52
   22.0  1.60 |  -12.6    -7.5    +3.2    +2.1    +3.9  |  +15.8      +3.2   9.94
   22.0  2.40 |   -9.6    -1.7    +1.2    +3.4    +5.4  |  +10.8      +1.2  12.01
   22.0  3.40 |   -6.9    +1.2    +1.4    +4.4    -6.6  |   +8.3      +1.4  13.91

   33.0  0.87 |  -18.0   -10.6    +2.2    +0.7    +1.7  |  +20.2      +2.2   7.74
   33.0  1.60 |  -13.0    -4.3    +0.5    +1.8    +3.7  |  +13.5      +0.5  10.13
   33.0  2.40 |   -9.1    -0.9    +0.3    +3.0    +5.0  |   +9.4      +0.3  12.15
   33.0  3.40 |   -5.4    -0.7    +0.8    +3.9    -8.1  |   +6.2      +0.8  13.76

   47.0  0.87 |  -18.7    -8.4    +0.5    +0.5    +1.7  |  +19.1      +0.5   7.76
   47.0  1.60 |  -13.7    -3.6    -0.3    +1.7    +3.5  |  +13.4      -0.3  10.03
   47.0  2.40 |   -8.9    -2.0    -0.0    +2.8    +4.8  |   +8.9      -0.0  11.76
   47.0  3.40 |   -5.3    -1.5    +0.5    +3.6    -8.9  |   +5.9      +0.5  13.58

READING: a '<--' marks a cell whose min->noon leg AND absolute noon both land within
3 dB of the capture. If those cells cluster at clipC11 well above 4.7 nF, the Cut
coupling corner is the missing lever and the joint fit should confirm a raised C11.
If NO cell closes even at 47 nF, the coupling is not sufficient alone — STOP and report.
