/Users/leighpierce/Git/Obsidian-B7000/analysis/captures.py:303: WavFileWarning: Chunk (non-data) not understood, skipping it.
  sr, x = wavfile.read(path)
Capture targets (tone_220): harmonic-to-harmonic ratios (dB) are the objective;
H2 re-fund shown for reference only (NOT fit — it is bleed-contaminated).
  drive    H3-H2   H4-H2   H5-H2    (H2reF)
  min      -23.2   -33.9   -50.4      -36.0
  9:30     -21.0   -37.2   -49.1      -34.4
  noon     -10.6   -19.7   -25.4      -31.4
  2:30       1.3    -6.5    -0.8      -31.9
  max        1.0    -5.8     1.2      -30.0
Phase target: drive-min ψ3 @ 1000 Hz = -132.9 deg (weight 0.05/deg^2; 220/440 down-weighted to 0 — bridged-T notch)

Nominal cost = 3357.6
** SQUARE-LAW CONSTRAINT ACTIVE: jfetCeilNeg := 1/(2*jfetSatNeg), i.e. 2*a*ceilNeg == 1 is IMPOSED, not checked. **
   This is a deliberate experiment (what does the step-4 corroboration COST?), NOT the normal fit —
   the identity is normally left free precisely so it can corroborate. Read the cost, not the check.
** clipA0 FENCED to [20, 30] — session-17 fenced refit (GRUNT-corner measurement: the low cut corner is real; carry it in C11) **
** kInputRef FENCED to [0.4, 1.509]  (was [0.4, 6]) **
** clipSatLo FENCED to [0.3, 4]  (was [1.5, 4]) **
** clipSatHi FENCED to [0.3, 4]  (was [1.5, 4]) **
** 3 EXPLICIT start(s) given — the three defaults are NOT used. **
  start [0.5, 0.7, 1.0, 0.7, 1.0, 25.0, 1.5, 1.8, 1.8, 1.0, 6.0] -> cost 43.6
  start [0.4, 1.0, 1.0, 0.5, 1.2, 25.0, 1.2, 1.5, 1.9, 1.2, 8.0] -> cost 46.0
  start [0.3, 2.5, 1.0, 0.2, 2.0, 22.0, 2.5, 3.0, 2.0, 0.9, 4.7] -> cost 131.4

Best cost = 43.6  (nominal 3357.6)
Fitted params:
  jfetSatPos        0.34057   (nominal 0.3)
  jfetSatNeg         1.1809   (nominal 4)
  jfetCeilPos        2.0174   (nominal 1)
  jfetCeilNeg       0.42339   (nominal 0.5)
  jfetExpandBeta      0.99236   (nominal 1.8)
  clipA0             21.188   (nominal 25)
  clipSatLo         0.30141   (nominal 3.15)
  clipSatHi         0.43018   (nominal 3.85)
  clipK              2.8586   (nominal 1.5)
  kInputRef          1.0046   (nominal 0.87)
  clipC11            3.7189   (nominal 4.7)
  held: jfetGm=0.0001, jfetRo=200000, jfetRq2=1e+06, levelTaperExp=2.25, driveTaperExp=1.98

Acceptance checks (phase7-calibration-handover.md, step 4):
  |a|*s          = 0.4022   (monotonicity coupling; a fitted a should be single-digit)
  min slope      = +1.066e-06   (>= 0; a fold-back is infeasible)
  clipA0         = 21.188   (circuit.md says 20-30)
  clipSatLo+Hi   = 0.732 V   (13 % of the DERIVED 5.64 V rail, clipper_rail_selfconsistent.py) ** below the 3 V soft floor (13 % of the rail) — SOFT flag: needs a mechanism, is not a supply violation **
  kInputRef      = 1.005 V/FS  -> 0.50 V peak at the -6 dBFS 'hot bass' rung (passive ~0.1-1 V, hot active ~1-2 V)
  FAMILY verdict = PHYSICAL (with a SOFT flag — see clipSat line)   (clipSat AND implied input volts must BOTH be sane — never clipSat with K pinned)
  clipC11        = 3.72 nF   (schematic 4.7 nF; user-authorised to move)
  2*a*ceilNeg    = 1.000   (square law says ~1.0 — NOT constrained in the fit, so this is a real check)
  ceilNeg / s    = 1.24   (monotonicity needs >~ 1; resting AT 1 means the ceiling is on a constraint)
  jfetExpandBeta = 0.992   (EXPANSIVE cubic; must be > 0 — a <= 0 is the compressive regime the gate rejects)
  ψ3 @ 1000Hz    = model -131.1 vs capture -132.9 deg (|err| 1.8; small = JFET H3 in-phase, the branch-B claim)
  held jfetGm    = 0.100 mS   (session-4 anchor; --gm-scan checks LOW-drive ratio flatness, band 0.09-0.15)
  ** clipSatLo is RESTING ON ITS BOUND (0.301405 in [0.3, 4]) — the optimum is outside the box, so this value is a property of the box, not the pedal. **

FITTED plug vs capture (tone_220): harmonic-to-harmonic ratios c/p (the objective),
plus H2 re-fund c/p for reference (NOT fit — bleed-contaminated).
drive  |     H3-H2 c/p |     H4-H2 c/p |     H5-H2 c/p |   (H2reF) c/p
min    | -23.2/-23.1 | -33.9/-36.4 | -50.4/-43.8 | -36.0/-48.6
9:30   | -21.0/-21.9 | -37.2/-35.0 | -49.1/-46.3 | -34.4/-45.5
noon   | -10.6/-11.1 | -19.7/-19.7 | -25.4/-17.8 | -31.4/-37.0
2:30   |   1.3/ -0.7 |  -6.5/ -6.5 |  -0.8/ -1.2 | -31.9/-32.4
max    |   1.0/  1.3 |  -5.8/ -5.9 |   1.2/  2.0 | -30.0/-33.8

Step-4 gm-sensitivity of the fitted point (should be ~flat):

gm sensitivity of the fitted point (LOW-drive ratios flat = bleed-confound check):
   gm(mS) |    cost | min H3-H2/H4-H2 | 9:30 H3-H2/H4-H2 | noon H3-H2/H4-H2 | 2:30 H3-H2/H4-H2 | max H3-H2/H4-H2
    0.090 |    67.1 | -23.1/-36.4 | -22.3/-35.5 | -12.5/-21.7 |  -1.5/ -6.7 |  +2.9/ -5.9
    0.120 |    91.1 | -23.1/-36.4 | -20.5/-33.5 |  -9.5/-17.7 |  +0.4/ -6.2 |  -0.9/ -6.0
    0.150 |   327.2 | -22.8/-36.0 | -17.1/-28.7 |  -7.1/-12.7 |  +1.7/ -6.0 |  -3.0/ -6.2
