Session 13 step 6 — drive-1430 ladder (dense H2 vs level x frequency).
tones (110.0, 220.0, 440.0) Hz, levels -6..-60 dBFS (3 dB). capture: analysis/captures/jfet_ladder_drive-1430.wav
sweep-anchor alignment lag: 3 samples
NOTE: drive != min — the differential below is NOT a JFET-static verdict (the clipper
is engaged here); it characterises the clipper + interference vs level for the reshape.

tone 110 Hz (Gpre -7.27, below corner):
   A_in  A_eff |  cap H2 capSNR |  mdl H2 | clip H2 | clean?
     -6  -13.3 |   -30.9     15 |   -23.1 |   -25.7 | no
     -9  -16.3 |   -33.2     22 |   -24.5 |   -27.2 | no
    -12  -19.3 |   -36.9     26 |   -23.2 |   -24.7 | no
    -15  -22.3 |   -40.1     27 |   -23.7 |   -24.6 | no
    -18  -25.3 |   -40.3     36 |   -32.0 |   -34.7 | no
    -21  -28.3 |   -40.1     47 |   -40.5 |   -49.4 | yes
    -24  -31.3 |   -41.3     48 |   -44.8 |   -59.1 | yes
    -27  -34.3 |   -43.4     48 |   -48.4 |   -66.7 | yes
    -30  -37.3 |   -45.9     44 |   -51.7 |   -73.4 | yes
    -33  -40.3 |   -48.7     42 |   -54.8 |   -79.7 | yes
    -36  -43.3 |   -51.6     39 |   -58.0 |   -85.9 | yes
    -39  -46.3 |   -54.6     38 |   -61.0 |   -92.0 | yes
    -42  -49.3 |   -57.6     33 |   -64.1 |   -98.0 | yes
    -45  -52.3 |   -60.5     31 |   -67.1 |  -104.1 | yes
    -48  -55.3 |   -63.5     25 |   -70.2 |  -110.1 | yes
    -51  -58.3 |   -66.5     26 |   -73.2 |  -116.1 | yes
    -54  -61.3 |   -69.5     20 |   -76.2 |  -122.1 | yes
    -57  -64.3 |   -72.5     19 |   -79.2 |  -128.0 | yes
    -60  -67.3 |   -75.4     14 |   -82.2 |  -134.0 | yes
tone 220 Hz (Gpre -3.80, above corner):
   A_in  A_eff |  cap H2 capSNR |  mdl H2 | clip H2 | clean?
     -6   -9.8 |   -28.6     -4 |   -30.9 |   -27.4 | no
     -9  -12.8 |   -29.8     -2 |   -29.8 |   -26.2 | no
    -12  -15.8 |   -30.5      0 |   -35.5 |   -27.9 | no
    -15  -18.8 |   -32.8      4 |   -37.5 |   -38.1 | no
    -18  -21.8 |   -34.1     15 |   -34.9 |   -50.4 | yes
    -21  -24.8 |   -34.9     27 |   -37.0 |   -59.4 | yes
    -24  -27.8 |   -38.0     31 |   -39.8 |   -66.8 | yes
    -27  -30.8 |   -41.8     37 |   -42.7 |   -73.4 | yes
    -30  -33.8 |   -45.4     43 |   -45.7 |   -79.7 | yes
    -33  -36.8 |   -48.7     40 |   -48.6 |   -85.9 | yes
    -36  -39.8 |   -51.8     38 |   -51.6 |   -91.9 | yes
    -39  -42.8 |   -54.8     35 |   -54.6 |   -98.0 | yes
    -42  -45.8 |   -57.9     32 |   -57.6 |  -104.0 | yes
    -45  -48.8 |   -60.9     28 |   -60.6 |  -110.0 | yes
    -48  -51.8 |   -63.9     29 |   -63.6 |  -116.0 | yes
    -51  -54.8 |   -66.9     23 |   -66.6 |  -122.0 | yes
    -54  -57.8 |   -69.9     22 |   -69.6 |  -128.0 | yes
    -57  -60.8 |   -72.9     17 |   -72.6 |  -134.0 | yes
    -60  -63.8 |   -75.9     16 |   -75.6 |  -140.0 | yes
tone 440 Hz (Gpre -1.89, above corner):
   A_in  A_eff |  cap H2 capSNR |  mdl H2 | clip H2 | clean?
     -6   -7.9 |   -29.3      1 |   -28.8 |   -34.6 | no
     -9  -10.9 |   -42.6    -17 |   -29.3 |   -31.4 | no
    -12  -13.9 |   -42.0    -17 |   -28.9 |   -29.3 | no
    -15  -16.9 |   -41.9    -15 |   -28.3 |   -31.1 | no
    -18  -19.9 |   -40.5     -8 |   -26.1 |   -39.8 | no
    -21  -22.9 |   -41.4      2 |   -26.6 |   -49.7 | no
    -24  -25.9 |   -43.7     14 |   -29.0 |   -57.8 | yes
    -27  -28.9 |   -44.2     16 |   -31.7 |   -64.8 | yes
    -30  -31.9 |   -43.8     26 |   -34.7 |   -71.2 | yes
    -33  -34.9 |   -44.1     38 |   -37.6 |   -77.5 | yes
    -36  -37.9 |   -45.6     42 |   -40.6 |   -83.6 | yes
    -39  -40.9 |   -47.8     43 |   -43.6 |   -89.7 | yes
    -42  -43.9 |   -50.4     40 |   -46.7 |   -95.7 | yes
    -45  -46.9 |   -53.2     37 |   -49.7 |  -101.7 | yes
    -48  -49.9 |   -56.1     33 |   -52.7 |  -107.7 | yes
    -51  -52.9 |   -59.0     32 |   -55.7 |  -113.7 | yes
    -54  -55.9 |   -62.0     28 |   -58.7 |  -119.7 | yes
    -57  -58.9 |   -65.0     26 |   -61.7 |  -125.7 | yes
    -60  -61.9 |   -68.0     23 |   -64.7 |  -131.7 | yes

==============================================================================
DECISIVE — capture slope MINUS model slope, per frequency (clean pts only)
==============================================================================
    tone corner | A_eff -> (cap_slope - mdl_slope)
     110  below | -65.8->-0.03  -62.8->+0.01  -59.8->-0.02  -56.8->-0.00  -53.8->-0.01  -50.8->-0.02  -47.8->-0.03  -44.8->-0.04  -41.8->-0.08  -38.8->-0.13  -35.8->-0.24  -32.8->-0.47  -29.8->-1.06
     220  above | -62.3->-0.01  -59.3->+0.01  -56.3->+0.00  -53.3->-0.00  -50.3->+0.00  -47.3->+0.00  -44.3->+0.00  -41.3->+0.01  -38.3->+0.04  -35.3->+0.10  -32.3->+0.21  -29.3->+0.30  -26.3->+0.12  -23.3->-0.44
     440  above | -60.4->-0.00  -57.4->-0.01  -54.4->-0.01  -51.4->-0.02  -48.4->-0.03  -45.4->-0.07  -42.4->-0.14  -39.4->-0.27  -36.4->-0.51  -33.4->-0.88  -30.4->-1.12  -27.4->-0.74

  mean |cap-mdl slope|: below-corner +0.17 (n=13), above-corner +0.19 (n=26)

  (drive-noon: this is clipper/interference characterisation, not a static verdict —
   a large cap-mdl here just says the current clipper/ceiling fit is off at this drive,
   which is expected and is what the phase-aware reshape will address.)
