/Users/leighpierce/Git/Obsidian-B7000/analysis/captures.py:288: WavFileWarning: Chunk (non-data) not understood, skipping it.
  sr, x = wavfile.read(path)
Capture targets (tone_220): harmonic-to-harmonic ratios (dB) are the objective;
H2 re-fund shown for reference only (NOT fit — it is bleed-contaminated).
  drive    H3-H2   H4-H2   H5-H2    (H2reF)
  min      -23.2   -33.9   -50.4      -36.0
  9:30     -21.0   -37.2   -49.1      -34.4
  noon     -10.6   -19.7   -25.4      -31.4
  2:30       1.3    -6.5    -0.8      -31.9
  max        1.0    -5.8     1.2      -30.0
Phase target: drive-min ψ3 @ 1000 Hz = -132.9 deg (weight 0.05/deg^2; 220/440 down-weighted to 0 — bridged-T notch)

Nominal cost = 2219.2
** clipA0 FENCED to [20, 30] — session-17 fenced refit (GRUNT-corner measurement: the low cut corner is real; carry it in C11) **
  start [0.2, 3.2, 2.3, 0.3, 2.1, 26.1, 2.0, 2.9, 2.8, 3.4, 5.7, 0.1] -> cost 19.6

Best cost = 19.6  (nominal 2219.2)
Fitted params:
  jfetSatPos        0.19827   (nominal 0.3)
  jfetSatNeg         3.2739   (nominal 4)
  jfetCeilPos        2.7069   (nominal 1)
  jfetCeilNeg        0.2741   (nominal 0.5)
  jfetExpandBeta       2.1443   (nominal 1.8)
  clipA0             21.022   (nominal 25)
  clipSatLo          2.1575   (nominal 3.15)
  clipSatHi          3.0808   (nominal 3.85)
  clipK              2.9672   (nominal 1.5)
  kInputRef          3.3221   (nominal 0.87)
  clipC11            6.6281   (nominal 4.7)
  jfetGm           0.095003   (nominal 0.1)
  held: jfetRo=200000, jfetRq2=1e+06, levelTaperExp=2.25, driveTaperExp=1.98

Acceptance checks (phase7-calibration-handover.md, step 4):
  |a|*s          = 0.6491   (monotonicity coupling; a fitted a should be single-digit)
  min slope      = +2.844e-07   (>= 0; a fold-back is infeasible)
  clipA0         = 21.022   (circuit.md says 20-30)
  clipSatLo+Hi   = 5.238 V   (R19-dropped rail ~7 V)
  kInputRef      = 3.322 V/FS  -> 1.66 V peak at the -6 dBFS 'hot bass' rung (passive ~0.1-1 V, hot active ~1-2 V)
  FAMILY verdict = PHYSICAL   (clipSat AND implied input volts must BOTH be sane — never clipSat with K pinned)
  clipC11        = 6.63 nF   (schematic 4.7 nF; user-authorised to move)
  jfetGm         = 0.0950 mS   (session-4 anchor 0.10, band 0.09-0.15; fit in [0.095,0.130]) ** RESTING ON A BOUND — gm leaving its anchored band = level-buying, STOP **
  2*a*ceilNeg    = 1.795   (square law says ~1.0 — NOT constrained in the fit, so this is a real check)
  ceilNeg / s    = 1.38   (monotonicity needs >~ 1; resting AT 1 means the ceiling is on a constraint)
  jfetExpandBeta = 2.144   (EXPANSIVE cubic; must be > 0 — a <= 0 is the compressive regime the gate rejects)
  ψ3 @ 1000Hz    = model -135.6 vs capture -132.9 deg (|err| 2.7; small = JFET H3 in-phase, the branch-B claim)
  (jfetGm is now FIT, printed above; the gm-scan below is its post-fit sensitivity)
  ** jfetGm is RESTING ON ITS BOUND (0.0950032 in [0.095, 0.13]) — the optimum is outside the box, so this value is a property of the box, not the pedal. **

FITTED plug vs capture (tone_220): harmonic-to-harmonic ratios c/p (the objective),
plus H2 re-fund c/p for reference (NOT fit — bleed-contaminated).
drive  |     H3-H2 c/p |     H4-H2 c/p |     H5-H2 c/p |   (H2reF) c/p
min    | -23.2/-22.0 | -33.9/-35.9 | -50.4/-50.7 | -36.0/-29.7
9:30   | -21.0/-21.1 | -37.2/-33.9 | -49.1/-47.4 | -34.4/-26.7
noon   | -10.6/-12.6 | -19.7/-19.2 | -25.4/-22.9 | -31.4/-25.4
2:30   |   1.3/  0.7 |  -6.5/ -8.9 |  -0.8/  0.1 | -31.9/-25.3
max    |   1.0/  0.7 |  -5.8/ -5.7 |   1.2/  1.2 | -30.0/-22.2

Step-4 gm-sensitivity of the fitted point (should be ~flat):

gm sensitivity of the fitted point (LOW-drive ratios flat = bleed-confound check):
   gm(mS) |    cost | min H3-H2/H4-H2 | 9:30 H3-H2/H4-H2 | noon H3-H2/H4-H2 | 2:30 H3-H2/H4-H2 | max H3-H2/H4-H2
    0.090 |    33.8 | -21.9/-37.0 | -21.2/-35.1 | -13.9/-21.0 |  +0.3/ -9.7 |  +2.0/ -5.7
    0.120 |   263.7 | -22.3/-31.6 | -20.6/-29.3 |  -4.7/-11.6 |  +2.2/ -7.1 |  -3.5/ -6.0
    0.150 |   917.9 | -22.4/-28.3 | -19.2/-25.2 |  +4.0/ -6.9 |  +3.4/ -6.3 |  -6.5/ -6.4
