/Users/leighpierce/Git/Obsidian-B7000/analysis/captures.py:303: WavFileWarning: Chunk (non-data) not understood, skipping it.
  sr, x = wavfile.read(path)
Capture targets (tone_220): harmonic-to-harmonic ratios (dB) are the objective;
H2 re-fund shown for reference only (NOT fit — it is bleed-contaminated).
  drive    H3-H2   H4-H2   H5-H2    (H2reF)
  min      -23.2   -33.9   -50.4      -36.0
  9:30     -21.0   -37.2   -49.1      -34.4
  noon     -10.6   -19.7   -25.4      -31.4
  2:30       1.3    -6.5    -0.8      -31.9
  max        1.0    -5.8     1.2      -30.0
Phase target: drive-min ψ3 @ 1000 Hz = -132.9 deg (weight 0.05/deg^2; 220/440 down-weighted to 0 — bridged-T notch)

Nominal cost = 3357.6
** clipA0 FENCED to [8, 30]  (was [3, 30]) **
** kInputRef FENCED to [0.4, 1.509]  (was [0.4, 6]) **
** clipSatLo FENCED to [0.3, 4]  (was [1.5, 4]) **
** clipSatHi FENCED to [0.3, 4]  (was [1.5, 4]) **
** 3 EXPLICIT start(s) given — the three defaults are NOT used. **
  start [0.7, 1.4, 0.7, 1.4, 0.7, 20.0, 0.7, 0.8, 2.1, 1.4, 4.3] -> cost 39.8
  start [0.5, 1.0, 1.0, 0.5, 1.0, 12.0, 1.5, 1.8, 1.8, 1.0, 6.0] -> cost 42.0
  start [0.3, 2.5, 1.0, 0.5, 2.0, 22.0, 2.5, 3.0, 2.0, 0.9, 4.7] -> cost 122.7

Best cost = 39.8  (nominal 3357.6)
Fitted params:
  jfetSatPos        0.54927   (nominal 0.3)
  jfetSatNeg         1.5345   (nominal 4)
  jfetCeilPos       0.98812   (nominal 1)
  jfetCeilNeg        1.1831   (nominal 0.5)
  jfetExpandBeta      0.71625   (nominal 1.8)
  clipA0              21.44   (nominal 25)
  clipSatLo         0.68475   (nominal 3.15)
  clipSatHi         0.78867   (nominal 3.85)
  clipK              1.7193   (nominal 1.5)
  kInputRef          1.3684   (nominal 0.87)
  clipC11            4.4296   (nominal 4.7)
  held: jfetGm=0.0001, jfetRo=200000, jfetRq2=1e+06, levelTaperExp=2.25, driveTaperExp=1.98

Acceptance checks (phase7-calibration-handover.md, step 4):
  |a|*s          = 0.8429   (monotonicity coupling; a fitted a should be single-digit)
  min slope      = +2.052e-05   (>= 0; a fold-back is infeasible)
  clipA0         = 21.440   (circuit.md says 20-30)
  clipSatLo+Hi   = 1.473 V   (26 % of the DERIVED 5.64 V rail, clipper_rail_selfconsistent.py) ** below the 3 V soft floor (26 % of the rail) — SOFT flag: needs a mechanism, is not a supply violation **
  kInputRef      = 1.368 V/FS  -> 0.68 V peak at the -6 dBFS 'hot bass' rung (passive ~0.1-1 V, hot active ~1-2 V)
  FAMILY verdict = PHYSICAL (with a SOFT flag — see clipSat line)   (clipSat AND implied input volts must BOTH be sane — never clipSat with K pinned)
  clipC11        = 4.43 nF   (schematic 4.7 nF; user-authorised to move)
  2*a*ceilNeg    = 3.631   (square law says ~1.0 — NOT constrained in the fit, so this is a real check)
  ceilNeg / s    = 2.15   (monotonicity needs >~ 1; resting AT 1 means the ceiling is on a constraint)
  jfetExpandBeta = 0.716   (EXPANSIVE cubic; must be > 0 — a <= 0 is the compressive regime the gate rejects)
  ψ3 @ 1000Hz    = model -134.2 vs capture -132.9 deg (|err| 1.3; small = JFET H3 in-phase, the branch-B claim)
  held jfetGm    = 0.100 mS   (session-4 anchor; --gm-scan checks LOW-drive ratio flatness, band 0.09-0.15)

FITTED plug vs capture (tone_220): harmonic-to-harmonic ratios c/p (the objective),
plus H2 re-fund c/p for reference (NOT fit — bleed-contaminated).
drive  |     H3-H2 c/p |     H4-H2 c/p |     H5-H2 c/p |   (H2reF) c/p
min    | -23.2/-23.9 | -33.9/-35.4 | -50.4/-50.0 | -36.0/-42.7
9:30   | -21.0/-22.2 | -37.2/-35.3 | -49.1/-42.5 | -34.4/-39.9
noon   | -10.6/-12.7 | -19.7/-24.1 | -25.4/-21.9 | -31.4/-36.8
2:30   |   1.3/  2.3 |  -6.5/ -7.4 |  -0.8/  1.6 | -31.9/-34.4
max    |   1.0/  0.7 |  -5.8/ -6.1 |   1.2/  1.0 | -30.0/-31.6

Step-4 gm-sensitivity of the fitted point (should be ~flat):

gm sensitivity of the fitted point (LOW-drive ratios flat = bleed-confound check):
   gm(mS) |    cost | min H3-H2/H4-H2 | 9:30 H3-H2/H4-H2 | noon H3-H2/H4-H2 | 2:30 H3-H2/H4-H2 | max H3-H2/H4-H2
    0.090 |    59.1 | -23.9/-34.9 | -22.7/-35.4 | -14.9/-26.3 |  +1.8/ -7.9 |  +2.6/ -6.1
    0.120 |    97.7 | -23.7/-36.2 | -21.0/-34.2 |  -8.7/-20.4 |  +3.1/ -6.9 |  -2.0/ -6.3
    0.150 |   311.7 | -23.2/-36.6 | -18.5/-31.3 |  -4.2/-16.1 |  +4.0/ -6.5 |  -4.4/ -6.5
