/Users/leighpierce/Git/Obsidian-B7000/analysis/captures.py:288: WavFileWarning: Chunk (non-data) not understood, skipping it.
  sr, x = wavfile.read(path)
Capture targets (tone_220): harmonic-to-harmonic ratios (dB) are the objective;
H2 re-fund shown for reference only (NOT fit — it is bleed-contaminated).
  drive    H3-H2   H4-H2   H5-H2    (H2reF)
  min      -23.2   -33.9   -50.4      -36.0
  9:30     -21.0   -37.2   -49.1      -34.4
  noon     -10.6   -19.7   -25.4      -31.4
  2:30       1.3    -6.5    -0.8      -31.9
  max        1.0    -5.8     1.2      -30.0
Phase target: drive-min ψ3 @ 1000 Hz = -132.9 deg (weight 0.05/deg^2; 220/440 down-weighted to 0 — bridged-T notch)

Nominal cost = 1925.3
  start [0.3, 1.7, 1.4, 0.5, 1.8, 25, 3.1, 3.1, 1.5] -> cost 207.3
  start [0.3, 1.8, 1.4, 0.5, 1.6, 28, 3.5, 3.5, 1.3] -> cost 226.9
  start [0.3, 2.5, 1.0, 0.5, 2.0, 22, 2.5, 3.0, 2.0] -> cost 195.7

Best cost = 195.7  (nominal 1925.3)
Fitted params:
  jfetSatPos        0.44026   (nominal 0.3)
  jfetSatNeg         2.5668   (nominal 4)
  jfetCeilPos       0.48747   (nominal 1)
  jfetCeilNeg       0.37617   (nominal 0.5)
  jfetExpandBeta       1.3433   (nominal 1.8)
  clipA0             8.2257   (nominal 25)
  clipSatLo          1.5543   (nominal 3.15)
  clipSatHi             1.5   (nominal 3.85)
  clipK              1.2254   (nominal 1.5)
  held: jfetGm=0.0001, jfetRo=200000, jfetRq2=1e+06, levelTaperExp=2.25, driveTaperExp=2.5

Acceptance checks (phase7-calibration-handover.md, step 4):
  |a|*s          = 1.1301   (monotonicity coupling; a fitted a should be single-digit)
  min slope      = +7.565e-07   (>= 0; a fold-back is infeasible)
  clipA0         = 8.226   (circuit.md says 20-30) ** OUTSIDE circuit.md's 20-30 **
  clipSatLo+Hi   = 3.054 V   (R19-dropped rail ~7 V)
  2*a*ceilNeg    = 1.931   (square law says ~1.0 — NOT constrained in the fit, so this is a real check)
  ceilNeg / s    = 0.85   (monotonicity needs >~ 1; resting AT 1 means the ceiling is on a constraint)
  jfetExpandBeta = 1.343   (EXPANSIVE cubic; must be > 0 — a <= 0 is the compressive regime the gate rejects)
  ψ3 @ 1000Hz    = model -138.7 vs capture -132.9 deg (|err| 5.8; small = JFET H3 in-phase, the branch-B claim)
  held jfetGm    = 0.100 mS   (step-2 re-anchor; --gm-scan checks ratio sensitivity, band 0.09-0.15)
  ** clipSatHi is RESTING ON ITS BOUND (1.5 in [1.5, 4]) — the optimum is outside the box, so this value is a property of the box, not the pedal. **

FITTED plug vs capture (tone_220): harmonic-to-harmonic ratios c/p (the objective),
plus H2 re-fund c/p for reference (NOT fit — bleed-contaminated).
drive  |     H3-H2 c/p |     H4-H2 c/p |     H5-H2 c/p |   (H2reF) c/p
min    | -23.2/-23.9 | -33.9/-36.1 | -50.4/-47.3 | -36.0/-43.0
9:30   | -21.0/-21.4 | -37.2/-34.0 | -49.1/-43.8 | -34.4/-38.6
noon   | -10.6/-15.2 | -19.7/-28.2 | -25.4/-30.0 | -31.4/-33.6
2:30   |   1.3/ -2.2 |  -6.5/-16.1 |  -0.8/ -9.6 | -31.9/-32.2
max    |   1.0/  5.2 |  -5.8/-10.6 |   1.2/  1.8 | -30.0/-33.6

Step-4 gm-sensitivity of the fitted point (should be ~flat):

gm sensitivity of the fitted point (ratios should be ~flat vs gm):
   gm(mS) |    cost | min H3-H2/H4-H2 | 9:30 H3-H2/H4-H2 | noon H3-H2/H4-H2 | 2:30 H3-H2/H4-H2 | max H3-H2/H4-H2
    0.090 |   246.1 | -24.2/-36.1 | -21.9/-34.3 | -16.2/-28.9 |  -3.6/-17.2 |  +4.0/-11.3
    0.120 |   162.0 | -23.4/-36.0 | -20.4/-33.5 | -13.5/-26.7 |  +0.2/-14.3 |  +7.1/ -9.5
    0.150 |   207.7 | -22.6/-35.8 | -19.0/-32.6 | -11.2/-24.9 |  +3.0/-12.4 |  +9.2/ -8.6
EXIT=0
