Session 13 step 1 — phase-aware harmonic analysis (drive-min).
psi_n = phi_n - n*phi_1 (deg), shift-invariant; LS complex-harmonic fit.

shift-invariance self-test: PASS

==============================================================================
TRAP FOUND (why the ceiling cannot be isolated by 'high clipSat'):
  The clipper's D1/D2 clamp window TRACKS satLo (Clipper.h: clampHi = 9.6 - satLo,
  clampLo = -0.6 - satLo). So clipSat >~ 10 makes the window ~[-1e4,-1e4], FREEZING
  node W -> the clipper becomes a DC source, and the only tone left at the output is
  the harmonic-free clean BLEND bleed (H2/H3 at the -168 dB floor). The plan's
  'ceiling-only via clipper at high sat' technique is INVALID. Isolations used here:
   * clipper-only  = jfetCeilPos/Neg = 1e6 (ceiling off, clipper NORMAL) — VALID.
   * ceiling contribution = COHERENT COMPLEX subtraction full - clipper-only among
     the aligned model renders (same chain latency), NOT a separate render.
==============================================================================

--- CAPTURE  drive-0700_base-od.wav ---
    tone |   H2dB   H3dB   H4dB |    psi2    psi3    psi4 |  noise
     110 |  -40.3  -80.9  -82.4 |  -173.1   122.0   179.7 |  -85.5
     220 |  -36.0  -59.8  -69.9 |  -128.1   -23.2   136.7 |  -84.8
     440 |  -35.7  -63.0  -55.8 |   110.7   -18.7    80.4 |  -85.9
    1000 |  -18.5  -25.6  -32.7 |    40.9  -132.9  -152.9 |  -72.8

--- MODEL full (session-11 fitted point, -14 dBFS) ---
    tone |   H2dB   H3dB   H4dB |    psi2    psi3    psi4 |  noise
     110 |  -41.8  -97.6 -103.5 |   -65.9   -36.4    98.8 |  -97.5
     220 |  -40.5  -56.3  -75.3 |    79.4   -78.6   -24.9 |  -81.9
     440 |  -32.9  -37.2  -52.3 |    81.7  -120.4  -157.3 |  -75.9
    1000 |  -17.1  -33.7  -44.3 |   -23.7    64.5    89.6 |  -83.0

--- MODEL clipper-only, -14 dBFS (ceiling off, clipper normal) ---
    tone |   H2dB   H3dB   H4dB |    psi2    psi3    psi4 |  noise
     110 |  -43.0  -84.2  -85.7 |   -65.6   134.8   -82.5 |  -99.6
     220 |  -42.1  -98.7  -65.7 |    80.5    87.3   -22.1 |  -89.6
     440 |  -34.8  -77.4  -46.4 |    81.1  -171.0  -156.7 |  -87.9
    1000 |  -19.5  -33.7  -44.4 |   -24.9  -114.4    48.0 |  -82.5

--- MODEL clipper-only, HOT +10 dB (clipper H3 at good SNR) ---
    tone |   H2dB   H3dB   H4dB |    psi2    psi3    psi4 |  noise
     110 |  -37.0  -63.0  -61.3 |   -65.1   133.2   -83.9 |  -89.9
     220 |  -39.9  -77.9  -45.8 |    80.1    80.2   -22.8 |  -61.6
     440 |  -35.5  -54.6  -30.5 |    80.4   172.0  -158.4 |  -52.6
    1000 |  -22.3  -16.7  -31.9 |    38.3  -141.0   176.2 |  -50.1

==============================================================================
MODEL H3 DECOMPOSITION — complex, per tone (deg = phase re that render's own phi1,
i.e. psi3; |.| = dB re fundamental). ceiling = full - clipper (coherent).
==============================================================================
    tone | full |H3|    psi3 | clip |H3|    psi3 | ceil |H3|    psi3 | ceil<->clip
     110 |     -97.6   -36.4 |     -84.2   134.8 |     -82.5   -43.9 |      178.8
     220 |     -56.3   -78.6 |     -98.7    87.3 |     -56.2   -78.7 |      166.0
     440 |     -37.2  -120.4 |     -77.4  -171.0 |     -37.2  -120.0 |       51.0
    1000 |     -33.7    64.5 |     -33.7  -114.4 |     -27.7    66.8 |      178.7
  (ceil<->clip ~ 180 deg re-derives session-12's anti-phase interference from PHASE.)

==============================================================================
VERDICT — capture H3 phase vs the model's ceiling and clipper contributions
==============================================================================
    tone |  H3 Hz |  cap psi3 capSNR |    ceil    clip | cap<->ceil cap<->clip | verdict
     110 |    330 |     122.0      5 |     -44     133 |        166         11 | (inconclusive: capSNR)
     220 |    660 |     -23.2     25 |     -79      80 |         56        103 | (inconclusive: H3@notch,clipSNR)
     440 |   1320 |     -18.7     23 |    -120     172 |        101        169 | (inconclusive: clipSNR,refs<90)
    1000 |   3000 |    -132.9     47 |      67    -141 |        160          8 | CLIPPER (ceiling BACKWARDS)

  Reading:
   * capture near CEILING phase  -> model ceiling odd term has the RIGHT sign, just
     too big -> a ceiling-magnitude reshape can work.
   * capture near CLIPPER phase  -> model ceiling odd term is BACKWARDS -> magnitude
     tweak cannot fix it; a phase-aware fit target is mandatory.
   * verdict DIFFERING across (clean) tones = the nonlinear H3 phase is
     FREQUENCY-DEPENDENT -> direct evidence for the static-vs-dynamic test (step 2).

  Conclusive tones: {'CLIPPER': 1}
