
CAPTURE grid (1 kHz fundamental dBFS out; columns = input dBFS):
drive |   -36   -33   -30   -27   -24   -21   -18   -15   -12    -9    -6    -3
min   | -63.1 -60.0 -57.0 -54.0 -51.1 -48.1 -45.1 -42.2 -39.4 -36.6 -33.8 -30.9
9:30  | -62.1 -59.0 -56.0 -53.0 -50.1 -47.2 -44.4 -41.7 -39.1 -36.4 -33.5 -30.6
noon  | -58.3 -55.4 -52.5 -49.9 -47.5 -45.5 -43.5 -41.3 -38.9 -36.2 -33.3 -30.4
2:30  | -51.7 -49.6 -48.1 -47.1 -46.2 -45.0 -43.4 -41.3 -38.9 -36.1 -33.3 -30.4
max   | -48.3 -47.7 -47.3 -46.9 -46.2 -45.1 -43.6 -41.5 -39.1 -36.2 -33.4 -30.4

Linearity at the low end (lvl_-36 -> lvl_-33 step; ~3.0 dB = linear, usable for taper):
  min  : +3.1 dB   (linear)
  9:30 : +3.1 dB   (linear)
  noon : +3.0 dB   (linear)
  2:30 : +2.1 dB   (COMPRESSED — excluded)
  max  : +0.6 dB   (COMPRESSED — excluded)

Capture small-signal gain vs knob (dB re drive-min, at lvl_-36):
  min:+0.0  9:30:+1.1  noon:+4.8  2:30:+11.4  max:+14.8

MODEL grid at driveTaperExp = 5.4463 (the harmonic-fit value):
drive |   -36   -33   -30   -27   -24   -21   -18   -15   -12    -9    -6    -3
min   | -67.5 -64.5 -61.5 -58.5 -55.5 -52.6 -49.5 -46.5 -43.5 -40.5 -37.6 -34.6
9:30  | -63.3 -60.3 -57.3 -54.3 -51.3 -48.5 -45.5 -42.7 -40.1 -37.9 -35.6 -33.3
noon  | -54.2 -51.2 -48.4 -45.7 -43.5 -42.3 -41.1 -39.9 -38.6 -37.0 -35.1 -33.2
2:30  | -50.9 -48.0 -45.4 -43.6 -42.5 -41.7 -40.8 -39.8 -38.5 -37.0 -35.3 -33.4
max   | -50.8 -47.9 -45.4 -43.5 -42.5 -41.7 -40.8 -39.7 -38.5 -37.0 -35.3 -33.4

Model small-signal gain vs knob (dB re drive-min, at lvl_-36):
  min:+0.0  9:30:+4.2  noon:+13.3  2:30:+16.6  max:+16.7

At p=5.4463:  grid err 3.12 dB (absolute, confounded)   CLEAN taper err 6.44 dB (the metric)

Independent LEVEL sweep of driveTaperExp:
      p |  grid | TAPER | small-signal rise vs knob (dB re min)  [capture 9:30:+1.1 noon:+4.8]
   1.00 |  6.38 |  2.57 | min:+0.0  9:30:+0.4  noon:+1.2  2:30:+3.4  max:+16.7
   1.50 |  5.28 |  1.85 | min:+0.0  9:30:+0.6  noon:+2.2  2:30:+6.5  max:+16.7
   2.00 |  4.28 |  0.95 | min:+0.0  9:30:+0.9  noon:+3.4  2:30:+9.7  max:+16.7
   2.50 |  3.55 |  0.18 | min:+0.0  9:30:+1.3  noon:+4.9  2:30:+12.4  max:+16.7
   3.00 |  3.10 |  1.31 | min:+0.0  9:30:+1.6  noon:+6.5  2:30:+14.3  max:+16.7
   3.50 |  2.87 |  2.51 | min:+0.0  9:30:+2.1  noon:+8.2  2:30:+15.4  max:+16.7
   4.50 |  2.86 |  4.74 | min:+0.0  9:30:+3.1  noon:+11.2  2:30:+16.4  max:+16.7
   5.45 |  3.12 |  6.44 | min:+0.0  9:30:+4.2  noon:+13.3  2:30:+16.6  max:+16.7
   6.50 |  3.44 |  7.83 | min:+0.0  9:30:+5.5  noon:+14.9  2:30:+16.7  max:+16.7

CLEAN-taper-optimal p = 2.50  (taper err 0.18 dB) <- the trustworthy taper estimate
Confounded grid-optimal p = 4.50  (grid err 2.86 dB) <- pulled steep by compressed high-drive columns
Harmonic-fit p            = 5.45  (fit_nonlinear.py, session 10)
