Capture targets (tone_220): harmonic-to-harmonic ratios (dB) are the objective;
H2 re-fund shown for reference only (NOT fit — it is bleed-contaminated).
  drive    H3-H2   H4-H2   H5-H2    (H2reF)
  min      -23.2   -33.9   -50.4      -36.0
  9:30     -21.0   -37.2   -49.1      -34.4
  noon     -10.6   -19.7   -25.4      -31.4
  2:30       1.3    -6.5    -0.8      -31.9
  max        1.0    -5.8     1.2      -30.0

Nominal cost = 5060.4
  start [0.2, 0.9, 6.1, 0.5, 24, 2.0, 2.4] -> cost 298.0
  start [0.2, 1.8, 0.5, 0.3, 28, 1.6, 1.9] -> cost 289.0
  start [0.3, 4.0, 1.0, 0.5, 25, 3.1, 3.9] -> cost 539.8

Best cost = 289.0  (nominal 5060.4)
Fitted params:
  jfetSatPos        0.24601   (nominal 0.3)
  jfetSatNeg         2.6099   (nominal 4)
  jfetCeilPos       0.48727   (nominal 1)
  jfetCeilNeg       0.27357   (nominal 0.5)
  clipA0             29.937   (nominal 25)
  clipSatLo          1.2328   (nominal 3.15)
  clipSatHi          1.5779   (nominal 3.85)
  held: jfetGm=0.0001, jfetRo=200000, jfetRq2=1e+06, levelTaperExp=2.25, driveTaperExp=2.5

Acceptance checks (phase7-calibration-handover.md, step 4):
  |a|*s          = 0.6421   (monotonicity coupling; a fitted a should be single-digit)
  min slope      = +1.261e-190   (>= 0; a fold-back is infeasible)
  clipA0         = 29.937   (circuit.md says 20-30)
  clipSatLo+Hi   = 2.811 V   (R19-dropped rail ~7 V)
  2*a*ceilNeg    = 1.428   (square law says ~1.0 — NOT constrained in the fit, so this is a real check)
  ceilNeg / s    = 1.11   (monotonicity needs >~ 1; resting AT 1 means the ceiling is on a constraint)
  held jfetGm    = 0.100 mS   (step-2 re-anchor; --gm-scan checks ratio sensitivity, band 0.09-0.15)
  ** clipA0 is RESTING ON ITS BOUND (29.9374 in [3, 30]) — the optimum is outside the box, so this value is a property of the box, not the pedal. **

FITTED plug vs capture (tone_220): harmonic-to-harmonic ratios c/p (the objective),
plus H2 re-fund c/p for reference (NOT fit — bleed-contaminated).
drive  |     H3-H2 c/p |     H4-H2 c/p |     H5-H2 c/p |   (H2reF) c/p
min    | -23.2/-17.8 | -33.9/-31.4 | -50.4/-43.7 | -36.0/-40.9
9:30   | -21.0/-17.9 | -37.2/-31.2 | -49.1/-43.3 | -34.4/-36.7
noon   | -10.6/-18.6 | -19.7/-29.8 | -25.4/-40.8 | -31.4/-32.1
2:30   |   1.3/  0.4 |  -6.5/ -1.9 |  -0.8/ -3.1 | -31.9/-39.7
max    |   1.0/  2.0 |  -5.8/ -9.0 |   1.2/ -0.1 | -30.0/-27.6

Step-4 gm-sensitivity of the fitted point (should be ~flat):

gm sensitivity of the fitted point (ratios should be ~flat vs gm):
   gm(mS) |    cost | min H3-H2/H4-H2 | 9:30 H3-H2/H4-H2 | noon H3-H2/H4-H2 | 2:30 H3-H2/H4-H2 | max H3-H2/H4-H2
    0.090 |   498.5 | -17.6/-31.1 | -17.7/-30.9 | -18.3/-29.8 | -11.3/-10.6 |  +0.8/-11.5
    0.120 |   286.7 | -18.1/-32.2 | -18.2/-31.9 | -19.4/-29.7 |  +3.7/ -3.6 |  +3.9/ -6.9
    0.150 |   332.5 | -18.5/-33.4 | -18.7/-32.9 | -20.8/-29.2 |  -0.7/-15.1 |  +5.8/ -6.0
