/Users/leighpierce/Git/Obsidian-B7000/analysis/captures.py:303: WavFileWarning: Chunk (non-data) not understood, skipping it.
  sr, x = wavfile.read(path)
Capture targets (tone_220): harmonic-to-harmonic ratios (dB) are the objective;
H2 re-fund shown for reference only (NOT fit — it is bleed-contaminated).
  drive    H3-H2   H4-H2   H5-H2    (H2reF)
  min      -23.2   -33.9   -50.4      -36.0
  9:30     -21.0   -37.2   -49.1      -34.4
  noon     -10.6   -19.7   -25.4      -31.4
  2:30       1.3    -6.5    -0.8      -31.9
  max        1.0    -5.8     1.2      -30.0
Phase target: drive-min ψ3 @ 1000 Hz = -132.9 deg (weight 0.05/deg^2; 220/440 down-weighted to 0 — bridged-T notch)

Nominal cost = 3357.6
** clipA0 FENCED to [20, 30] — session-17 fenced refit (GRUNT-corner measurement: the low cut corner is real; carry it in C11) **
  start [0.3, 1.7, 1.4, 0.5, 1.8, 25, 3.1, 3.1, 1.5, 2.4, 22.0] -> cost 215.0
  start [0.3, 1.8, 1.4, 0.5, 1.6, 28, 3.5, 3.5, 1.3, 3.4, 12.0] -> cost 97.0
  start [0.3, 2.5, 1.0, 0.5, 2.0, 22, 2.5, 3.0, 2.0, 0.9, 4.7] -> cost 99.7

Best cost = 97.0  (nominal 3357.6)
Fitted params:
  jfetSatPos        0.29135   (nominal 0.3)
  jfetSatNeg          1.363   (nominal 4)
  jfetCeilPos          1.34   (nominal 1)
  jfetCeilNeg        0.4259   (nominal 0.5)
  jfetExpandBeta      0.62463   (nominal 1.8)
  clipA0             22.643   (nominal 25)
  clipSatLo          3.3229   (nominal 3.15)
  clipSatHi          3.9999   (nominal 3.85)
  clipK              1.2834   (nominal 1.5)
  kInputRef          5.9719   (nominal 0.87)
  clipC11            5.3757   (nominal 4.7)
  held: jfetGm=0.0001, jfetRo=200000, jfetRq2=1e+06, levelTaperExp=2.25, driveTaperExp=1.98

Acceptance checks (phase7-calibration-handover.md, step 4):
  |a|*s          = 0.3971   (monotonicity coupling; a fitted a should be single-digit)
  min slope      = +1.016e-06   (>= 0; a fold-back is infeasible)
  clipA0         = 22.643   (circuit.md says 20-30)
  clipSatLo+Hi   = 7.323 V   (130 % of the DERIVED 5.64 V rail, clipper_rail_selfconsistent.py) ** EXCEEDS the self-consistent rail 5.64 V (130 %) — IMPOSSIBLE, not merely unlikely **
  kInputRef      = 5.972 V/FS  -> 2.99 V peak at the -6 dBFS 'hot bass' rung (passive ~0.1-1 V, hot active ~1-2 V) ** implausible for a bass pickup **
  FAMILY verdict = NOT PHYSICAL   (clipSat AND implied input volts must BOTH be sane — never clipSat with K pinned)
  clipC11        = 5.38 nF   (schematic 4.7 nF; user-authorised to move)
  2*a*ceilNeg    = 1.161   (square law says ~1.0 — NOT constrained in the fit, so this is a real check)
  ceilNeg / s    = 1.46   (monotonicity needs >~ 1; resting AT 1 means the ceiling is on a constraint)
  jfetExpandBeta = 0.625   (EXPANSIVE cubic; must be > 0 — a <= 0 is the compressive regime the gate rejects)
  ψ3 @ 1000Hz    = model -162.3 vs capture -132.9 deg (|err| 29.4; small = JFET H3 in-phase, the branch-B claim)
  held jfetGm    = 0.100 mS   (session-4 anchor; --gm-scan checks LOW-drive ratio flatness, band 0.09-0.15)
  ** clipSatHi is RESTING ON ITS BOUND (3.99987 in [1.5, 4]) — the optimum is outside the box, so this value is a property of the box, not the pedal. **
  ** kInputRef is RESTING ON ITS BOUND (5.97185 in [0.4, 6]) — the optimum is outside the box, so this value is a property of the box, not the pedal. **

FITTED plug vs capture (tone_220): harmonic-to-harmonic ratios c/p (the objective),
plus H2 re-fund c/p for reference (NOT fit — bleed-contaminated).
drive  |     H3-H2 c/p |     H4-H2 c/p |     H5-H2 c/p |   (H2reF) c/p
min    | -23.2/-23.2 | -33.9/-34.2 | -50.4/-51.9 | -36.0/-33.5
9:30   | -21.0/-22.3 | -37.2/-30.2 | -49.1/-50.7 | -34.4/-31.0
noon   | -10.6/-11.6 | -19.7/-14.8 | -25.4/-28.5 | -31.4/-30.1
2:30   |   1.3/  0.3 |  -6.5/ -5.4 |  -0.8/ -1.6 | -31.9/-33.5
max    |   1.0/  2.2 |  -5.8/ -6.9 |   1.2/ -3.4 | -30.0/-37.0

Step-4 gm-sensitivity of the fitted point (should be ~flat):

gm sensitivity of the fitted point (LOW-drive ratios flat = bleed-confound check):
   gm(mS) |    cost | min H3-H2/H4-H2 | 9:30 H3-H2/H4-H2 | noon H3-H2/H4-H2 | 2:30 H3-H2/H4-H2 | max H3-H2/H4-H2
    0.090 |   156.2 | -23.2/-34.3 | -22.6/-31.4 | -14.5/-17.6 |  +0.1/ -5.6 |  +2.0/ -6.6
    0.120 |   190.0 | -23.2/-33.4 | -21.4/-27.6 |  -6.7/-11.0 |  +0.8/ -5.4 |  +2.4/ -7.7
    0.150 |   489.1 | -22.9/-31.4 | -19.3/-24.0 |  -2.1/ -8.0 |  +1.4/ -5.6 |  +2.1/ -9.3
