/Users/leighpierce/Git/Obsidian-B7000/analysis/captures.py:303: WavFileWarning: Chunk (non-data) not understood, skipping it.
  sr, x = wavfile.read(path)
Capture targets (tone_220): harmonic-to-harmonic ratios (dB) are the objective;
H2 re-fund shown for reference only (NOT fit — it is bleed-contaminated).
  drive    H3-H2   H4-H2   H5-H2    (H2reF)
  min      -23.2   -33.9   -50.4      -36.0
  9:30     -21.0   -37.2   -49.1      -34.4
  noon     -10.6   -19.7   -25.4      -31.4
  2:30       1.3    -6.5    -0.8      -31.9
  max        1.0    -5.8     1.2      -30.0
Phase target: drive-min ψ3 @ 1000 Hz = -132.9 deg (weight 0.05/deg^2; 220/440 down-weighted to 0 — bridged-T notch)

Nominal cost = 3357.6
** SQUARE-LAW CONSTRAINT ACTIVE: jfetCeilNeg := 1/(2*jfetSatNeg), i.e. 2*a*ceilNeg == 1 is IMPOSED, not checked. **
   This is a deliberate experiment (what does the step-4 corroboration COST?), NOT the normal fit —
   the identity is normally left free precisely so it can corroborate. Read the cost, not the check.
** clipA0 FENCED to [8, 30]  (was [3, 30]) **
** kInputRef FENCED to [0.4, 1.509]  (was [0.4, 6]) **
** clipSatLo FENCED to [0.3, 4]  (was [1.5, 4]) **
** clipSatHi FENCED to [0.3, 4]  (was [1.5, 4]) **
** 3 EXPLICIT start(s) given — the three defaults are NOT used. **
  start [0.5, 0.7, 1.0, 0.7, 1.0, 14.0, 1.5, 1.8, 1.8, 1.0, 6.0] -> cost 79.9
  start [0.4, 1.0, 1.0, 0.5, 1.2, 10.0, 1.2, 1.5, 1.9, 1.2, 8.0] -> cost 202.1
  start [0.3, 2.5, 1.0, 0.2, 2.0, 20.0, 2.5, 3.0, 2.0, 0.9, 4.7] -> cost 162.4

Best cost = 79.9  (nominal 3357.6)
Fitted params:
  jfetSatPos        0.31612   (nominal 0.3)
  jfetSatNeg         1.3578   (nominal 4)
  jfetCeilPos        2.4513   (nominal 1)
  jfetCeilNeg       0.36824   (nominal 0.5)
  jfetExpandBeta            0   (nominal 1.8)
  clipA0             10.559   (nominal 25)
  clipSatLo             0.3   (nominal 3.15)
  clipSatHi         0.42078   (nominal 3.85)
  clipK              2.3153   (nominal 1.5)
  kInputRef         0.97208   (nominal 0.87)
  clipC11            4.1541   (nominal 4.7)
  held: jfetGm=0.0001, jfetRo=200000, jfetRq2=1e+06, levelTaperExp=2.25, driveTaperExp=1.98

Acceptance checks (phase7-calibration-handover.md, step 4):
  |a|*s          = 0.4292   (monotonicity coupling; a fitted a should be single-digit)
  min slope      = +5.779e-07   (>= 0; a fold-back is infeasible)
  clipA0         = 10.559   (circuit.md says 20-30) ** OUTSIDE circuit.md's 20-30 **
  clipSatLo+Hi   = 0.721 V   (13 % of the DERIVED 5.64 V rail, clipper_rail_selfconsistent.py) ** below the 3 V soft floor (13 % of the rail) — SOFT flag: needs a mechanism, is not a supply violation **
  kInputRef      = 0.972 V/FS  -> 0.49 V peak at the -6 dBFS 'hot bass' rung (passive ~0.1-1 V, hot active ~1-2 V)
  FAMILY verdict = PHYSICAL (with a SOFT flag — see clipSat line)   (clipSat AND implied input volts must BOTH be sane — never clipSat with K pinned)
  clipC11        = 4.15 nF   (schematic 4.7 nF; user-authorised to move)
  2*a*ceilNeg    = 1.000   (square law says ~1.0 — NOT constrained in the fit, so this is a real check)
  ceilNeg / s    = 1.16   (monotonicity needs >~ 1; resting AT 1 means the ceiling is on a constraint)
  jfetExpandBeta = 0.000   (EXPANSIVE cubic; must be > 0 — a <= 0 is the compressive regime the gate rejects)
     ** beta <= 0: NOT expansive, the gate premise is violated **
  ψ3 @ 1000Hz    = model -142.6 vs capture -132.9 deg (|err| 9.7; small = JFET H3 in-phase, the branch-B claim)
  held jfetGm    = 0.100 mS   (session-4 anchor; --gm-scan checks LOW-drive ratio flatness, band 0.09-0.15)
  ** jfetExpandBeta is RESTING ON ITS BOUND (0 in [0, 4]) — the optimum is outside the box, so this value is a property of the box, not the pedal. **
  ** clipSatLo is RESTING ON ITS BOUND (0.3 in [0.3, 4]) — the optimum is outside the box, so this value is a property of the box, not the pedal. **

FITTED plug vs capture (tone_220): harmonic-to-harmonic ratios c/p (the objective),
plus H2 re-fund c/p for reference (NOT fit — bleed-contaminated).
drive  |     H3-H2 c/p |     H4-H2 c/p |     H5-H2 c/p |   (H2reF) c/p
min    | -23.2/-28.6 | -33.9/-35.3 | -50.4/-48.1 | -36.0/-47.8
9:30   | -21.0/-19.9 | -37.2/-36.6 | -49.1/-40.7 | -34.4/-44.6
noon   | -10.6/ -8.8 | -19.7/-22.8 | -25.4/-20.5 | -31.4/-36.6
2:30   |   1.3/ -0.9 |  -6.5/ -7.2 |  -0.8/ -1.8 | -31.9/-32.6
max    |   1.0/  0.8 |  -5.8/ -6.1 |   1.2/  1.3 | -30.0/-33.3

Step-4 gm-sensitivity of the fitted point (should be ~flat):

gm sensitivity of the fitted point (LOW-drive ratios flat = bleed-confound check):
   gm(mS) |    cost | min H3-H2/H4-H2 | 9:30 H3-H2/H4-H2 | noon H3-H2/H4-H2 | 2:30 H3-H2/H4-H2 | max H3-H2/H4-H2
    0.090 |   111.7 | -30.4/-35.1 | -21.9/-35.7 |  -9.9/-27.3 |  -1.5/ -7.5 |  +2.5/ -6.0
    0.120 |   154.4 | -25.4/-35.9 | -16.5/-40.1 |  -7.5/-17.3 |  +0.3/ -6.7 |  -1.5/ -6.2
    0.150 |   394.7 | -21.4/-37.0 | -12.6/-41.0 |  -5.9/-12.9 |  +1.6/ -6.4 |  -3.8/ -6.4
