Session 13 step 6 — drive-min ladder (dense H2 vs level x frequency).
tones (110.0, 220.0, 440.0) Hz, levels -6..-60 dBFS (3 dB). capture: analysis/captures/jfet_ladder_drive-min.wav
sweep-anchor alignment lag: 0 samples

tone 110 Hz (Gpre -7.27, below corner):
   A_in  A_eff |  cap H2 capSNR |  mdl H2 | clip H2 | clean?
     -6  -13.3 |   -32.7     55 |   -35.3 |   -72.3 | yes
     -9  -16.3 |   -35.4     52 |   -37.6 |   -79.1 | yes
    -12  -19.3 |   -38.3     49 |   -40.3 |   -85.5 | yes
    -15  -22.3 |   -41.3     47 |   -43.2 |   -91.7 | yes
    -18  -25.3 |   -44.3     45 |   -46.2 |   -97.7 | yes
    -21  -28.3 |   -47.3     40 |   -49.2 |  -103.8 | yes
    -24  -31.3 |   -50.3     38 |   -52.3 |  -109.8 | yes
    -27  -34.3 |   -53.3     34 |   -55.3 |  -115.8 | yes
    -30  -37.3 |   -56.3     33 |   -58.4 |  -121.7 | yes
    -33  -40.3 |   -59.3     29 |   -61.4 |  -127.6 | yes
    -36  -43.3 |   -62.3     27 |   -64.4 |  -133.5 | yes
    -39  -46.3 |   -65.3     23 |   -67.4 |  -139.1 | yes
    -42  -49.3 |   -68.3     20 |   -70.4 |  -144.5 | yes
    -45  -52.3 |   -71.3     17 |   -73.5 |  -149.0 | yes
    -48  -55.3 |   -74.2     15 |   -76.5 |  -153.0 | yes
    -51  -58.3 |   -77.3     11 |   -79.5 |  -155.6 | no
    -54  -61.3 |   -80.3      9 |   -82.5 |  -157.3 | no
    -57  -64.3 |   -83.2      4 |   -85.5 |  -158.3 | no
    -60  -67.3 |   -86.5      3 |   -88.5 |  -158.5 | no
tone 220 Hz (Gpre -3.80, above corner):
   A_in  A_eff |  cap H2 capSNR |  mdl H2 | clip H2 | clean?
     -6   -9.8 |   -31.0      8 |   -35.9 |   -84.2 | no
     -9  -12.8 |   -30.1     36 |   -37.2 |   -90.5 | yes
    -12  -15.8 |   -33.8     49 |   -39.3 |   -96.7 | yes
    -15  -18.8 |   -37.0     50 |   -41.9 |  -102.8 | yes
    -18  -21.8 |   -40.1     51 |   -44.7 |  -108.8 | yes
    -21  -24.8 |   -43.1     47 |   -47.7 |  -114.8 | yes
    -24  -27.8 |   -46.1     44 |   -50.7 |  -120.8 | yes
    -27  -30.8 |   -49.2     41 |   -53.8 |  -126.8 | yes
    -30  -33.8 |   -52.2     40 |   -56.8 |  -132.8 | yes
    -33  -36.8 |   -55.2     34 |   -59.8 |  -138.7 | yes
    -36  -39.8 |   -58.2     34 |   -62.9 |  -144.4 | yes
    -39  -42.8 |   -61.1     28 |   -65.9 |  -150.1 | yes
    -42  -45.8 |   -64.2     27 |   -68.9 |  -155.6 | yes
    -45  -48.8 |   -67.2     22 |   -71.9 |  -160.8 | yes
    -48  -51.8 |   -70.2     20 |   -74.9 |  -164.4 | yes
    -51  -54.8 |   -73.1     17 |   -77.9 |  -167.7 | yes
    -54  -57.8 |   -76.1     16 |   -80.9 |  -168.1 | yes
    -57  -60.8 |   -79.2     11 |   -83.9 |  -171.6 | no
    -60  -63.8 |   -82.1      8 |   -86.9 |  -171.1 | no
tone 440 Hz (Gpre -1.89, above corner):
   A_in  A_eff |  cap H2 capSNR |  mdl H2 | clip H2 | clean?
     -6   -7.9 |   -31.5      5 |   -29.7 |   -78.6 | no
     -9  -10.9 |   -31.5     30 |   -30.3 |   -85.1 | yes
    -12  -13.9 |   -33.9     46 |   -31.9 |   -91.4 | yes
    -15  -16.9 |   -36.6     51 |   -34.2 |   -97.5 | yes
    -18  -19.9 |   -39.4     50 |   -36.9 |  -103.6 | yes
    -21  -22.9 |   -42.3     48 |   -39.8 |  -109.6 | yes
    -24  -25.9 |   -45.2     46 |   -42.8 |  -115.6 | yes
    -27  -28.9 |   -48.2     44 |   -45.8 |  -121.6 | yes
    -30  -31.9 |   -51.1     39 |   -48.9 |  -127.6 | yes
    -33  -34.9 |   -54.1     36 |   -51.9 |  -133.6 | yes
    -36  -37.9 |   -57.1     32 |   -54.9 |  -139.7 | yes
    -39  -40.9 |   -60.1     30 |   -58.0 |  -145.6 | yes
    -42  -43.9 |   -63.1     27 |   -61.0 |  -151.7 | yes
    -45  -46.9 |   -66.1     23 |   -64.0 |  -157.8 | yes
    -48  -49.9 |   -69.1     22 |   -67.0 |  -164.3 | yes
    -51  -52.9 |   -72.1     18 |   -70.0 |  -170.0 | yes
    -54  -55.9 |   -75.1     18 |   -73.0 |  -179.9 | yes
    -57  -58.9 |   -78.1     11 |   -76.0 |  -175.4 | no
    -60  -61.9 |   -81.1     12 |   -79.0 |  -185.5 | yes

==============================================================================
DECISIVE — capture slope MINUS model slope, per frequency (clean pts only)
==============================================================================
    tone corner | A_eff -> (cap_slope - mdl_slope)
     110  below | -53.8->-0.03  -50.8->+0.01  -47.8->-0.00  -44.8->-0.01  -41.8->-0.00  -38.8->-0.01  -35.8->-0.01  -32.8->-0.02  -29.8->-0.02  -26.8->-0.02  -23.8->-0.01  -20.8->+0.01  -17.8->+0.07  -14.8->+0.17
     220  above | -56.3->-0.00  -53.3->-0.01  -50.3->-0.00  -47.3->-0.00  -44.3->-0.00  -41.3->-0.01  -38.3->-0.01  -35.3->-0.01  -32.3->-0.01  -29.3->-0.01  -26.3->-0.01  -23.3->+0.02  -20.3->+0.07  -17.3->+0.21  -14.3->+0.55
     440  above | -54.4->-0.00  -51.4->-0.01  -48.4->-0.00  -45.4->-0.01  -42.4->-0.01  -39.4->-0.01  -36.4->-0.01  -33.4->-0.02  -30.4->-0.02  -27.4->-0.02  -24.4->-0.02  -21.4->-0.01  -18.4->+0.03  -15.4->+0.13  -12.4->+0.28

  mean |cap-mdl slope|: below-corner +0.03 (n=14), above-corner +0.05 (n=30)

  VERDICT (drive-min = JFET-static test):
   * below ~ above and both ~0 (<=0.15) => STATIC CONFIRMED => proceed to the
     phase-aware ceiling-odd-term reshape (handover §3r).
   * below-corner systematically larger / opposite-signed, robust => DYNAMIC => the
     JFET needs the coupled-Newton clipper treatment; abandon static-family reshapes.
