============================================================================================
DRIVE taper — BLEED-FREE shape measurement (session 16 step 1)
============================================================================================
Premise: only DriveStage is drive-dependent => Y(f,x) = C(f) + M(f)*g(x), g real.
The clean BLEND bleed lives entirely in C and CANCELS. Anchors g(0)=1/104.3k, g(1)=1/4.3k
are taper-SHAPE-independent circuit facts. Two estimators: (A) complex affine,
(B) magnitude-only 3-freq joint (alignment-immune). Self-tested on model renders first.

--------------------------------------------------------------------------------------------
LOAD + ALIGN
--------------------------------------------------------------------------------------------
  drive   min (x=0.00)  cap lag   +0.037 smp   mdl lag  +64.082 smp   cap fund-SNR min  87.7 dB
  drive  9:30 (x=0.25)  cap lag   +0.097 smp   mdl lag  +64.135 smp   cap fund-SNR min  88.5 dB
  drive  noon (x=0.50)  cap lag   +2.522 smp   mdl lag  +67.322 smp   cap fund-SNR min  88.7 dB
  drive  2:30 (x=0.75)  cap lag   +2.527 smp   mdl lag  +67.517 smp   cap fund-SNR min  89.0 dB
  drive   max (x=1.00)  cap lag   +2.421 smp   mdl lag  +67.555 smp   cap fund-SNR min  88.6 dB
  (SNR = fundamental vs LS residual. Low SNR at the quietest rungs would show here.)

--------------------------------------------------------------------------------------------
ESTIMATOR SELF-TEST (L-006) — recover the MODEL's KNOWN taper R = 100k*(1-x)^2.5
--------------------------------------------------------------------------------------------
   drive |    TRUE R |  (A) joint  (B) magonly |  naive 110Hz  naive 440Hz   <- alignment trap
    9:30 |    48.71k |     48.71k       48.71k |       48.72k       50.57k
    noon |    17.68k |     17.68k       17.68k |       17.82k       13.27k
    2:30 |     3.12k |      3.12k        3.13k |        3.13k        2.79k
  worst error vs truth:  (A)  0.00%   (B)  0.00%      [(A) rms 1.15e-06, (B) rms 1.74e-07]
  (A) recovered per-take delays (smp, take0=0 by construction): +0.00 -0.05 -3.24 -3.44 -3.47
  The 'naive' columns are the SAME data with per-take delay NOT modelled: exact at
  110 Hz, badly biased at 440 Hz. That contrast IS the alignment trap, shown not asserted.
  SELF-TEST PASSED (both estimators <5% on a KNOWN taper, through the same chain,
  same bleed, same EQ) — so they measure the taper, not a bleed/EQ/level artefact.

--------------------------------------------------------------------------------------------
MEASUREMENT — the REAL pedal's DRIVE taper
--------------------------------------------------------------------------------------------
  (A) recovered per-take delays (smp): +0.00 -0.06 -2.95 -3.68 -3.82   [fit rms 2.78e-03]
  (B) magnitude-only joint fit rms 4.91e-04

  Per-level stability (estimator B re-solved at each rung — a clipper-grazed rung would
  drift; flat rows mean the small-signal premise holds):
    level |       9:30       noon       2:30
    -57 dB |     65.26k     25.87k      6.37k
    -54 dB |     65.37k     25.93k      6.37k
    -51 dB |     65.58k     26.05k      6.39k

--------------------------------------------------------------------------------------------
RESULT — measured taper vs the shipped power law
--------------------------------------------------------------------------------------------
   drive  knob |      (A) R      (B) R   agree |  MODEL (1-x)^2.5 |          stage gain |  level err
    9:30  0.25 |     65.13k     65.41k    0.4% |           48.71k | meas 15.18 mdl 17.18 |     -1.99 dB
    noon  0.50 |     25.36k     25.95k    2.3% |           17.68k | meas 21.59 mdl 24.09 |     -2.50 dB
    2:30  0.75 |      6.27k      6.38k    1.6% |            3.12k | meas 30.12 mdl 33.15 |     -3.03 dB
  'agree' = |A-B|/mean. A uses phase + a delay model; B never looks at a phase. They
  fail differently, so agreement is real evidence, not a shared assumption.
  'level err' = measured stage gain MINUS model stage gain at that knob, bleed removed.
  POSITIVE = the real pedal drives the CD4049 HARDER there than the model does.

--------------------------------------------------------------------------------------------
SENSITIVITY — the x=1 anchor assumes ZERO pot end resistance (the only non-fact used)
--------------------------------------------------------------------------------------------
    end R |         9:30         noon         2:30
       0R |       65.41k       25.95k        6.38k
     500R |       68.01k       28.48k        7.53k
    1000R |       70.28k       30.87k        8.67k
  A real 100k pot's end resistance is typically <1% (<1k). If the ordering/conclusion
  is stable across this range, the zero-end-R anchor is not load-bearing.

============================================================================================
READ-OUT
============================================================================================
  * The MEASURED interior resistances above are what a proper C-taper curve must hit in
    step (2). Do NOT fit another power-law exponent to them — the shape FAMILY is the
    thing under suspicion, and a power law is pinned by its two endpoints (which are
    already anchored here), so it has exactly ONE degree of freedom to hit THREE points.
  * 'gain err' is the direct answer to session 15's blocker: it is the dB by which the
    real pedal drives the CD4049 harder (or softer) than the model at each knob, with
    the bleed removed. A positive noon entry is the missing noon level.
