/Users/leighpierce/Git/Obsidian-B7000/analysis/captures.py:303: WavFileWarning: Chunk (non-data) not understood, skipping it.
  sr, x = wavfile.read(path)
Capture targets (tone_220): harmonic-to-harmonic ratios (dB) are the objective;
H2 re-fund shown for reference only (NOT fit — it is bleed-contaminated).
  drive    H3-H2   H4-H2   H5-H2    (H2reF)
  min      -23.2   -33.9   -50.4      -36.0
  9:30     -21.0   -37.2   -49.1      -34.4
  noon     -10.6   -19.7   -25.4      -31.4
  2:30       1.3    -6.5    -0.8      -31.9
  max        1.0    -5.8     1.2      -30.0
Phase target: drive-min ψ3 @ 1000 Hz = -132.9 deg (weight 0.05/deg^2; 220/440 down-weighted to 0 — bridged-T notch)

Nominal cost = 3357.6
** SQUARE-LAW CONSTRAINT ACTIVE: jfetCeilNeg := 1/(2*jfetSatNeg), i.e. 2*a*ceilNeg == 1 is IMPOSED, not checked. **
   This is a deliberate experiment (what does the step-4 corroboration COST?), NOT the normal fit —
   the identity is normally left free precisely so it can corroborate. Read the cost, not the check.
** clipA0 FENCED to [20, 30] — session-17 fenced refit (GRUNT-corner measurement: the low cut corner is real; carry it in C11) **
** kInputRef FENCED to [0.4, 1.509]  (was [0.4, 6]) **
** 3 EXPLICIT start(s) given — the three defaults are NOT used. **
  start [0.3, 1.2, 2.0, 0.4, 1.0, 22.0, 1.6, 1.9, 2.9, 1.4, 3.7] -> cost 201.8
  start [0.5, 0.7, 1.0, 0.7, 1.0, 25.0, 1.8, 2.2, 1.8, 1.5, 6.0] -> cost 204.9
  start [0.4, 1.0, 1.5, 0.5, 1.2, 24.0, 2.5, 3.0, 2.0, 1.5, 8.0] -> cost 208.5

Best cost = 201.8  (nominal 3357.6)
Fitted params:
  jfetSatPos        0.49653   (nominal 0.3)
  jfetSatNeg        0.72508   (nominal 4)
  jfetCeilPos        4.0947   (nominal 1)
  jfetCeilNeg       0.68958   (nominal 0.5)
  jfetExpandBeta      0.35932   (nominal 1.8)
  clipA0             20.052   (nominal 25)
  clipSatLo             1.5   (nominal 3.15)
  clipSatHi          1.7387   (nominal 3.85)
  clipK               1.812   (nominal 1.5)
  kInputRef          1.5088   (nominal 0.87)
  clipC11            7.0617   (nominal 4.7)
  held: jfetGm=0.0001, jfetRo=200000, jfetRq2=1e+06, levelTaperExp=2.25, driveTaperExp=1.98

Acceptance checks (phase7-calibration-handover.md, step 4):
  |a|*s          = 0.3600   (monotonicity coupling; a fitted a should be single-digit)
  min slope      = +4.572e-06   (>= 0; a fold-back is infeasible)
  clipA0         = 20.052   (circuit.md says 20-30)
  clipSatLo+Hi   = 3.239 V   (57 % of the DERIVED 5.64 V rail, clipper_rail_selfconsistent.py)
  kInputRef      = 1.509 V/FS  -> 0.75 V peak at the -6 dBFS 'hot bass' rung (passive ~0.1-1 V, hot active ~1-2 V)
  FAMILY verdict = PHYSICAL   (clipSat AND implied input volts must BOTH be sane — never clipSat with K pinned)
  clipC11        = 7.06 nF   (schematic 4.7 nF; user-authorised to move)
  2*a*ceilNeg    = 1.000   (square law says ~1.0 — NOT constrained in the fit, so this is a real check)
  ceilNeg / s    = 1.39   (monotonicity needs >~ 1; resting AT 1 means the ceiling is on a constraint)
  jfetExpandBeta = 0.359   (EXPANSIVE cubic; must be > 0 — a <= 0 is the compressive regime the gate rejects)
  ψ3 @ 1000Hz    = model -160.3 vs capture -132.9 deg (|err| 27.4; small = JFET H3 in-phase, the branch-B claim)
  held jfetGm    = 0.100 mS   (session-4 anchor; --gm-scan checks LOW-drive ratio flatness, band 0.09-0.15)
  ** clipA0 is RESTING ON ITS BOUND (20.0525 in [20, 30]) — the optimum is outside the box, so this value is a property of the box, not the pedal. **
  ** clipSatLo is RESTING ON ITS BOUND (1.5 in [1.5, 4]) — the optimum is outside the box, so this value is a property of the box, not the pedal. **
  ** kInputRef is RESTING ON ITS BOUND (1.50882 in [0.4, 1.509]) — the optimum is outside the box, so this value is a property of the box, not the pedal. **

FITTED plug vs capture (tone_220): harmonic-to-harmonic ratios c/p (the objective),
plus H2 re-fund c/p for reference (NOT fit — bleed-contaminated).
drive  |     H3-H2 c/p |     H4-H2 c/p |     H5-H2 c/p |   (H2reF) c/p
min    | -23.2/-24.0 | -33.9/-36.3 | -50.4/-42.6 | -36.0/-45.9
9:30   | -21.0/-21.3 | -37.2/-36.2 | -49.1/-40.5 | -34.4/-43.4
noon   | -10.6/-11.6 | -19.7/-31.4 | -25.4/-26.9 | -31.4/-40.2
2:30   |   1.3/  1.8 |  -6.5/ -9.8 |  -0.8/ -1.1 | -31.9/-33.4
max    |   1.0/  6.6 |  -5.8/ -6.3 |   1.2/  7.5 | -30.0/-35.0

Step-4 gm-sensitivity of the fitted point (should be ~flat):

gm sensitivity of the fitted point (LOW-drive ratios flat = bleed-confound check):
   gm(mS) |    cost | min H3-H2/H4-H2 | 9:30 H3-H2/H4-H2 | noon H3-H2/H4-H2 | 2:30 H3-H2/H4-H2 | max H3-H2/H4-H2
    0.090 |   212.3 | -24.1/-36.0 | -22.1/-36.1 | -13.4/-32.5 |  +1.1/-10.9 |  +6.1/ -6.4
    0.120 |   229.0 | -23.5/-36.7 | -19.5/-36.1 |  -8.5/-28.9 |  +2.8/ -8.5 |  +7.3/ -6.1
    0.150 |   279.7 | -22.3/-37.1 | -16.6/-35.3 |  -4.9/-24.3 |  +3.9/ -7.5 |  +1.6/ -6.1
