/Users/leighpierce/Git/Obsidian-B7000/analysis/captures.py:288: WavFileWarning: Chunk (non-data) not understood, skipping it.
  sr, x = wavfile.read(path)
Capture targets (tone_220): harmonic-to-harmonic ratios (dB) are the objective;
H2 re-fund shown for reference only (NOT fit — it is bleed-contaminated).
  drive    H3-H2   H4-H2   H5-H2    (H2reF)
  min      -23.2   -33.9   -50.4      -36.0
  9:30     -21.0   -37.2   -49.1      -34.4
  noon     -10.6   -19.7   -25.4      -31.4
  2:30       1.3    -6.5    -0.8      -31.9
  max        1.0    -5.8     1.2      -30.0

Nominal cost = 5154.0
  start [0.2, 1.8, 0.5, 0.3, 28, 1.6, 1.9, 4.5] -> cost 71.8
  start [0.2, 1.2, 1.5, 0.4, 20, 1.9, 2.5, 5.5] -> cost 47.3
  start [0.3, 4.0, 1.0, 0.5, 25, 3.1, 3.9, 1.5] -> cost 811.9

Best cost = 47.3  (nominal 5154.0)
Fitted params:
  jfetSatPos        0.22014   (nominal 0.3)
  jfetSatNeg        0.91217   (nominal 4)
  jfetCeilPos        6.0841   (nominal 1)
  jfetCeilNeg        0.4619   (nominal 0.5)
  clipA0             24.138   (nominal 25)
  clipSatLo          1.9757   (nominal 3.15)
  clipSatHi           2.419   (nominal 3.85)
  driveTaperExp       5.4463   (nominal 1.5)
  held: jfetGm=0.0001, jfetRo=200000, jfetRq2=1e+06, levelTaperExp=2.25

Acceptance checks (phase7-calibration-handover.md, step 4):
  |a|*s          = 0.2008   (monotonicity coupling; a fitted a should be single-digit)
  min slope      = +5.958e-113   (>= 0; a fold-back is infeasible)
  clipA0         = 24.138   (circuit.md says 20-30)
  clipSatLo+Hi   = 4.395 V   (R19-dropped rail ~7 V)
  2*a*ceilNeg    = 0.843   (square law says ~1.0 — NOT constrained in the fit, so this is a real check)
  ceilNeg / s    = 2.10   (monotonicity needs >~ 1; resting AT 1 means the ceiling is on a constraint)
  held jfetGm    = 0.100 mS   (step-2 re-anchor; --gm-scan checks ratio sensitivity, band 0.09-0.15)

FITTED plug vs capture (tone_220): harmonic-to-harmonic ratios c/p (the objective),
plus H2 re-fund c/p for reference (NOT fit — bleed-contaminated).
drive  |     H3-H2 c/p |     H4-H2 c/p |     H5-H2 c/p |   (H2reF) c/p
min    | -23.2/-20.2 | -33.9/-35.9 | -50.4/-53.7 | -36.0/-49.8
9:30   | -21.0/-21.2 | -37.2/-34.9 | -49.1/-51.9 | -34.4/-41.5
noon   | -10.6/-12.4 | -19.7/-19.0 | -25.4/-21.0 | -31.4/-40.7
2:30   |   1.3/  2.9 |  -6.5/ -5.4 |  -0.8/ -4.1 | -31.9/-39.1
max    |   1.0/  2.3 |  -5.8/ -6.2 |   1.2/ -4.8 | -30.0/-38.0

Step-4 gm-sensitivity of the fitted point (should be ~flat):

gm sensitivity of the fitted point (ratios should be ~flat vs gm):
   gm(mS) |    cost | min H3-H2/H4-H2 | 9:30 H3-H2/H4-H2 | noon H3-H2/H4-H2 | 2:30 H3-H2/H4-H2 | max H3-H2/H4-H2
    0.090 |   453.2 | -20.0/-35.4 | -20.8/-34.6 | -17.1/-22.1 | +13.4/ +5.9 | +10.9/ +3.4
    0.120 |   297.2 | -20.5/-36.9 | -22.0/-35.4 |  -2.8/-10.5 |  -0.7/-12.8 |  -0.7/-13.1
    0.150 |   940.2 | -21.0/-38.6 | -23.5/-35.9 |  +9.5/ +1.6 |  +0.8/-11.3 |  +1.0/-11.0
