Session 13 step 6 — drive-max ladder (dense H2 vs level x frequency).
tones (110.0, 220.0, 440.0) Hz, levels -6..-60 dBFS (3 dB). capture: analysis/captures/jfet_ladder_drive-max.wav
sweep-anchor alignment lag: 2 samples
NOTE: drive != min — the differential below is NOT a JFET-static verdict (the clipper
is engaged here); it characterises the clipper + interference vs level for the reshape.

tone 110 Hz (Gpre -7.27, below corner):
   A_in  A_eff |  cap H2 capSNR |  mdl H2 | clip H2 | clean?
     -6  -13.3 |   -31.5      4 |   -19.2 |   -20.8 | no
     -9  -16.3 |   -33.1      5 |   -21.2 |   -23.0 | no
    -12  -19.3 |   -34.1      9 |   -24.6 |   -26.7 | no
    -15  -22.3 |   -34.8     14 |   -24.1 |   -25.4 | no
    -18  -25.3 |   -40.5     14 |   -23.0 |   -23.7 | no
    -21  -28.3 |   -64.5     -4 |   -26.2 |   -26.9 | no
    -24  -31.3 |   -49.6     17 |   -38.3 |   -41.6 | no
    -27  -34.3 |   -42.1     35 |   -45.7 |   -53.8 | yes
    -30  -37.3 |   -40.7     47 |   -50.1 |   -62.3 | yes
    -33  -40.3 |   -41.6     48 |   -53.8 |   -69.4 | yes
    -36  -43.3 |   -43.6     47 |   -57.1 |   -75.9 | yes
    -39  -46.3 |   -46.2     43 |   -60.4 |   -82.1 | yes
    -42  -49.3 |   -48.9     41 |   -63.5 |   -88.3 | yes
    -45  -52.3 |   -51.8     39 |   -66.6 |   -94.3 | yes
    -48  -55.3 |   -54.8     35 |   -69.7 |  -100.4 | yes
    -51  -58.3 |   -57.7     31 |   -72.7 |  -106.4 | yes
    -54  -61.3 |   -60.7     30 |   -75.8 |  -112.4 | yes
    -57  -64.3 |   -63.7     25 |   -78.8 |  -118.4 | yes
    -60  -67.3 |   -66.7     25 |   -81.8 |  -124.4 | yes
tone 220 Hz (Gpre -3.80, above corner):
   A_in  A_eff |  cap H2 capSNR |  mdl H2 | clip H2 | clean?
     -6   -9.8 |   -26.0     -2 |   -33.8 |   -27.0 | no
     -9  -12.8 |   -28.6     -4 |   -31.9 |   -28.0 | no
    -12  -15.8 |   -29.5     -5 |   -29.3 |   -26.5 | no
    -15  -18.8 |   -30.3     -5 |   -28.4 |   -26.1 | no
    -18  -21.8 |   -32.9     -5 |   -37.6 |   -30.9 | no
    -21  -24.8 |   -38.3     -6 |   -41.6 |   -43.7 | no
    -24  -27.8 |   -42.8      0 |   -40.8 |   -54.4 | no
    -27  -30.8 |   -40.3     17 |   -43.0 |   -62.5 | yes
    -30  -33.8 |   -42.8     20 |   -45.7 |   -69.5 | yes
    -33  -36.8 |   -47.4     22 |   -48.6 |   -75.9 | yes
    -36  -39.8 |   -47.7     33 |   -51.5 |   -82.1 | yes
    -39  -42.8 |   -48.2     41 |   -54.4 |   -88.3 | yes
    -42  -45.8 |   -49.8     41 |   -57.4 |   -94.3 | yes
    -45  -48.8 |   -52.1     37 |   -60.4 |  -100.3 | yes
    -48  -51.8 |   -54.7     35 |   -63.4 |  -106.4 | yes
    -51  -54.8 |   -57.6     32 |   -66.3 |  -112.4 | yes
    -54  -57.8 |   -60.5     30 |   -69.3 |  -118.4 | yes
    -57  -60.8 |   -63.5     27 |   -72.3 |  -124.4 | yes
    -60  -63.8 |   -66.4     23 |   -75.3 |  -130.4 | yes
tone 440 Hz (Gpre -1.89, above corner):
   A_in  A_eff |  cap H2 capSNR |  mdl H2 | clip H2 | clean?
     -6   -7.9 |   -28.1      5 |   -31.7 |   -37.7 | no
     -9  -10.9 |   -40.0    -18 |   -33.7 |   -33.8 | no
    -12  -13.9 |   -38.5    -18 |   -33.2 |   -30.5 | no
    -15  -16.9 |   -40.3    -21 |   -31.3 |   -28.0 | no
    -18  -19.9 |   -41.1    -22 |   -31.5 |   -27.5 | no
    -21  -22.9 |   -39.3    -19 |   -33.2 |   -32.6 | no
    -24  -25.9 |   -37.4    -12 |   -29.9 |   -42.9 | no
    -27  -28.9 |   -37.4     -2 |   -31.1 |   -52.0 | no
    -30  -31.9 |   -40.5      7 |   -33.6 |   -59.5 | no
    -33  -34.9 |   -46.1      9 |   -36.4 |   -66.2 | no
    -36  -37.9 |   -46.7     13 |   -39.3 |   -72.6 | yes
    -39  -40.9 |   -45.2     26 |   -42.3 |   -78.7 | yes
    -42  -43.9 |   -44.9     39 |   -45.2 |   -84.8 | yes
    -45  -46.9 |   -46.2     41 |   -48.2 |   -90.9 | yes
    -48  -49.9 |   -48.3     41 |   -51.2 |   -96.9 | yes
    -51  -52.9 |   -50.9     39 |   -54.2 |  -102.9 | yes
    -54  -55.9 |   -53.7     35 |   -57.2 |  -108.9 | yes
    -57  -58.9 |   -56.6     35 |   -60.2 |  -114.9 | yes
    -60  -61.9 |   -59.5     30 |   -63.2 |  -120.9 | yes

==============================================================================
DECISIVE — capture slope MINUS model slope, per frequency (clean pts only)
==============================================================================
    tone corner | A_eff -> (cap_slope - mdl_slope)
     110  below | -65.8->-0.01  -62.8->+0.00  -59.8->-0.02  -56.8->-0.02  -53.8->-0.04  -50.8->-0.07  -47.8->-0.13  -44.8->-0.23  -41.8->-0.45  -38.8->-0.90  -35.8->-1.95
     220  above | -62.3->-0.00  -59.3->-0.01  -56.3->-0.03  -53.3->-0.05  -50.3->-0.11  -47.3->-0.22  -44.3->-0.45  -41.3->-0.84  -38.3->-0.85  -35.3->+0.56  -32.3->-0.04
     440  above | -60.4->-0.02  -57.4->-0.03  -54.4->-0.07  -51.4->-0.14  -48.4->-0.28  -45.4->-0.57  -42.4->-1.08  -39.4->-1.50

  mean |cap-mdl slope|: below-corner +0.35 (n=11), above-corner +0.36 (n=19)

  (drive-noon: this is clipper/interference characterisation, not a static verdict —
   a large cap-mdl here just says the current clipper/ceiling fit is off at this drive,
   which is expected and is what the phase-aware reshape will address.)
