================================================================================================
GRUNT high-pass CORNER measurement -> independent clipA0 & clipC11 (session 17)
================================================================================================
Estimator: R_bf(f) = (Yboost-Ycut)/(Yflat-Ycut) = (Cboost-Ccut)/(Cflat-Ccut), a function
of ONLY (A0, C11). Bleed, blend, downstream chain, input sweep, JFET all cancel. Measured
at DRIVE-MIN (clipper ~linear), band [25, 1500] Hz, sweep 'sweep_drv_-18'.
Fixed: R16=6.8k R18=330k C14=220p  C12=47n C13=220n (schematic).  Fit clipA0=15.8 / clipC11=7.0nF; circuit.md A0 20-30.

------------------------------------------------------------------------------------------------
L-006 SELF-TEST — recover a KNOWN model (clipA0=22.0, clipC11=6.0nF)
------------------------------------------------------------------------------------------------
  Truth: A0=22.0, C11=6.0nF. Sweeping sweep segments to find the
  LINEAR one (lower level -> less clipping -> the difference is bleed-free AND clip-free):
           segment |   A0 cx  C11 cx |  A0 mag C11 mag | rms | verdict
   sweep_clean_-36 |   21.86    5.82 |   21.87    5.99 | 1.9e-03 | A0  0.6% C11  3.0%  OK
       sweep_clean |   21.54    5.59 |   21.49    6.22 | 3.5e-03 | A0  2.1% C11  6.8%  OK
     sweep_drv_-18 |   17.23    2.41 |   16.32    9.11 | 3.0e-02 | A0 21.7% C11 59.8%  biased
     sweep_drv_-12 |   11.13    1.00 |    8.63   11.21 | 7.6e-02 | A0 49.4% C11 83.3%  biased

  measured vs TRUE R_bf on 'sweep_clean_-36' (should match if the estimator is unbiased):
    f(Hz) |  |meas|  |true| | phase meas phase true
       97 |   1.844   1.849 |     -35.8d     -35.7d
      194 |   1.367   1.366 |     -25.4d     -25.4d
      389 |   1.192   1.198 |     -14.6d     -14.5d
      692 |   1.147   1.155 |      -8.6d      -8.6d
     1234 |   1.136   1.140 |      -4.9d      -5.1d
     1467 |   1.134   1.138 |      -4.2d      -4.4d
     1467 |   1.134   1.138 |      -4.2d      -4.4d

  SELF-TEST PASSED on 'sweep_clean_-36' — using it for the capture measurement below.

------------------------------------------------------------------------------------------------
MEASUREMENT — the REAL pedal's GRUNT corners
------------------------------------------------------------------------------------------------
  Using SWEEP_SEG='sweep_clean_-36' (self-test winner); also reporting the runner-up level.
  drive              seg |   A0 cx  A0 mag |  C11 cx C11 mag |  cut fc | rms   | rel-taus f/b
    min  sweep_clean_-36 |   16.07   41.70 |  100.00   86.94 |     61H | 2.3e-01 | +0.38/+2.90
        measured vs FITTED-model R_bf (|.| and phase):
              97Hz  |meas|  2.56 |mdl|  2.31   ph   -7.8 /  -11.8   w 0.60
             194Hz  |meas|  2.44 |mdl|  2.20   ph   -7.3 /   -6.3   w 1.00
             389Hz  |meas|  2.62 |mdl|  2.18   ph   -6.9 /   -3.2   w 0.34
             692Hz  |meas|  1.87 |mdl|  2.17   ph   +3.0 /   -1.8   w 0.26
            1234Hz  |meas|  1.58 |mdl|  2.17   ph  +13.6 /   -1.1   w 0.62
            1467Hz  |meas|  1.41 |mdl|  2.17   ph  +21.5 /   -0.9   w 0.67
            1467Hz  |meas|  1.41 |mdl|  2.17   ph  +21.5 /   -0.9   w 0.67
    min      sweep_clean |   31.34   41.97 |   85.15   79.71 |    110H | 2.7e-01 | +0.36/+0.40

   9:30  sweep_clean_-36 |   24.18   43.76 |  100.00   86.98 |     80H | 2.2e-01 | +1.01/+2.64
   9:30      sweep_clean |   20.32   45.00 |   93.74   73.79 |     76H | 2.3e-01 | +0.88/+2.65

================================================================================================
READ-OUT
================================================================================================
  A0:  drive-min 16.1   drive-9:30 24.2   (a LINEAR corner must NOT move with drive — agreement validates the read)
  C11: drive-min 100.00 nF   drive-9:30 100.00 nF

  vs the joint fit (clipA0 15.8, clipC11 7.0 nF) and circuit.md's A0 20-30 prior:
    - If measured A0 ~ 16 and C11 ~ 7 nF: the fit is CORROBORATED; the 20-30 prior is
      wrong for THIS unit (R19-dropped supply lowers the 4049 gain). Accept, then ship.
    - If measured A0 ~ 25 (in prior) and C11 larger: the fit's low A0 was compensating;
      re-fit with clipA0 fenced to [20,30] and C11 free.
    - If A0 disagrees between drives: the drive-min clipper was not linear enough or the
      alignment failed — do NOT trust either number; report and reconsider.
