====================================================================================================
SESSION-17 — DRIVE taper: scoring candidate curves against the session-16 measurement
====================================================================================================
  measured:  9:30 (x=0.25) R=65.13k   noon (x=0.50) R=25.36k   2:30 (x=0.75) R=6.27k
  endpoints PINNED by construction: R(0) = 100k, R(1) = 0
  per-knob effective exponent ln(g)/ln(u): [1.49  1.979 1.998]   <- the spread that prompted 'wrong family'

----------------------------------------------------------------------------------------------------
CANDIDATES — error at the three measured knob points
----------------------------------------------------------------------------------------------------
  curve                                        |          resistance err dB |          STAGE-GAIN err dB | max|gain|
                                               |     9:30     noon     2:30 |     9:30     noon     2:30 |
  power law u^p  [SHIPPED p=2.5]               |    -2.52    -3.13    -6.05 |    +1.98    +2.42    +2.99 |      2.99
  power law u^p  [LS p=1.977]                  |    -1.22    +0.01    +0.25 |    +0.95    -0.01    -0.14 |      0.95
  exp C-taper (b^u-1)/(b-1)  [b=8.66]          |    -1.82    -0.00    +3.46 |    +1.42    +0.00    -2.14 |      2.14
  Mobius u/(u+k(1-u))  [k=2.943]               |    -2.21    +0.00    +4.20 |    +1.73    +0.00    -2.63 |      2.63
  2-seg PWL [break u=0.395, g=0.099]           |    -0.32    +0.07    -0.00 |    +0.25    -0.05    +0.00 |      0.25

----------------------------------------------------------------------------------------------------
READING
----------------------------------------------------------------------------------------------------
  * The two REVERSE-LOG families — the ones the session-16 plan called for — are the WORST
    fits of any candidate here, worse than the plain power law they were meant to replace.
    The 'wrong shape family' inference does not hold: the measured curve is not less
    power-law-like than a C-taper, it is MORE so.
  * The shipped p = 2.5 is a wrong EXPONENT. Re-deriving it from the measurement gives
    p = 1.98, which cuts the worst stage-gain error from 2.99 dB to 0.95 dB.
  * The 2-segment piecewise-linear track — which is what a real log/reverse-log pot
    physically is — fits best, but it buys under a dB over the re-derived power law and
    costs a new curve shape in DriveStage.h. Not worth it unless a later measurement
    disagrees with the power law by more than that.

  ** RECOMMENDATION: driveTaperExp 2.5 -> 1.98, keeping the existing power-law
     curve. This is a one-constant change re-derived from a measurement, NOT a new fit
     against harmonic data — the exponent is read off the measured resistances only. **

  ⚠ ADOPT ONLY AS PART OF A RE-FIT. Session 16's drive_taper_gate.py showed the corrected
    taper delivers LESS level at noon and therefore moves the noon H3-H2 metric the WRONG
    way on its own. It is right as circuit modelling and wrong as a standalone change.
