Session 13 step 6 — drive-noon ladder (dense H2 vs level x frequency).
tones (110.0, 220.0, 440.0) Hz, levels -6..-60 dBFS (3 dB). capture: analysis/captures/jfet_ladder_drive-noon.wav
sweep-anchor alignment lag: 3 samples
NOTE: drive != min — the differential below is NOT a JFET-static verdict (the clipper
is engaged here); it characterises the clipper + interference vs level for the reshape.

tone 110 Hz (Gpre -7.27, below corner):
   A_in  A_eff |  cap H2 capSNR |  mdl H2 | clip H2 | clean?
     -6  -13.3 |   -30.0     47 |   -24.7 |   -26.4 | no
     -9  -16.3 |   -31.1     52 |   -30.4 |   -36.5 | no
    -12  -19.3 |   -32.9     52 |   -34.8 |   -51.2 | yes
    -15  -22.3 |   -35.4     54 |   -38.1 |   -60.8 | yes
    -18  -25.3 |   -38.2     50 |   -41.2 |   -68.3 | yes
    -21  -28.3 |   -41.0     49 |   -44.3 |   -75.0 | yes
    -24  -31.3 |   -44.0     45 |   -47.4 |   -81.3 | yes
    -27  -34.3 |   -47.0     43 |   -50.5 |   -87.5 | yes
    -30  -37.3 |   -49.9     38 |   -53.6 |   -93.6 | yes
    -33  -40.3 |   -52.9     37 |   -56.6 |   -99.6 | yes
    -36  -43.3 |   -55.9     33 |   -59.6 |  -105.7 | yes
    -39  -46.3 |   -58.9     32 |   -62.7 |  -111.7 | yes
    -42  -49.3 |   -61.9     27 |   -65.7 |  -117.7 | yes
    -45  -52.3 |   -64.9     25 |   -68.7 |  -123.6 | yes
    -48  -55.3 |   -67.9     21 |   -71.7 |  -129.6 | yes
    -51  -58.3 |   -70.9     20 |   -74.7 |  -135.5 | yes
    -54  -61.3 |   -74.0     15 |   -77.7 |  -141.3 | yes
    -57  -64.3 |   -76.9     13 |   -80.7 |  -146.9 | yes
    -60  -67.3 |   -79.9     10 |   -83.7 |  -152.2 | no
tone 220 Hz (Gpre -3.80, above corner):
   A_in  A_eff |  cap H2 capSNR |  mdl H2 | clip H2 | clean?
     -6   -9.8 |   -33.5     -2 |   -29.1 |   -40.8 | no
     -9  -12.8 |   -30.0     10 |   -28.8 |   -53.1 | no
    -12  -15.8 |   -30.1     24 |   -30.6 |   -62.0 | yes
    -15  -18.8 |   -32.2     35 |   -33.1 |   -69.3 | yes
    -18  -21.8 |   -35.0     44 |   -35.9 |   -76.0 | yes
    -21  -24.8 |   -38.0     50 |   -38.9 |   -82.3 | yes
    -24  -27.8 |   -41.0     50 |   -41.9 |   -88.4 | yes
    -27  -30.8 |   -44.0     44 |   -44.9 |   -94.5 | yes
    -30  -33.8 |   -47.0     43 |   -48.0 |  -100.5 | yes
    -33  -36.8 |   -50.0     39 |   -51.0 |  -106.6 | yes
    -36  -39.8 |   -53.0     38 |   -54.0 |  -112.6 | yes
    -39  -42.8 |   -56.0     33 |   -57.0 |  -118.6 | yes
    -42  -45.8 |   -59.0     32 |   -60.0 |  -124.6 | yes
    -45  -48.8 |   -62.0     26 |   -63.1 |  -130.6 | yes
    -48  -51.8 |   -65.0     27 |   -66.1 |  -136.5 | yes
    -51  -54.8 |   -68.0     22 |   -69.1 |  -142.4 | yes
    -54  -57.8 |   -71.0     21 |   -72.1 |  -148.2 | yes
    -57  -60.8 |   -74.0     15 |   -75.1 |  -153.8 | yes
    -60  -63.8 |   -77.0     15 |   -78.1 |  -159.3 | yes
tone 440 Hz (Gpre -1.89, above corner):
   A_in  A_eff |  cap H2 capSNR |  mdl H2 | clip H2 | clean?
     -6   -7.9 |   -29.5      4 |   -23.8 |   -36.4 | no
     -9  -10.9 |   -39.3     -5 |   -22.8 |   -44.9 | no
    -12  -13.9 |   -38.2      4 |   -23.1 |   -54.7 | no
    -15  -16.9 |   -38.0     18 |   -25.0 |   -62.8 | yes
    -18  -19.9 |   -38.5     25 |   -27.5 |   -69.8 | yes
    -21  -22.9 |   -39.5     35 |   -30.3 |   -76.2 | yes
    -24  -25.9 |   -41.2     45 |   -33.3 |   -82.5 | yes
    -27  -28.9 |   -43.4     48 |   -36.3 |   -88.6 | yes
    -30  -31.9 |   -46.0     43 |   -39.4 |   -94.6 | yes
    -33  -34.9 |   -48.8     42 |   -42.4 |  -100.7 | yes
    -36  -37.9 |   -51.7     39 |   -45.4 |  -106.7 | yes
    -39  -40.9 |   -54.6     37 |   -48.5 |  -112.7 | yes
    -42  -43.9 |   -57.6     31 |   -51.5 |  -118.7 | yes
    -45  -46.9 |   -60.6     31 |   -54.5 |  -124.7 | yes
    -48  -49.9 |   -63.6     27 |   -57.5 |  -130.7 | yes
    -51  -52.9 |   -66.6     25 |   -60.5 |  -136.7 | yes
    -54  -55.9 |   -69.6     20 |   -63.5 |  -142.6 | yes
    -57  -58.9 |   -72.6     19 |   -66.5 |  -148.8 | yes
    -60  -61.9 |   -75.6     13 |   -69.5 |  -154.9 | yes

==============================================================================
DECISIVE — capture slope MINUS model slope, per frequency (clean pts only)
==============================================================================
    tone corner | A_eff -> (cap_slope - mdl_slope)
     110  below | -62.8->-0.02  -59.8->+0.02  -56.8->-0.01  -53.8->-0.00  -50.8->-0.00  -47.8->-0.00  -44.8->-0.01  -41.8->-0.01  -38.8->-0.02  -35.8->-0.02  -32.8->-0.04  -29.8->-0.05  -26.8->-0.08  -23.8->-0.13  -20.8->-0.27
     220  above | -62.3->-0.00  -59.3->+0.00  -56.3->-0.00  -53.3->-0.01  -50.3->+0.00  -47.3->-0.00  -44.3->-0.00  -41.3->-0.01  -38.3->-0.01  -35.3->-0.01  -32.3->-0.01  -29.3->-0.01  -26.3->-0.00  -23.3->+0.00  -20.3->-0.01  -17.3->-0.12
     440  above | -60.4->-0.00  -57.4->-0.00  -54.4->-0.00  -51.4->-0.00  -48.4->-0.01  -45.4->-0.01  -42.4->-0.02  -39.4->-0.03  -36.4->-0.04  -33.4->-0.08  -30.4->-0.15  -27.4->-0.26  -24.4->-0.44  -21.4->-0.60  -18.4->-0.69

  mean |cap-mdl slope|: below-corner +0.05 (n=15), above-corner +0.08 (n=31)

  (drive-noon: this is clipper/interference characterisation, not a static verdict —
   a large cap-mdl here just says the current clipper/ceiling fit is off at this drive,
   which is expected and is what the phase-aware reshape will address.)
